Component: ARM Compiler 5.06 update 7 (build 960) Tool: armlink [4d3601]

==============================================================================

Section Cross References

    queue.o(.text) refers to port.o(.text) for vPortEnterCritical
    queue.o(.text) refers to tasks.o(.text) for xTaskRemoveFromEventList
    queue.o(.text) refers to list.o(.text) for vListInitialise
    queue.o(.text) refers to heap_4.o(.text) for pvPortMalloc
    queue.o(.text) refers to memcpya.o(.text) for __aeabi_memcpy
    tasks.o(.text) refers to list.o(.text) for vListInitialise
    tasks.o(.text) refers to port.o(.text) for vPortEnterCritical
    tasks.o(.text) refers to memseta.o(.text) for __aeabi_memset
    tasks.o(.text) refers to heap_4.o(.text) for pvPortMalloc
    tasks.o(.text) refers to tasks.o(.bss) for pxReadyTasksLists
    tasks.o(.text) refers to tasks.o(.data) for pxDelayedTaskList
    tasks.o(.text) refers to main.o(.text) for vApplicationStackOverflowHook
    port.o(.emb_text) refers to tasks.o(.text) for vTaskSwitchContext
    port.o(.emb_text) refers to tasks.o(.data) for pxCurrentTCB
    port.o(.text) refers to port.o(.emb_text) for __asm___6_port_c_39a90d8d__prvStartFirstTask
    port.o(.text) refers to tasks.o(.text) for xTaskIncrementTick
    port.o(.text) refers to port.o(.data) for uxCriticalNesting
    heap_4.o(.text) refers to tasks.o(.text) for vTaskSuspendAll
    heap_4.o(.text) refers to heap_4.o(.data) for xStart
    heap_4.o(.text) refers to heap_4.o(.bss) for ucHeap
    swm320_adc.o(.text) refers to system_swm320.o(.text) for PLLInit
    swm320_gpio.o(.text) refers to swm320_port.o(.text) for PORT_Init
    swm320_i2c.o(.text) refers to system_swm320.o(.data) for SystemCoreClock
    swm320_uart.o(.text) refers to system_swm320.o(.data) for SystemCoreClock
    swm320_flash.o(.text) refers to swm320_flash.o(.data) for IAP_Flash_Erase
    swm320_can.o(.text) refers to system_swm320.o(.data) for SystemCoreClock
    swm320_rtc.o(.text) refers to memcpya.o(.text) for __aeabi_memcpy4
    swm320_rtc.o(.text) refers to swm320_rtc.o(.constdata) for .constdata
    swm320_sdio.o(.text) refers to system_swm320.o(.data) for SystemCoreClock
    swm320_sdio.o(.text) refers to swm320_sdio.o(.bss) for SD_cardInfo
    system_swm320.o(.text) refers to swm320_flash.o(.text) for Flash_Param_at_xMHz
    system_swm320.o(.text) refers to system_swm320.o(.data) for SystemCoreClock
    startup_swm320.o(RESET) refers to startup_swm320.o(STACK) for __initial_sp
    startup_swm320.o(RESET) refers to startup_swm320.o(.text) for Reset_Handler
    startup_swm320.o(RESET) refers to main.o(.emb_text) for HardFault_Handler
    startup_swm320.o(RESET) refers to main.o(.text) for MemManage_Handler
    startup_swm320.o(RESET) refers to port.o(.emb_text) for SVC_Handler
    startup_swm320.o(RESET) refers to port.o(.text) for SysTick_Handler
    startup_swm320.o(RESET) refers to fk_drvp_uart.o(.text) for UART0_Handler
    startup_swm320.o(RESET) refers to fk_drvp_rtc.o(.text) for RTC_Handler
    startup_swm320.o(RESET) refers to fk_drvp_gpio.o(.text) for GPIOA_Handler
    startup_swm320.o(.text) refers to entry.o(.ARM.Collect$$$$00000000) for __main
    main.o(.emb_text) refers to main.o(.text) for HardFault_Handler_C
    main.o(.text) refers to printfa.o(i.__0printf) for __2printf
    main.o(.text) refers to start_task.o(.text) for myprintf
    main.o(.text) refers to swm320_port.o(.text) for PORT_Init
    main.o(.text) refers to swm320_uart.o(.text) for UART_Init
    main.o(.text) refers to system_swm320.o(.text) for SystemInit
    main.o(.text) refers to tasks.o(.text) for vTaskStartScheduler
    crtl_task.o(.text) refers to start_task.o(.text) for myprintf
    crtl_task.o(.text) refers to work.o(.text) for work_cycle_entry
    crtl_task.o(.text) refers to tasks.o(.text) for vTaskDelay
    crtl_task.o(.text) refers to crtl_task.o(.constdata) for __func__
    crtl_task.o(.text) refers to crtl_task.o(.data) for crtl_task_Handler
    listen_task.o(.text) refers to start_task.o(.text) for myprintf
    listen_task.o(.text) refers to tasks.o(.text) for vTaskDelay
    listen_task.o(.text) refers to listen_task.o(.constdata) for __func__
    listen_task.o(.text) refers to work_fuse.o(.data) for fuse
    listen_task.o(.text) refers to hlw80212.o(.data) for hlw_opt
    listen_task.o(.text) refers to listen_task.o(.data) for listen_task_Handler
    start_task.o(.text) refers to queue.o(.text) for xQueueCreateMutex
    start_task.o(.text) refers to printfa.o(i.__0printf) for __2printf
    start_task.o(.text) refers to work_data.o(.text) for work_data_init
    start_task.o(.text) refers to host_task.o(.text) for host_task_create
    start_task.o(.text) refers to listen_task.o(.text) for listen_task_create
    start_task.o(.text) refers to crtl_task.o(.text) for crtl_task_create
    start_task.o(.text) refers to tasks.o(.text) for vTaskDelay
    start_task.o(.text) refers to memcpya.o(.text) for __aeabi_memcpy4
[...]
    pulse                                    0x200000a8   Data           1  work_fuse.o(.data)
    do_fuse                                  0x200000ac   Data          12  work_fuse.o(.data)
    sta                                      0x200000bc   Data           1  work_fuse.o(.data)
    .data                                    0x200000c0   Section        8  work_cycle_reboot.o(.data)
    flag                                     0x200000c0   Data           1  work_cycle_reboot.o(.data)
    ntick                                    0x200000c4   Data           4  work_cycle_reboot.o(.data)
    .data                                    0x200000c8   Section       72  cmdline.o(.data)
    __cmd_list                               0x200000c8   Data          64  cmdline.o(.data)
    sta                                      0x2000010c   Data           4  cmdline.o(.data)
    .data                                    0x20000110   Section       56  led_board.o(.data)
    lsta                                     0x20000114   Data           4  led_board.o(.data)
    disp                                     0x20000118   Data           2  led_board.o(.data)
    led_map                                  0x2000011a   Data          14  led_board.o(.data)
    do_led_board_opt                         0x20000128   Data          20  led_board.o(.data)
    counter                                  0x20000140   Data           2  led_board.o(.data)
    o_tick                                   0x20000144   Data           4  led_board.o(.data)
    .data                                    0x20000148   Section       64  hlw80212.o(.data)
    pin_map                                  0x20000148   Data           2  hlw80212.o(.data)
    pulse                                    0x2000014c   Data           8  hlw80212.o(.data)
    last_tick                                0x20000154   Data           8  hlw80212.o(.data)
    ArgDat                                   0x2000015c   Data           4  hlw80212.o(.data)
    my_event                                 0x20000160   Data           8  hlw80212.o(.data)
    do_hlw_opt                               0x20000168   Data          12  hlw80212.o(.data)
    otick_cyc                                0x20000178   Data           4  hlw80212.o(.data)
    min_pulse                                0x2000017c   Data           8  hlw80212.o(.data)
    min_cntr                                 0x20000184   Data           4  hlw80212.o(.data)
    .data                                    0x20000188   Section       28  fk_drv_gpio.o(.data)
    do_drv_gpio                              0x20000188   Data          24  fk_drv_gpio.o(.data)
    .data                                    0x200001a4   Section       32  fk_drv_uart.o(.data)
    do_drv_uart                              0x200001a4   Data          28  fk_drv_uart.o(.data)
    .data                                    0x200001c4   Section       24  fk_drv_rtc.o(.data)
    do_drv_rtc                               0x200001c4   Data          20  fk_drv_rtc.o(.data)
    .data                                    0x200001dc   Section       20  fk_drv_wdg.o(.data)
    do_drv_wdt                               0x200001dc   Data          16  fk_drv_wdg.o(.data)
    .data                                    0x200001f0   Section     2132  fk_drvp_gpio.o(.data)
    swm32_pin_map                            0x200001f0   Data        2080  fk_drvp_gpio.o(.data)
    do_drvp_gpio                             0x20000a10   Data          24  fk_drvp_gpio.o(.data)
    init                                     0x20000a2c   Data           4  fk_drvp_gpio.o(.data)
    init                                     0x20000a30   Data           4  fk_drvp_gpio.o(.data)
    init                                     0x20000a34   Data           4  fk_drvp_gpio.o(.data)
    init                                     0x20000a38   Data           4  fk_drvp_gpio.o(.data)
    init                                     0x20000a3c   Data           4  fk_drvp_gpio.o(.data)
    init                                     0x20000a40   Data           4  fk_drvp_gpio.o(.data)
    .data                                    0x20000a44   Section       44  fk_drvp_uart.o(.data)
    uart_rx_callback                         0x20000a44   Data          16  fk_drvp_uart.o(.data)
    do_drvp_uart                             0x20000a54   Data          24  fk_drvp_uart.o(.data)
    .data                                    0x20000a70   Section       24  fk_drvp_rtc.o(.data)
    do_drvp_rtc                              0x20000a70   Data          20  fk_drvp_rtc.o(.data)
    .data                                    0x20000a88   Section       20  fk_drvp_wdg.o(.data)
    do_drvp_wdt                              0x20000a88   Data          16  fk_drvp_wdg.o(.data)
    .data                                    0x20000a9c   Section       16  utc.o(.data)
    do_utc_opt                               0x20000a9c   Data          12  utc.o(.data)
    .data                                    0x20000aac   Section        1  fal.o(.data)
    init_ok                                  0x20000aac   Data           1  fal.o(.data)
    .data                                    0x20000aad   Section        1  fal_flash.o(.data)
    init_ok                                  0x20000aad   Data           1  fal_flash.o(.data)
    .data                                    0x20000ab0   Section       12  fal_partition.o(.data)
    partition_table                          0x20000ab0   Data           4  fal_partition.o(.data)
    init_ok                                  0x20000ab4   Data           1  fal_partition.o(.data)
    partition_table_len                      0x20000ab8   Data           4  fal_partition.o(.data)
    .data                                    0x20000abc   Section        8  stropt.o(.data)
    do_stropt                                0x20000abc   Data           4  stropt.o(.data)
    .data                                    0x20000ac4   Section       16  lib_hc595.o(.data)
    do_hc595_opt                             0x20000ac4   Data          12  lib_hc595.o(.data)
    .data                                    0x20000ad4   Section       12  network.o(.data)
    m_wk_net                                 0x20000ad4   Data           4  network.o(.data)
    .data                                    0x20000ae0   Section       56  air7xx.o(.data)
    do_netdev_opt                            0x20000ae0   Data          52  air7xx.o(.data)
    .data                                    0x20000b18   Section       12  air7xx_work_connect_serv.o(.data)
    air_net_cycle                            0x20000b18   Data           4  air7xx_work_connect_serv.o(.data)
    air_msg_cycle                            0x20000b1c   Data           4  air7xx_work_connect_serv.o(.data)
    tlen                                     0x20000b20   Data           4  air7xx_work_connect_serv.o(.data)
    .data                                    0x20000b24   Section        4  air7xx_work_init_dev.o(.data)
    tlen                                     0x20000b24   Data           4  air7xx_work_init_dev.o(.data)
    .data                                    0x20000b28   Section        2  air7xx_work_rst_dev.o(.data)
    tlen                                     0x20000b28   Data           2  air7xx_work_rst_dev.o(.data)
    .data                                    0x20000b2c   Section       12  message.o(.data)
    get_time_flag                            0x20000b2c   Data           4  message.o(.data)
    otick                                    0x20000b30   Data           4  message.o(.data)
    otick                                    0x20000b34   Data           4  message.o(.data)
    .data                                    0x20000b38   Section       80  msg_cmd_analysis.o(.data)
    .data                                    0x20000b88   Section       28  msg_ctrl_to_net.o(.data)
    mq_local                                 0x20000b88   Data           4  msg_ctrl_to_net.o(.data)
    init_flag                                0x20000b8c   Data           1  msg_ctrl_to_net.o(.data)
    do_msg_ctn_opt                           0x20000b90   Data          16  msg_ctrl_to_net.o(.data)
    .data                                    0x20000ba4   Section       24  msg_net_to_ctrl.o(.data)
    mq_local                                 0x20000ba4   Data           4  msg_net_to_ctrl.o(.data)
    init_flag                                0x20000ba8   Data           1  msg_net_to_ctrl.o(.data)
    do_msg_ntc_opt                           0x20000bac   Data          12  msg_net_to_ctrl.o(.data)
    .data                                    0x20000bbc   Section        4  strtok_r.o(.data)
    state                                    0x20000bbc   Data           4  strtok_r.o(.data)
    .data                                    0x20000bc0   Section        4  stdout.o(.data)
    .data                                    0x20000bc4   Section        4  errno.o(.data)
    _errno                                   0x20000bc4   Data           4  errno.o(.data)
    .bss                                     0x20000bc8   Section      200  tasks.o(.bss)
    pxReadyTasksLists                        0x20000bc8   Data         100  tasks.o(.bss)
    xDelayedTaskList1                        0x20000c2c   Data          20  tasks.o(.bss)
    xDelayedTaskList2                        0x20000c40   Data          20  tasks.o(.bss)
    xPendingReadyList                        0x20000c54   Data          20  tasks.o(.bss)
    xTasksWaitingTermination                 0x20000c68   Data          20  tasks.o(.bss)
    xSuspendedTaskList                       0x20000c7c   Data          20  tasks.o(.bss)
    .bss                                     0x20000c90   Section    81920  heap_4.o(.bss)
    ucHeap                                   0x20000c90   Data       81920  heap_4.o(.bss)
    .bss                                     0x20014c90   Section      316  work_data.o(.bss)
    m_storage                                0x20014c90   Data          96  work_data.o(.bss)
    m_work                                   0x20014cf0   Data         220  work_data.o(.bss)
    .bss                                     0x20014dcc   Section      128  cmdline.o(.bss)
    .bss                                     0x20014e4c   Section       16  fk_drv_uart.o(.bss)
    lb_uart_rx                               0x20014e4c   Data          16  fk_drv_uart.o(.bss)
    .bss                                     0x20014e5c   Section      576  fk_drvp_gpio.o(.bss)
    gpio                                     0x20014e5c   Data          96  fk_drvp_gpio.o(.bss)
    gpio                                     0x20014ebc   Data          96  fk_drvp_gpio.o(.bss)
    gpio                                     0x20014f1c   Data          96  fk_drvp_gpio.o(.bss)
    gpio                                     0x20014f7c   Data          96  fk_drvp_gpio.o(.bss)
    gpio                                     0x20014fdc   Data          96  fk_drvp_gpio.o(.bss)
    gpio                                     0x2001503c   Data          96  fk_drvp_gpio.o(.bss)
    .bss                                     0x2001509c   Section       24  fk_drvp_rtc.o(.bss)
    m_rtc_dt                                 0x2001509c   Data          24  fk_drvp_rtc.o(.bss)
    .bss                                     0x200150b4   Section       20  fal_partition.o(.bss)
    part_flash_cache                         0x200150b4   Data          20  fal_partition.o(.bss)
    .bss                                     0x200150c8   Section       36  network.o(.bss)
    m_net_dev                                0x200150c8   Data          36  network.o(.bss)
    .bss                                     0x200150ec   Section      256  msg_ctrl_to_net.o(.bss)
    obuf                                     0x200150ec   Data         256  msg_ctrl_to_net.o(.bss)
    STACK                                    0x200151f0   Section     4096  startup_swm320.o(STACK)

    Global Symbols

    Symbol Name                              Value     Ov Type        Size  Object(Section)

    BuildAttributes$$THM_ISAv4$E$P$D$K$B$S$7EM$PE$A:L22UL41UL21$X:L11$S22US41US21$IEEE1$IW$USESV6$~STKCKD$USESV7$~SHL$OTIME$ROPI$IEEEJ$EBA8$MICROLIB$REQ8$PRES8$EABIv2 0x00000000   Number         0  anon$$obj.o ABSOLUTE
    __ARM_use_no_argv                        0x00000000   Number         0  main.o ABSOLUTE
    _printf_a                                0x00000000   Number         0  stubs.o ABSOLUTE
    _printf_c                                0x00000000   Number         0  stubs.o ABSOLUTE
    _printf_charcount                        0x00000000   Number         0  stubs.o ABSOLUTE
    _printf_d                                0x00000000   Number         0  stubs.o ABSOLUTE
    _printf_e                                0x00000000   Number         0  stubs.o ABSOLUTE
    _printf_f                                0x00000000   Number         0  stubs.o ABSOLUTE
    _printf_flags                            0x00000000   Number         0  stubs.o ABSOLUTE
    _printf_fp_dec                           0x00000000   Number         0  stubs.o ABSOLUTE
    _printf_fp_hex                           0x00000000   Number         0  stubs.o ABSOLUTE
    _printf_g                                0x00000000   Number         0  stubs.o ABSOLUTE
    _printf_i                                0x00000000   Number         0  stubs.o ABSOLUTE
    _printf_int_dec                          0x00000000   Number         0  stubs.o ABSOLUTE
    _printf_l                                0x00000000   Number         0  stubs.o ABSOLUTE
    _printf_lc                               0x00000000   Number         0  stubs.o ABSOLUTE
    _printf_ll                               0x00000000   Number         0  stubs.o ABSOLUTE
    _printf_lld                              0x00000000   Number         0  stubs.o ABSOLUTE
    _printf_lli                              0x00000000   Number         0  stubs.o ABSOLUTE
    _printf_llo                              0x00000000   Number         0  stubs.o ABSOLUTE
    _printf_llu                              0x00000000   Number         0  stubs.o ABSOLUTE
    _printf_llx                              0x00000000   Number         0  stubs.o ABSOLUTE
    _printf_longlong_dec                     0x00000000   Number         0  stubs.o ABSOLUTE
    _printf_longlong_hex                     0x00000000   Number         0  stubs.o ABSOLUTE
    _printf_longlong_oct                     0x00000000   Number         0  stubs.o ABSOLUTE
    _printf_ls                               0x00000000   Number         0  stubs.o ABSOLUTE
    _printf_mbtowc                           0x00000000   Number         0  stubs.o ABSOLUTE
    _printf_n                                0x00000000   Number         0  stubs.o ABSOLUTE
    _printf_o                                0x00000000   Number         0  stubs.o ABSOLUTE
    _printf_p                                0x00000000   Number         0  stubs.o ABSOLUTE
    _printf_percent                          0x00000000   Number         0  stubs.o ABSOLUTE
    _printf_pre_padding                      0x00000000   Number         0  stubs.o ABSOLUTE
    _printf_return_value                     0x00000000   Number         0  stubs.o ABSOLUTE
    _printf_s                                0x00000000   Number         0  stubs.o ABSOLUTE
    _printf_sizespec                         0x00000000   Number         0  stubs.o ABSOLUTE
    _printf_str                              0x00000000   Number         0  stubs.o ABSOLUTE
    _printf_truncate_signed                  0x00000000   Number         0  stubs.o ABSOLUTE
    _printf_truncate_unsigned                0x00000000   Number         0  stubs.o ABSOLUTE
    _printf_u                                0x00000000   Number         0  stubs.o ABSOLUTE
    _printf_wc                               0x00000000   Number         0  stubs.o ABSOLUTE
    _printf_wctomb                           0x00000000   Number         0  stubs.o ABSOLUTE
    _printf_widthprec                        0x00000000   Number         0  stubs.o ABSOLUTE
    _printf_x                                0x00000000   Number         0  stubs.o ABSOLUTE
    __arm_fini_                               - Undefined Weak Reference
    __cpp_initialize__aeabi_                  - Undefined Weak Reference
    __cxa_finalize                            - Undefined Weak Reference
    _clock_init                               - Undefined Weak Reference
    _microlib_exit                            - Undefined Weak Reference
    __Vectors_Size                           0x00000148   Number         0  startup_swm320.o ABSOLUTE
    __Vectors                                0x00011800   Data           4  startup_swm320.o(RESET)
    __Vectors_End                            0x00011948   Data           0  startup_swm320.o(RESET)
    __main                                   0x00011949   Thumb Code     0  entry.o(.ARM.Collect$$$$00000000)
    _main_stk                                0x00011949   Thumb Code     0  entry2.o(.ARM.Collect$$$$00000001)
    _main_scatterload                        0x0001194d   Thumb Code     0  entry5.o(.ARM.Collect$$$$00000004)
    __main_after_scatterload                 0x00011951   Thumb Code     0  entry5.o(.ARM.Collect$$$$00000004)
    _main_clock                              0x00011951   Thumb Code     0  entry7b.o(.ARM.Collect$$$$00000008)
    _main_cpp_init                           0x00011951   Thumb Code     0  entry8b.o(.ARM.Collect$$$$0000000A)
    _main_init                               0x00011951   Thumb Code     0  entry9a.o(.ARM.Collect$$$$0000000B)
    __rt_lib_shutdown_fini                   0x00011959   Thumb Code     0  entry12b.o(.ARM.Collect$$$$0000000E)
    __rt_final_cpp                           0x0001195d   Thumb Code     0  entry10a.o(.ARM.Collect$$$$0000000F)
    __rt_final_exit                          0x0001195d   Thumb Code     0  entry11a.o(.ARM.Collect$$$$00000011)
    SVC_Handler                              0x00011961   Thumb Code    32  port.o(.emb_text)
    __asm___6_port_c_39a90d8d__prvStartFirstTask 0x00011985   Thumb Code    28  port.o(.emb_text)
    PendSV_Handler                           0x000119a5   Thumb Code    72  port.o(.emb_text)
    vPortGetIPSR                             0x000119f1   Thumb Code     6  port.o(.emb_text)
    HardFault_Handler                        0x000119f9   Thumb Code    18  main.o(.emb_text)
    vListInitialise                          0x00011a0b   Thumb Code    26  list.o(.text)
    vListInitialiseItem                      0x00011a25   Thumb Code     6  list.o(.text)
    vListInsertEnd                           0x00011a2b   Thumb Code    24  list.o(.text)
    vListInsert                              0x00011a43   Thumb Code    52  list.o(.text)
    uxListRemove                             0x00011a77   Thumb Code    40  list.o(.text)
    xQueueGenericReset                       0x00011aa1   Thumb Code   122  queue.o(.text)
    xQueueGenericCreate                      0x00011b41   Thumb Code    56  queue.o(.text)
    xQueueGenericSend                        0x00011c91   Thumb Code   276  queue.o(.text)
    xQueueCreateMutex                        0x00011dc1   Thumb Code    34  queue.o(.text)
    xQueueGenericSendFromISR                 0x00011de3   Thumb Code   134  queue.o(.text)
    xQueueGiveFromISR                        0x00011e69   Thumb Code   124  queue.o(.text)
    xQueueGenericReceive                     0x00011f29   Thumb Code   342  queue.o(.text)
    xQueueReceiveFromISR                     0x0001207f   Thumb Code   130  queue.o(.text)
    xQueuePeekFromISR                        0x00012101   Thumb Code    74  queue.o(.text)
    uxQueueMessagesWaiting                   0x0001214b   Thumb Code    18  queue.o(.text)
    uxQueueSpacesAvailable                   0x0001215d   Thumb Code    24  queue.o(.text)
    uxQueueMessagesWaitingFromISR            0x00012175   Thumb Code     6  queue.o(.text)
    vQueueDelete                             0x0001217b   Thumb Code    14  queue.o(.text)
    xQueueIsQueueEmptyFromISR                0x00012189   Thumb Code    14  queue.o(.text)
    xQueueIsQueueFullFromISR                 0x00012197   Thumb Code    18  queue.o(.text)
    xTaskCreate                              0x00012319   Thumb Code    96  tasks.o(.text)
    vTaskDelete                              0x000123b5   Thumb Code   166  tasks.o(.text)
    xTaskIncrementTick                       0x0001245b   Thumb Code   238  tasks.o(.text)
    xTaskResumeAll                           0x00012549   Thumb Code   282  tasks.o(.text)
    vTaskSuspendAll                          0x000126df   Thumb Code    12  tasks.o(.text)
    vTaskDelayUntil                          0x000126eb   Thumb Code   106  tasks.o(.text)
    vTaskDelay                               0x00012755   Thumb Code    46  tasks.o(.text)
    uxTaskPriorityGet                        0x00012783   Thumb Code    30  tasks.o(.text)
    uxTaskPriorityGetFromISR                 0x000127a1   Thumb Code    52  tasks.o(.text)
    vTaskPrioritySet                         0x000127d5   Thumb Code   226  tasks.o(.text)
    vTaskSwitchContext                       0x000128b7   Thumb Code   132  tasks.o(.text)
    vTaskSuspend                             0x0001293b   Thumb Code   160  tasks.o(.text)
    vTaskResume                              0x00012a51   Thumb Code   104  tasks.o(.text)
    xTaskResumeFromISR                       0x00012ab9   Thumb Code   130  tasks.o(.text)
    vTaskStartScheduler                      0x00012bb1   Thumb Code    72  tasks.o(.text)
    vTaskEndScheduler                        0x00012bf9   Thumb Code    32  tasks.o(.text)
    xTaskGetTickCount                        0x00012c19   Thumb Code     6  tasks.o(.text)
    xTaskGetTickCountFromISR                 0x00012c1f   Thumb Code     8  tasks.o(.text)
    uxTaskGetNumberOfTasks                   0x00012c27   Thumb Code     6  tasks.o(.text)
    pcTaskGetName                            0x00012c2d   Thumb Code    20  tasks.o(.text)
    vTaskPlaceOnEventList                    0x00012c41   Thumb Code    28  tasks.o(.text)
    vTaskPlaceOnUnorderedEventList           0x00012c5d   Thumb Code    40  tasks.o(.text)
    xTaskRemoveFromEventList                 0x00012c85   Thumb Code   104  tasks.o(.text)
    xTaskRemoveFromUnorderedEventList        0x00012ced   Thumb Code    94  tasks.o(.text)
    vTaskSetTimeOutState                     0x00012d4b   Thumb Code    14  tasks.o(.text)
    xTaskCheckForTimeOut                     0x00012d59   Thumb Code    84  tasks.o(.text)
    vTaskMissedYield                         0x00012dad   Thumb Code     8  tasks.o(.text)
    uxTaskGetStackHighWaterMark              0x00012dcb   Thumb Code    34  tasks.o(.text)
    xTaskGetCurrentTaskHandle                0x00012ded   Thumb Code     6  tasks.o(.text)
    vTaskPriorityInherit                     0x00012df3   Thumb Code   238  tasks.o(.text)
    xTaskPriorityDisinherit                  0x00012ee1   Thumb Code   122  tasks.o(.text)
    uxTaskResetEventItemValue                0x00012f5b   Thumb Code    24  tasks.o(.text)
    pvTaskIncrementMutexHeldCount            0x00012f73   Thumb Code    26  tasks.o(.text)
    ulTaskNotifyTake                         0x00012f8d   Thumb Code   108  tasks.o(.text)
    xTaskNotifyWait                          0x00012ff9   Thumb Code   150  tasks.o(.text)
    xTaskGenericNotify                       0x0001308f   Thumb Code   178  tasks.o(.text)
    xTaskGenericNotifyFromISR                0x00013141   Thumb Code   228  tasks.o(.text)
    vTaskNotifyGiveFromISR                   0x00013225   Thumb Code   184  tasks.o(.text)
    xTaskNotifyStateClear                    0x000132dd   Thumb Code    48  tasks.o(.text)
    pxPortInitialiseStack                    0x0001332f   Thumb Code    30  port.o(.text)
    vPortSetupTimerInterrupt                 0x0001334d   Thumb Code    14  port.o(.text)
    xPortStartScheduler                      0x0001335b   Thumb Code    42  port.o(.text)
    vPortEndScheduler                        0x00013385   Thumb Code     2  port.o(.text)
    vPortEnterCritical                       0x00013387   Thumb Code    30  port.o(.text)
    vPortExitCritical                        0x000133a5   Thumb Code    28  port.o(.text)
    SysTick_Handler                          0x000133c1   Thumb Code    48  port.o(.text)
    pvPortMalloc                             0x000134c3   Thumb Code   188  heap_4.o(.text)
    vPortFree                                0x0001357f   Thumb Code    64  heap_4.o(.text)
    xPortGetFreeHeapSize                     0x000135bf   Thumb Code     6  heap_4.o(.text)
    xPortGetMinimumEverFreeHeapSize          0x000135c5   Thumb Code     6  heap_4.o(.text)
    vPortInitialiseBlocks                    0x000135cb   Thumb Code     2  heap_4.o(.text)
    EXTI_Close                               0x000135e5   Thumb Code    12  swm320_exti.o(.text)
    EXTI_Init                                0x000135f1   Thumb Code   136  swm320_exti.o(.text)
    EXTI_Open                                0x00013679   Thumb Code    12  swm320_exti.o(.text)
    EXTI_State                               0x00013685   Thumb Code    12  swm320_exti.o(.text)
    EXTI_RawState                            0x00013691   Thumb Code    12  swm320_exti.o(.text)
    EXTI_Clear                               0x0001369d   Thumb Code     8  swm320_exti.o(.text)
    GPIO_Init                                0x000136a5   Thumb Code   710  swm320_gpio.o(.text)
    GPIO_SetBit                              0x0001396b   Thumb Code    18  swm320_gpio.o(.text)
    GPIO_ClrBit                              0x0001397d   Thumb Code    18  swm320_gpio.o(.text)
    GPIO_InvBit                              0x0001398f   Thumb Code    32  swm320_gpio.o(.text)
    GPIO_GetBit                              0x000139af   Thumb Code    12  swm320_gpio.o(.text)
    GPIO_SetBits                             0x000139bb   Thumb Code    26  swm320_gpio.o(.text)
    GPIO_ClrBits                             0x000139d5   Thumb Code    26  swm320_gpio.o(.text)
    GPIO_InvBits                             0x000139ef   Thumb Code    26  swm320_gpio.o(.text)
    GPIO_GetBits                             0x00013a09   Thumb Code    24  swm320_gpio.o(.text)
    GPIO_AtomicSetBits                       0x00013a21   Thumb Code    30  swm320_gpio.o(.text)
    GPIO_AtomicClrBits                       0x00013a3f   Thumb Code    30  swm320_gpio.o(.text)
    GPIO_AtomicInvBits                       0x00013a5d   Thumb Code    30  swm320_gpio.o(.text)
    UART_Close                               0x00013aa1   Thumb Code    10  swm320_uart.o(.text)
    UART_Init                                0x00013aab   Thumb Code   454  swm320_uart.o(.text)
    UART_Open                                0x00013c71   Thumb Code    10  swm320_uart.o(.text)
    UART_WriteByte                           0x00013c7b   Thumb Code     4  swm320_uart.o(.text)
    UART_ReadByte                            0x00013c7f   Thumb Code    24  swm320_uart.o(.text)
    UART_IsTXBusy                            0x00013c97   Thumb Code    14  swm320_uart.o(.text)
    UART_IsRXFIFOEmpty                       0x00013ca5   Thumb Code    12  swm320_uart.o(.text)
    UART_IsTXFIFOFull                        0x00013cb1   Thumb Code    10  swm320_uart.o(.text)
    UART_SetBaudrate                         0x00013cbb   Thumb Code    28  swm320_uart.o(.text)
    UART_GetBaudrate                         0x00013cd7   Thumb Code    22  swm320_uart.o(.text)
    UART_CTSConfig                           0x00013ced   Thumb Code    22  swm320_uart.o(.text)
    UART_CTSLineState                        0x00013d03   Thumb Code    10  swm320_uart.o(.text)
    UART_RTSConfig                           0x00013d0d   Thumb Code    28  swm320_uart.o(.text)
    UART_RTSLineState                        0x00013d29   Thumb Code    10  swm320_uart.o(.text)
    UART_LINConfig                           0x00013d33   Thumb Code    22  swm320_uart.o(.text)
    UART_LINGenerate                         0x00013d49   Thumb Code    10  swm320_uart.o(.text)
    UART_LINIsDetected                       0x00013d53   Thumb Code    10  swm320_uart.o(.text)
    UART_LINIsGenerated                      0x00013d5d   Thumb Code    10  swm320_uart.o(.text)
    UART_ABRStart                            0x00013d67   Thumb Code    90  swm320_uart.o(.text)
    UART_ABRIsDone                           0x00013dc1   Thumb Code    30  swm320_uart.o(.text)
    UART_INTEn                               0x00013ddf   Thumb Code     8  swm320_uart.o(.text)
    UART_INTDis                              0x00013de7   Thumb Code     8  swm320_uart.o(.text)
    UART_INTStat                             0x00013def   Thumb Code    66  swm320_uart.o(.text)
    WDT_Stop                                 0x00013e65   Thumb Code    10  swm320_wdt.o(.text)
    WDT_Init                                 0x00013e6f   Thumb Code   100  swm320_wdt.o(.text)
    WDT_Start                                0x00013ed3   Thumb Code    10  swm320_wdt.o(.text)
    WDT_Feed                                 0x00013edd   Thumb Code     6  swm320_wdt.o(.text)
    WDT_GetValue                             0x00013ee3   Thumb Code     6  swm320_wdt.o(.text)
    WDT_INTClr                               0x00013ee9   Thumb Code     6  swm320_wdt.o(.text)
    WDT_INTStat                              0x00013eef   Thumb Code     6  swm320_wdt.o(.text)
    FLASH_Erase                              0x00013ef9   Thumb Code    24  swm320_flash.o(.text)
    FLASH_Write                              0x00013f11   Thumb Code    54  swm320_flash.o(.text)
    Flash_Param_at_xMHz                      0x00013f47   Thumb Code    88  swm320_flash.o(.text)
    PORT_Init                                0x00013fc1   Thumb Code  1596  swm320_port.o(.text)
    RTC_Stop                                 0x000146a7   Thumb Code     6  swm320_rtc.o(.text)
    RTC_Init                                 0x000146ad   Thumb Code   162  swm320_rtc.o(.text)
    RTC_Start                                0x0001474f   Thumb Code     6  swm320_rtc.o(.text)
    RTC_GetDateTime                          0x00014755   Thumb Code    58  swm320_rtc.o(.text)
    RTC_AlarmSetup                           0x0001478f   Thumb Code    84  swm320_rtc.o(.text)
    RTC_IntSecondEn                          0x000147e3   Thumb Code    10  swm320_rtc.o(.text)
    RTC_IntSecondDis                         0x000147ed   Thumb Code    10  swm320_rtc.o(.text)
    RTC_IntSecondClr                         0x000147f7   Thumb Code     6  swm320_rtc.o(.text)
    RTC_IntSecondStat                        0x000147fd   Thumb Code    10  swm320_rtc.o(.text)
    RTC_IntMinuteEn                          0x00014807   Thumb Code    10  swm320_rtc.o(.text)
    RTC_IntMinuteDis                         0x00014811   Thumb Code    10  swm320_rtc.o(.text)
    RTC_IntMinuteClr                         0x0001481b   Thumb Code     6  swm320_rtc.o(.text)
    RTC_IntMinuteStat                        0x00014821   Thumb Code    10  swm320_rtc.o(.text)
    RTC_IntHourEn                            0x0001482b   Thumb Code    10  swm320_rtc.o(.text)
    RTC_IntHourDis                           0x00014835   Thumb Code    10  swm320_rtc.o(.text)
    RTC_IntHourClr                           0x0001483f   Thumb Code     6  swm320_rtc.o(.text)
    RTC_IntHourStat                          0x00014845   Thumb Code    10  swm320_rtc.o(.text)
    RTC_IntDateEn                            0x0001484f   Thumb Code    10  swm320_rtc.o(.text)
    RTC_IntDateDis                           0x00014859   Thumb Code    10  swm320_rtc.o(.text)
    RTC_IntDateClr                           0x00014863   Thumb Code     6  swm320_rtc.o(.text)
    RTC_IntDateStat                          0x00014869   Thumb Code    10  swm320_rtc.o(.text)
    RTC_IntAlarmEn                           0x00014873   Thumb Code    10  swm320_rtc.o(.text)
    RTC_IntAlarmDis                          0x0001487d   Thumb Code    10  swm320_rtc.o(.text)
    RTC_IntAlarmClr                          0x00014887   Thumb Code     6  swm320_rtc.o(.text)
    RTC_IntAlarmStat                         0x0001488d   Thumb Code    10  swm320_rtc.o(.text)
    SystemCoreClockUpdate                    0x000148bd   Thumb Code   164  system_swm320.o(.text)
    PLLInit                                  0x00014999   Thumb Code    74  system_swm320.o(.text)
    switchCLK_PLL                            0x000149e3   Thumb Code    42  system_swm320.o(.text)
    switchCLK_XTAL                           0x00014a0d   Thumb Code    44  system_swm320.o(.text)
    switchCLK_32KHz                          0x00014a39   Thumb Code    62  system_swm320.o(.text)
    switchCLK_40MHz                          0x00014a77   Thumb Code    40  system_swm320.o(.text)
    switchCLK_20MHz                          0x00014a9f   Thumb Code    40  system_swm320.o(.text)
    SystemInit                               0x00014ac7   Thumb Code   160  system_swm320.o(.text)
    Reset_Handler                            0x00014b99   Thumb Code     4  startup_swm320.o(.text)
    NMI_Handler                              0x00014b9d   Thumb Code     2  startup_swm320.o(.text)
    DebugMon_Handler                         0x00014ba9   Thumb Code     2  startup_swm320.o(.text)
    GPIOA0_Handler                           0x00014baf   Thumb Code     2  startup_swm320.o(.text)
    GPIOA1_Handler                           0x00014bb1   Thumb Code     2  startup_swm320.o(.text)
    GPIOA2_Handler                           0x00014bb3   Thumb Code     2  startup_swm320.o(.text)
    GPIOA3_Handler                           0x00014bb5   Thumb Code     2  startup_swm320.o(.text)
    GPIOA4_Handler                           0x00014bb7   Thumb Code     2  startup_swm320.o(.text)
    GPIOA5_Handler                           0x00014bb9   Thumb Code     2  startup_swm320.o(.text)
    GPIOA6_Handler                           0x00014bbb   Thumb Code     2  startup_swm320.o(.text)
    GPIOA7_Handler                           0x00014bbd   Thumb Code     2  startup_swm320.o(.text)
    GPIOB0_Handler                           0x00014bbf   Thumb Code     2  startup_swm320.o(.text)
    GPIOB1_Handler                           0x00014bc1   Thumb Code     2  startup_swm320.o(.text)
    GPIOB2_Handler                           0x00014bc3   Thumb Code     2  startup_swm320.o(.text)
    GPIOB3_Handler                           0x00014bc5   Thumb Code     2  startup_swm320.o(.text)
    GPIOB4_Handler                           0x00014bc7   Thumb Code     2  startup_swm320.o(.text)
    GPIOB5_Handler                           0x00014bc9   Thumb Code     2  startup_swm320.o(.text)
    GPIOB6_Handler                           0x00014bcb   Thumb Code     2  startup_swm320.o(.text)
    GPIOB7_Handler                           0x00014bcd   Thumb Code     2  startup_swm320.o(.text)
    GPIOC0_Handler                           0x00014bcf   Thumb Code     2  startup_swm320.o(.text)
    GPIOC1_Handler                           0x00014bd1   Thumb Code     2  startup_swm320.o(.text)
    GPIOC2_Handler                           0x00014bd3   Thumb Code     2  startup_swm320.o(.text)
    GPIOC3_Handler                           0x00014bd5   Thumb Code     2  startup_swm320.o(.text)
    GPIOC4_Handler                           0x00014bd7   Thumb Code     2  startup_swm320.o(.text)
    GPIOC5_Handler                           0x00014bd9   Thumb Code     2  startup_swm320.o(.text)
    GPIOC6_Handler                           0x00014bdb   Thumb Code     2  startup_swm320.o(.text)
    GPIOC7_Handler                           0x00014bdd   Thumb Code     2  startup_swm320.o(.text)
    GPIOM0_Handler                           0x00014bdf   Thumb Code     2  startup_swm320.o(.text)
    GPIOM1_Handler                           0x00014be1   Thumb Code     2  startup_swm320.o(.text)
    GPIOM2_Handler                           0x00014be3   Thumb Code     2  startup_swm320.o(.text)
    GPIOM3_Handler                           0x00014be5   Thumb Code     2  startup_swm320.o(.text)
    GPIOM4_Handler                           0x00014be7   Thumb Code     2  startup_swm320.o(.text)
    GPIOM5_Handler                           0x00014be9   Thumb Code     2  startup_swm320.o(.text)
    GPIOM6_Handler                           0x00014beb   Thumb Code     2  startup_swm320.o(.text)
    GPIOM7_Handler                           0x00014bed   Thumb Code     2  startup_swm320.o(.text)
    DMA_Handler                              0x00014bef   Thumb Code     2  startup_swm320.o(.text)
    LCD_Handler                              0x00014bf1   Thumb Code     2  startup_swm320.o(.text)
    NORFLC_Handler                           0x00014bf3   Thumb Code     2  startup_swm320.o(.text)
    CAN_Handler                              0x00014bf5   Thumb Code     2  startup_swm320.o(.text)
    PULSE_Handler                            0x00014bf7   Thumb Code     2  startup_swm320.o(.text)
    WDT_Handler                              0x00014bf9   Thumb Code     2  startup_swm320.o(.text)
    PWM_Handler                              0x00014bfb   Thumb Code     2  startup_swm320.o(.text)
    I2C0_Handler                             0x00014c05   Thumb Code     2  startup_swm320.o(.text)
    I2C1_Handler                             0x00014c07   Thumb Code     2  startup_swm320.o(.text)
    SPI0_Handler                             0x00014c09   Thumb Code     2  startup_swm320.o(.text)
    ADC0_Handler                             0x00014c0b   Thumb Code     2  startup_swm320.o(.text)
    BOD_Handler                              0x00014c0f   Thumb Code     2  startup_swm320.o(.text)
    SDIO_Handler                             0x00014c11   Thumb Code     2  startup_swm320.o(.text)
    ADC1_Handler                             0x00014c1f   Thumb Code     2  startup_swm320.o(.text)
    FPU_Handler                              0x00014c21   Thumb Code     2  startup_swm320.o(.text)
    SPI1_Handler                             0x00014c23   Thumb Code     2  startup_swm320.o(.text)
    TIMR0_Handler                            0x00014c25   Thumb Code     2  startup_swm320.o(.text)
    TIMR1_Handler                            0x00014c27   Thumb Code     2  startup_swm320.o(.text)
    TIMR2_Handler                            0x00014c29   Thumb Code     2  startup_swm320.o(.text)
    TIMR3_Handler                            0x00014c2b   Thumb Code     2  startup_swm320.o(.text)
    TIMR4_Handler                            0x00014c2d   Thumb Code     2  startup_swm320.o(.text)
    TIMR5_Handler                            0x00014c2f   Thumb Code     2  startup_swm320.o(.text)
    HardFault_Handler_C                      0x00014c35   Thumb Code   176  main.o(.text)
    MemManage_Handler                        0x00014ce5   Thumb Code    10  main.o(.text)
    BusFault_Handler                         0x00014cef   Thumb Code    10  main.o(.text)
    UsageFault_Handler                       0x00014cf9   Thumb Code    10  main.o(.text)
    vApplicationStackOverflowHook            0x00014d03   Thumb Code    14  main.o(.text)
    SerialInit                               0x00014d11   Thumb Code    62  main.o(.text)
    main                                     0x00014d4f   Thumb Code    34  main.o(.text)
    fputc                                    0x00014d71   Thumb Code    30  main.o(.text)
    crtl_task                                0x00014ed1   Thumb Code    22  crtl_task.o(.text)
    crtl_task_create                         0x00014ee7   Thumb Code    34  crtl_task.o(.text)
    listen_task                              0x00014f29   Thumb Code    34  listen_task.o(.text)
    listen_task_create                       0x00014f4b   Thumb Code    36  listen_task.o(.text)
    cslock_init                              0x00014f99   Thumb Code    50  start_task.o(.text)
    start_task                               0x00014fcb   Thumb Code   254  start_task.o(.text)
    start_taks_create                        0x000150c9   Thumb Code    34  start_task.o(.text)
    cslock_get                               0x000150eb   Thumb Code    30  start_task.o(.text)
    cslock_free                              0x00015109   Thumb Code    28  start_task.o(.text)
    myprintf                                 0x00015125   Thumb Code    60  start_task.o(.text)
    host_task                                0x000151b9   Thumb Code    32  host_task.o(.text)
    host_task_create                         0x000151d9   Thumb Code    34  host_task.o(.text)
    work_cycle_entry                         0x00015221   Thumb Code    16  work.o(.text)
    work_data_init                           0x0001538b   Thumb Code    52  work_data.o(.text)
    work_data_write                          0x000153bf   Thumb Code    50  work_data.o(.text)
    init                                     0x00015483   Thumb Code    16  work_fuse.o(.text)
    work                                     0x00015493   Thumb Code   210  work_fuse.o(.text)
    work_deal_order                          0x00015585   Thumb Code   278  work _deal_order.o(.text)
    work_cycle_reboot                        0x00015701   Thumb Code   244  work_cycle_reboot.o(.text)
    work_sock_ctrl                           0x00015d47   Thumb Code    22  work_sock_ctrl.o(.text)
    cmd_cat_data                             0x00015d5d   Thumb Code   232  work_debug.o(.text)
    cmd_config                               0x00015e45   Thumb Code   500  work_debug.o(.text)
    cmd_ota                                  0x00016039   Thumb Code    52  work_debug.o(.text)
    cmd_ctrl                                 0x0001606d   Thumb Code   704  work_debug.o(.text)
    cmd_test                                 0x00016351   Thumb Code    40  cmdline.o(.text)
    cmd_clear                                0x00016379   Thumb Code    18  cmdline.o(.text)
    cmd_help                                 0x00016393   Thumb Code    60  cmdline.o(.text)
    cmd_reboot                               0x000163cf   Thumb Code    60  cmdline.o(.text)
    cmd_line_work                            0x0001640b   Thumb Code   344  cmdline.o(.text)
    GPIOA_Handler                            0x00016dc5   Thumb Code   100  fk_drvp_gpio.o(.text)
    GPIOB_Handler                            0x00016e29   Thumb Code   100  fk_drvp_gpio.o(.text)
    GPIOC_Handler                            0x00016e8d   Thumb Code   100  fk_drvp_gpio.o(.text)
    GPIOM_Handler                            0x00016ef1   Thumb Code   100  fk_drvp_gpio.o(.text)
    GPION_Handler                            0x00016f55   Thumb Code   168  fk_drvp_gpio.o(.text)
    GPIOP_Handler                            0x00016ffd   Thumb Code   100  fk_drvp_gpio.o(.text)
    UART0_Handler                            0x00017263   Thumb Code    56  fk_drvp_uart.o(.text)
    UART1_Handler                            0x0001729b   Thumb Code    60  fk_drvp_uart.o(.text)
    UART2_Handler                            0x000172d7   Thumb Code    60  fk_drvp_uart.o(.text)
    UART3_Handler                            0x00017313   Thumb Code    60  fk_drvp_uart.o(.text)
    rtc_time_to_utc                          0x000173d1   Thumb Code    26  fk_drvp_rtc.o(.text)
    RTC_Handler                              0x000173eb   Thumb Code    48  fk_drvp_rtc.o(.text)
    my_malloc                                0x000174dd   Thumb Code    12  loopbuf.o(.text)
    my_free                                  0x000174e9   Thumb Code    12  loopbuf.o(.text)
    my_memcpy                                0x000174f5   Thumb Code    20  loopbuf.o(.text)
    loopbuf_init                             0x00017509   Thumb Code    52  loopbuf.o(.text)
    loopbuf_free                             0x0001753d   Thumb Code    24  loopbuf.o(.text)
    loopbuf_write                            0x00017555   Thumb Code   140  loopbuf.o(.text)
    loopbuf_read                             0x000175e1   Thumb Code   136  loopbuf.o(.text)
    loopbuf_reset                            0x00017669   Thumb Code     8  loopbuf.o(.text)
    fal_init                                 0x000178cd   Thumb Code    98  fal.o(.text)
    fal_init_check                           0x0001792f   Thumb Code     6  fal.o(.text)
    fal_flash_init                           0x000179e5   Thumb Code   186  fal_flash.o(.text)
    fal_flash_device_find                    0x00017a9f   Thumb Code    78  fal_flash.o(.text)
    fal_show_part_table                      0x00017b9d   Thumb Code   254  fal_partition.o(.text)
    fal_partition_init                       0x00017d27   Thumb Code    60  fal_partition.o(.text)
    fal_partition_find                       0x00017d63   Thumb Code    70  fal_partition.o(.text)
    fal_get_partition_table                  0x00017df3   Thumb Code    52  fal_partition.o(.text)
    fal_set_partition_table_temp             0x00017e27   Thumb Code    60  fal_partition.o(.text)
    fal_partition_read                       0x00017e63   Thumb Code   872  fal_partition.o(.text)
    fal_partition_write                      0x000181cb   Thumb Code   214  fal_partition.o(.text)
    fal_partition_erase                      0x000182a1   Thumb Code   186  fal_partition.o(.text)
    fal_partition_erase_all                  0x0001835b   Thumb Code    16  fal_partition.o(.text)
    network_entry                            0x00018751   Thumb Code   408  network.o(.text)
    air_create_dev                           0x0001890d   Thumb Code    76  air7xx_base_opt.o(.text)
    air_clr_sta                              0x00018959   Thumb Code    12  air7xx_base_opt.o(.text)
    air_clr_rxbuf                            0x00018965   Thumb Code    20  air7xx_base_opt.o(.text)
    air_clr_txbuf                            0x00018979   Thumb Code    20  air7xx_base_opt.o(.text)
    air_ptf_txbuf                            0x00018a43   Thumb Code    22  air7xx_base_opt.o(.text)
    air_ptf_rxbuf                            0x00018a59   Thumb Code    22  air7xx_base_opt.o(.text)
    air_send_str                             0x00018a6f   Thumb Code    44  air7xx_base_opt.o(.text)
    air_deal_cmd_timeout                     0x00018a9b   Thumb Code   132  air7xx_base_opt.o(.text)
    air_install_net_cycle                    0x00018b89   Thumb Code    10  air7xx_work_connect_serv.o(.text)
    air_install_msg_cycle                    0x00018b93   Thumb Code    10  air7xx_work_connect_serv.o(.text)
    air_work_connect_serv                    0x00018b9d   Thumb Code  1716  air7xx_work_connect_serv.o(.text)
    air_work_init_dev                        0x00019291   Thumb Code  5312  air7xx_work_init_dev.o(.text)
    wait_ready                               0x0001a77d   Thumb Code    78  air7xx_work_rst_dev.o(.text)
    air_work_rst_dev                         0x0001a7cb   Thumb Code   662  air7xx_work_rst_dev.o(.text)
    clr_get_time_flag                        0x0001aaa1   Thumb Code     8  message.o(.text)
    set_get_time_flag                        0x0001aaa9   Thumb Code     8  message.o(.text)
    cat_get_time_flag                        0x0001aab1   Thumb Code     6  message.o(.text)
    get_net_time                             0x0001aab7   Thumb Code    94  message.o(.text)
    net_cycle                                0x0001ab79   Thumb Code    66  message.o(.text)
    msg_cycle                                0x0001abbb   Thumb Code    84  message.o(.text)
    dump_rtc_by_str                          0x0001acc9   Thumb Code   246  msg_cmd_analysis.o(.text)
    get_srv_cmd_list_len                     0x0001b01b   Thumb Code     4  msg_cmd_analysis.o(.text)
    get_srv_cmd_list                         0x0001b01f   Thumb Code     4  msg_cmd_analysis.o(.text)
    __aeabi_uldivmod                         0x0001b411   Thumb Code    98  uldiv.o(.text)
    __aeabi_memcpy                           0x0001b473   Thumb Code    36  memcpya.o(.text)
    __aeabi_memcpy4                          0x0001b473   Thumb Code     0  memcpya.o(.text)
    __aeabi_memcpy8                          0x0001b473   Thumb Code     0  memcpya.o(.text)
    __aeabi_memset                           0x0001b497   Thumb Code    14  memseta.o(.text)
    __aeabi_memset4                          0x0001b497   Thumb Code     0  memseta.o(.text)
    __aeabi_memset8                          0x0001b497   Thumb Code     0  memseta.o(.text)
    __aeabi_memclr                           0x0001b4a5   Thumb Code     4  memseta.o(.text)
    __aeabi_memclr4                          0x0001b4a5   Thumb Code     0  memseta.o(.text)
    __aeabi_memclr8                          0x0001b4a5   Thumb Code     0  memseta.o(.text)
    _memset$wrapper                          0x0001b4a9   Thumb Code    18  memseta.o(.text)
    strstr                                   0x0001b4bb   Thumb Code    36  strstr.o(.text)
    strlen                                   0x0001b4df   Thumb Code    14  strlen.o(.text)
    strcmp                                   0x0001b4ed   Thumb Code    28  strcmp.o(.text)
    strncmp                                  0x0001b509   Thumb Code    30  strncmp.o(.text)
    strtok_r                                 0x0001b529   Thumb Code    60  strtok_r.o(.text)
    _strtok$wrapper                          0x0001b565   Thumb Code     4  strtok_r.o(.text)
    atoi                                     0x0001b56d   Thumb Code    26  atoi.o(.text)
    atol                                     0x0001b587   Thumb Code    26  atol.o(.text)
    __aeabi_fmul                             0x0001b5a1   Thumb Code   100  fmul.o(.text)
    __aeabi_fdiv                             0x0001b605   Thumb Code   124  fdiv.o(.text)
    __aeabi_dmul                             0x0001b681   Thumb Code   228  dmul.o(.text)
    __aeabi_ddiv                             0x0001b765   Thumb Code   222  ddiv.o(.text)
    __aeabi_ui2f                             0x0001b843   Thumb Code    10  ffltui.o(.text)
    __aeabi_ui2d                             0x0001b84d   Thumb Code    26  dfltui.o(.text)
    __aeabi_f2uiz                            0x0001b867   Thumb Code    40  ffixui.o(.text)
    __aeabi_d2uiz                            0x0001b88f   Thumb Code    50  dfixui.o(.text)
    __aeabi_f2d                              0x0001b8c1   Thumb Code    38  f2d.o(.text)
    __aeabi_d2f                              0x0001b8e7   Thumb Code    56  d2f.o(.text)
    __aeabi_cfrcmple                         0x0001b921   Thumb Code    20  cfrcmple.o(.text)
    __aeabi_uidiv                            0x0001b935   Thumb Code     0  uidiv.o(.text)
    __aeabi_uidivmod                         0x0001b935   Thumb Code    44  uidiv.o(.text)
    __aeabi_llsl                             0x0001b961   Thumb Code    30  llshl.o(.text)
    _ll_shift_l                              0x0001b961   Thumb Code     0  llshl.o(.text)
    __aeabi_llsr                             0x0001b97f   Thumb Code    32  llushr.o(.text)
    _ll_ushift_r                             0x0001b97f   Thumb Code     0  llushr.o(.text)
    __strtod_int                             0x0001b9d7   Thumb Code    90  strtod.o(.text)
    strtol                                   0x0001ba3d   Thumb Code   112  strtol.o(.text)
    __I$use$fp                               0x0001baad   Thumb Code     0  iusefp.o(.text)
    _float_round                             0x0001baad   Thumb Code    18  fepilogue.o(.text)
    _float_epilogue                          0x0001babf   Thumb Code    92  fepilogue.o(.text)
    _double_round                            0x0001bb1b   Thumb Code    30  depilogue.o(.text)
    _double_epilogue                         0x0001bb39   Thumb Code   156  depilogue.o(.text)
    __aeabi_dadd                             0x0001bbd5   Thumb Code   322  dadd.o(.text)
    __aeabi_dsub                             0x0001bd17   Thumb Code     6  dadd.o(.text)
    __aeabi_drsub                            0x0001bd1d   Thumb Code     6  dadd.o(.text)
    __aeabi_d2ulz                            0x0001bd23   Thumb Code    48  dfixul.o(.text)
    __aeabi_cdrcmple                         0x0001bd55   Thumb Code    48  cdrcmple.o(.text)
    __scatterload                            0x0001bd85   Thumb Code    28  init.o(.text)
    __scatterload_rt2                        0x0001bd85   Thumb Code     0  init.o(.text)
    __aeabi_lasr                             0x0001bda9   Thumb Code    36  llsshr.o(.text)
    _ll_sshift_r                             0x0001bda9   Thumb Code     0  llsshr.o(.text)
    __rt_ctype_table                         0x0001bdcd   Thumb Code     4  ctype_o.o(.text)
    isspace                                  0x0001bdd5   Thumb Code    18  isspace_o.o(.text)
    _scanf_real                              0x0001bf11   Thumb Code     0  scanf_fp.o(.text)
    _scanf_really_real                       0x0001bf11   Thumb Code   556  scanf_fp.o(.text)
    _sgetc                                   0x0001c149   Thumb Code    30  _sgetc.o(.text)
    _sbackspace                              0x0001c167   Thumb Code    34  _sgetc.o(.text)
    _strtoul                                 0x0001c189   Thumb Code   158  _strtoul.o(.text)
    _chval                                   0x0001c227   Thumb Code    28  _chval.o(.text)
    __aeabi_ul2d                             0x0001c243   Thumb Code    24  dfltul.o(.text)
    __decompress                             0x0001c25b   Thumb Code     0  __dczerorl2.o(.text)
    __decompress1                            0x0001c25b   Thumb Code    86  __dczerorl2.o(.text)
    __0printf                                0x0001c2b1   Thumb Code    22  printfa.o(i.__0printf)
    __1printf                                0x0001c2b1   Thumb Code     0  printfa.o(i.__0printf)
    __2printf                                0x0001c2b1   Thumb Code     0  printfa.o(i.__0printf)
    __c89printf                              0x0001c2b1   Thumb Code     0  printfa.o(i.__0printf)
    printf                                   0x0001c2b1   Thumb Code     0  printfa.o(i.__0printf)
    __0snprintf                              0x0001c2d1   Thumb Code    48  printfa.o(i.__0snprintf)
    __1snprintf                              0x0001c2d1   Thumb Code     0  printfa.o(i.__0snprintf)
    __2snprintf                              0x0001c2d1   Thumb Code     0  printfa.o(i.__0snprintf)
    __c89snprintf                            0x0001c2d1   Thumb Code     0  printfa.o(i.__0snprintf)
    snprintf                                 0x0001c2d1   Thumb Code     0  printfa.o(i.__0snprintf)
    __0vsnprintf                             0x0001c305   Thumb Code    46  printfa.o(i.__0vsnprintf)
    __1vsnprintf                             0x0001c305   Thumb Code     0  printfa.o(i.__0vsnprintf)
    __2vsnprintf                             0x0001c305   Thumb Code     0  printfa.o(i.__0vsnprintf)
    __c89vsnprintf                           0x0001c305   Thumb Code     0  printfa.o(i.__0vsnprintf)
    vsnprintf                                0x0001c305   Thumb Code     0  printfa.o(i.__0vsnprintf)
    __aeabi_errno_addr                       0x0001c339   Thumb Code     4  errno.o(i.__aeabi_errno_addr)
    __rt_errno_addr                          0x0001c339   Thumb Code     0  errno.o(i.__aeabi_errno_addr)
    __read_errno                             0x0001c341   Thumb Code     6  errno.o(i.__read_errno)
    __scatterload_copy                       0x0001c34d   Thumb Code    14  handlers.o(i.__scatterload_copy)
    __scatterload_null                       0x0001c35b   Thumb Code     2  handlers.o(i.__scatterload_null)
    __scatterload_zeroinit                   0x0001c35d   Thumb Code    14  handlers.o(i.__scatterload_zeroinit)
    __set_errno                              0x0001c36d   Thumb Code     6  errno.o(i.__set_errno)
    _is_digit                                0x0001c4fd   Thumb Code    14  scanf_fp.o(i._is_digit)
    atof                                     0x0001cc29   Thumb Code    42  atof.o(i.atof)
    onchip_flash                             0x0001d008   Data          56  fal_flash_swm320.o(.constdata)
    __ctype_table                            0x0001d129   Data         129  ctype_o.o(.constdata)
    Region$$Table$$Base                      0x0001d514   Number         0  anon$$obj.o(Region$$Table)
    Region$$Table$$Limit                     0x0001d534   Number         0  anon$$obj.o(Region$$Table)
    pxCurrentTCB                             0x20000000   Data           4  tasks.o(.data)
    IAP_Cache_Reset                          0x20000058   Data           4  swm320_flash.o(.data)
    IAP_Flash_Param                          0x2000005c   Data           4  swm320_flash.o(.data)
    IAP_Flash_Erase                          0x20000060   Data           4  swm320_flash.o(.data)
    IAP_Flash_Write                          0x20000064   Data           4  swm320_flash.o(.data)
    SystemCoreClock                          0x20000068   Data           4  system_swm320.o(.data)
    CyclesPerUs                              0x2000006c   Data           4  system_swm320.o(.data)
    wdat                                     0x20000090   Data           4  work_data.o(.data)
    fuse                                     0x200000b8   Data           4  work_fuse.o(.data)
    rx_len                                   0x20000108   Data           4  cmdline.o(.data)
    LED_BUF                                  0x20000110   Data           4  led_board.o(.data)
    led_board_opt                            0x2000013c   Data           4  led_board.o(.data)
    hlw_opt                                  0x20000174   Data           4  hlw80212.o(.data)
    gpio                                     0x200001a0   Data           4  fk_drv_gpio.o(.data)
    uart                                     0x200001c0   Data           4  fk_drv_uart.o(.data)
    rtc                                      0x200001d8   Data           4  fk_drv_rtc.o(.data)
    wdt                                      0x200001ec   Data           4  fk_drv_wdg.o(.data)
    drvp_gpio                                0x20000a28   Data           4  fk_drvp_gpio.o(.data)
    drvp_uart                                0x20000a6c   Data           4  fk_drvp_uart.o(.data)
    drvp_rtc                                 0x20000a84   Data           4  fk_drvp_rtc.o(.data)
    drvp_wdt                                 0x20000a98   Data           4  fk_drvp_wdg.o(.data)
    utc_opt                                  0x20000aa8   Data           4  utc.o(.data)
    stropt                                   0x20000ac0   Data           4  stropt.o(.data)
    hc595_opt                                0x20000ad0   Data           4  lib_hc595.o(.data)
    wk_net                                   0x20000ad8   Data           4  network.o(.data)
    air7xx                                   0x20000adc   Data           4  network.o(.data)
    netdev_opt                               0x20000b14   Data           4  air7xx.o(.data)
    __srv_cmd_list                           0x20000b38   Data          80  msg_cmd_analysis.o(.data)
    msg_ctn_opt                              0x20000ba0   Data           4  msg_ctrl_to_net.o(.data)
    msg_ntc_opt                              0x20000bb8   Data           4  msg_net_to_ctrl.o(.data)
    __stdout                                 0x20000bc0   Data           4  stdout.o(.data)
    rxbuf                                    0x20014dcc   Data         128  cmdline.o(.bss)
    __initial_sp                             0x200161f0   Data           0  startup_swm320.o(STACK)



==============================================================================

Memory Map of the image

  Image Entry point : 0x00011949

  Load Region LR_IROM1 (Base: 0x00011800, Size: 0x0000c8fc, Max: 0x00016800, ABSOLUTE, COMPRESSED[0x0000c16c])

    Execution Region ER_IROM1 (Exec base: 0x00011800, Load base: 0x00011800, Size: 0x0000bd34, Max: 0x00016800, ABSOLUTE)

    Exec Addr    Load Addr    Size         Type   Attr      Idx    E Section Name        Object

    0x00011800   0x00011800   0x00000148   Data   RO          735    RESET               startup_swm320.o
    0x00011948   0x00011948   0x00000000   Code   RO         2189  * .ARM.Collect$$$$00000000  mc_w.l(entry.o)
    0x00011948   0x00011948   0x00000004   Code   RO         2498    .ARM.Collect$$$$00000001  mc_w.l(entry2.o)
    0x0001194c   0x0001194c   0x00000004   Code   RO         2501    .ARM.Collect$$$$00000004  mc_w.l(entry5.o)
    0x00011950   0x00011950   0x00000000   Code   RO         2503    .ARM.Collect$$$$00000008  mc_w.l(entry7b.o)
    0x00011950   0x00011950   0x00000000   Code   RO         2505    .ARM.Collect$$$$0000000A  mc_w.l(entry8b.o)
    0x00011950   0x00011950   0x00000008   Code   RO         2506    .ARM.Collect$$$$0000000B  mc_w.l(entry9a.o)
    0x00011958   0x00011958   0x00000004   Code   RO         2513    .ARM.Collect$$$$0000000E  mc_w.l(entry12b.o)
    0x0001195c   0x0001195c   0x00000000   Code   RO         2508    .ARM.Collect$$$$0000000F  mc_w.l(entry10a.o)
    0x0001195c   0x0001195c   0x00000000   Code   RO         2510    .ARM.Collect$$$$00000011  mc_w.l(entry11a.o)
    0x0001195c   0x0001195c   0x00000004   Code   RO         2499    .ARM.Collect$$$$00002712  mc_w.l(entry2.o)
    0x00011960   0x00011960   0x00000096   Code   RO          136    .emb_text           port.o
    0x000119f6   0x000119f6   0x00000002   PAD
    0x000119f8   0x000119f8   0x00000012   Code   RO          743    .emb_text           main.o
    0x00011a0a   0x00011a0a   0x00000094   Code   RO            1    .text               list.o
    0x00011a9e   0x00011a9e   0x00000002   PAD
    0x00011aa0   0x00011aa0   0x0000070c   Code   RO           48    .text               queue.o
    0x000121ac   0x000121ac   0x0000116c   Code   RO           78    .text               tasks.o
    0x00013318   0x00013318   0x000000e8   Code   RO          137    .text               port.o
    0x00013400   0x00013400   0x000001e4   Code   RO          167    .text               heap_4.o
    0x000135e4   0x000135e4   0x000000c0   Code   RO          298    .text               swm320_exti.o
    0x000136a4   0x000136a4   0x000003fc   Code   RO          326    .text               swm320_gpio.o
    0x00013aa0   0x00013aa0   0x000003c4   Code   RO          426    .text               swm320_uart.o
    0x00013e64   0x00013e64   0x00000094   Code   RO          450    .text               swm320_wdt.o
    0x00013ef8   0x00013ef8   0x000000c8   Code   RO          498    .text               swm320_flash.o
    0x00013fc0   0x00013fc0   0x00000648   Code   RO          528    .text               swm320_port.o
    0x00014608   0x00014608   0x000002b4   Code   RO          651    .text               swm320_rtc.o
    0x000148bc   0x000148bc   0x000002dc   Code   RO          706    .text               system_swm320.o
    0x00014b98   0x00014b98   0x0000009c   Code   RO          736    .text               startup_swm320.o
    0x00014c34   0x00014c34   0x0000029c   Code   RO          744    .text               main.o
    0x00014ed0   0x00014ed0   0x00000058   Code   RO          960    .text               crtl_task.o
    0x00014f28   0x00014f28   0x00000070   Code   RO          994    .text               listen_task.o
    0x00014f98   0x00014f98   0x00000220   Code   RO         1021    .text               start_task.o
    0x000151b8   0x000151b8   0x00000068   Code   RO         1065    .text               host_task.o
    0x00015220   0x00015220   0x00000010   Code   RO         1156    .text               work.o
    0x00015230   0x00015230   0x00000248   Code   RO         1184    .text               work_data.o
    0x00015478   0x00015478   0x0000010c   Code   RO         1217    .text               work_fuse.o
    0x00015584   0x00015584   0x0000017c   Code   RO         1248    .text               work _deal_order.o
    0x00015700   0x00015700   0x00000180   Code   RO         1272    .text               work_cycle_reboot.o
    0x00015880   0x00015880   0x000004dc   Code   RO         1298    .text               work_sock_ctrl.o
    0x00015d5c   0x00015d5c   0x000005f4   Code   RO         1323    .text               work_debug.o
    0x00016350   0x00016350   0x0000028c   Code   RO         1348    .text               cmdline.o
    0x000165dc   0x000165dc   0x00000198   Code   RO         1384    .text               led_board.o
    0x00016774   0x00016774   0x00000240   Code   RO         1413    .text               hlw80212.o
    0x000169b4   0x000169b4   0x00000084   Code   RO         1443    .text               fk_drv_gpio.o
    0x00016a38   0x00016a38   0x00000100   Code   RO         1472    .text               fk_drv_uart.o
    0x00016b38   0x00016b38   0x00000048   Code   RO         1504    .text               fk_drv_rtc.o
    0x00016b80   0x00016b80   0x00000038   Code   RO         1534    .text               fk_drv_wdg.o
    0x00016bb8   0x00016bb8   0x000004b8   Code   RO         1564    .text               fk_drvp_gpio.o
    0x00017070   0x00017070   0x0000030c   Code   RO         1599    .text               fk_drvp_uart.o
    0x0001737c   0x0001737c   0x00000108   Code   RO         1627    .text               fk_drvp_rtc.o
    0x00017484   0x00017484   0x00000058   Code   RO         1655    .text               fk_drvp_wdg.o
    0x000174dc   0x000174dc   0x00000194   Code   RO         1681    .text               loopbuf.o
    0x00017670   0x00017670   0x0000025c   Code   RO         1705    .text               utc.o
    0x000178cc   0x000178cc   0x00000118   Code   RO         1738    .text               fal.o
    0x000179e4   0x000179e4   0x000001b8   Code   RO         1766    .text               fal_flash.o
    0x00017b9c   0x00017b9c   0x000008f4   Code   RO         1782    .text               fal_partition.o
    0x00018490   0x00018490   0x00000164   Code   RO         1811    .text               fal_flash_swm320.o
    0x000185f4   0x000185f4   0x00000042   Code   RO         1840    .text               stropt.o
    0x00018636   0x00018636   0x00000002   PAD
    0x00018638   0x00018638   0x00000118   Code   RO         1868    .text               lib_hc595.o
    0x00018750   0x00018750   0x000001bc   Code   RO         1896    .text               network.o
    0x0001890c   0x0001890c   0x0000027c   Code   RO         1953    .text               air7xx_base_opt.o
    0x00018b88   0x00018b88   0x00000708   Code   RO         1980    .text               air7xx_work_connect_serv.o
    0x00019290   0x00019290   0x000014ec   Code   RO         2007    .text               air7xx_work_init_dev.o
    0x0001a77c   0x0001a77c   0x00000324   Code   RO         2039    .text               air7xx_work_rst_dev.o
    0x0001aaa0   0x0001aaa0   0x000001b0   Code   RO         2066    .text               message.o
    0x0001ac50   0x0001ac50   0x00000448   Code   RO         2096    .text               msg_cmd_analysis.o
    0x0001b098   0x0001b098   0x000002ac   Code   RO         2125    .text               msg_ctrl_to_net.o
    0x0001b344   0x0001b344   0x000000cc   Code   RO         2157    .text               msg_net_to_ctrl.o
    0x0001b410   0x0001b410   0x00000062   Code   RO         2192    .text               mc_w.l(uldiv.o)
    0x0001b472   0x0001b472   0x00000024   Code   RO         2194    .text               mc_w.l(memcpya.o)
    0x0001b496   0x0001b496   0x00000024   Code   RO         2196    .text               mc_w.l(memseta.o)
    0x0001b4ba   0x0001b4ba   0x00000024   Code   RO         2198    .text               mc_w.l(strstr.o)
    0x0001b4de   0x0001b4de   0x0000000e   Code   RO         2200    .text               mc_w.l(strlen.o)
    0x0001b4ec   0x0001b4ec   0x0000001c   Code   RO         2202    .text               mc_w.l(strcmp.o)
    0x0001b508   0x0001b508   0x0000001e   Code   RO         2204    .text               mc_w.l(strncmp.o)
    0x0001b526   0x0001b526   0x00000002   PAD
    0x0001b528   0x0001b528   0x00000044   Code   RO         2206    .text               mc_w.l(strtok_r.o)
    0x0001b56c   0x0001b56c   0x0000001a   Code   RO         2472    .text               mc_w.l(atoi.o)
    0x0001b586   0x0001b586   0x0000001a   Code   RO         2474    .text               mc_w.l(atol.o)
    0x0001b5a0   0x0001b5a0   0x00000064   Code   RO         2476    .text               mf_w.l(fmul.o)
    0x0001b604   0x0001b604   0x0000007c   Code   RO         2478    .text               mf_w.l(fdiv.o)
    0x0001b680   0x0001b680   0x000000e4   Code   RO         2480    .text               mf_w.l(dmul.o)
    0x0001b764   0x0001b764   0x000000de   Code   RO         2482    .text               mf_w.l(ddiv.o)
    0x0001b842   0x0001b842   0x0000000a   Code   RO         2484    .text               mf_w.l(ffltui.o)
    0x0001b84c   0x0001b84c   0x0000001a   Code   RO         2486    .text               mf_w.l(dfltui.o)
    0x0001b866   0x0001b866   0x00000028   Code   RO         2488    .text               mf_w.l(ffixui.o)
    0x0001b88e   0x0001b88e   0x00000032   Code   RO         2490    .text               mf_w.l(dfixui.o)
    0x0001b8c0   0x0001b8c0   0x00000026   Code   RO         2492    .text               mf_w.l(f2d.o)
    0x0001b8e6   0x0001b8e6   0x00000038   Code   RO         2494    .text               mf_w.l(d2f.o)
    0x0001b91e   0x0001b91e   0x00000002   PAD
    0x0001b920   0x0001b920   0x00000014   Code   RO         2496    .text               mf_w.l(cfrcmple.o)
    0x0001b934   0x0001b934   0x0000002c   Code   RO         2515    .text               mc_w.l(uidiv.o)
    0x0001b960   0x0001b960   0x0000001e   Code   RO         2517    .text               mc_w.l(llshl.o)
    0x0001b97e   0x0001b97e   0x00000020   Code   RO         2519    .text               mc_w.l(llushr.o)
    0x0001b99e   0x0001b99e   0x00000002   PAD
    0x0001b9a0   0x0001b9a0   0x0000009c   Code   RO         2528    .text               mc_w.l(strtod.o)
    0x0001ba3c   0x0001ba3c   0x00000070   Code   RO         2530    .text               mc_w.l(strtol.o)
    0x0001baac   0x0001baac   0x00000000   Code   RO         2532    .text               mc_w.l(iusefp.o)
    0x0001baac   0x0001baac   0x0000006e   Code   RO         2533    .text               mf_w.l(fepilogue.o)
    0x0001bb1a   0x0001bb1a   0x000000ba   Code   RO         2535    .text               mf_w.l(depilogue.o)
    0x0001bbd4   0x0001bbd4   0x0000014e   Code   RO         2537    .text               mf_w.l(dadd.o)
    0x0001bd22   0x0001bd22   0x00000030   Code   RO         2539    .text               mf_w.l(dfixul.o)
    0x0001bd52   0x0001bd52   0x00000002   PAD
    0x0001bd54   0x0001bd54   0x00000030   Code   RO         2541    .text               mf_w.l(cdrcmple.o)
    0x0001bd84   0x0001bd84   0x00000024   Code   RO         2543    .text               mc_w.l(init.o)
    0x0001bda8   0x0001bda8   0x00000024   Code   RO         2545    .text               mc_w.l(llsshr.o)
    0x0001bdcc   0x0001bdcc   0x00000008   Code   RO         2549    .text               mc_w.l(ctype_o.o)
    0x0001bdd4   0x0001bdd4   0x00000012   Code   RO         2571    .text               mc_w.l(isspace_o.o)
    0x0001bde6   0x0001bde6   0x00000002   PAD
    0x0001bde8   0x0001bde8   0x00000360   Code   RO         2577    .text               mc_w.l(scanf_fp.o)
    0x0001c148   0x0001c148   0x00000040   Code   RO         2581    .text               mc_w.l(_sgetc.o)
    0x0001c188   0x0001c188   0x0000009e   Code   RO         2583    .text               mc_w.l(_strtoul.o)
    0x0001c226   0x0001c226   0x0000001c   Code   RO         2588    .text               mc_w.l(_chval.o)
    0x0001c242   0x0001c242   0x00000018   Code   RO         2590    .text               mf_w.l(dfltul.o)
    0x0001c25a   0x0001c25a   0x00000056   Code   RO         2600    .text               mc_w.l(__dczerorl2.o)
    0x0001c2b0   0x0001c2b0   0x00000020   Code   RO         2444    i.__0printf         mc_w.l(printfa.o)
    0x0001c2d0   0x0001c2d0   0x00000034   Code   RO         2445    i.__0snprintf       mc_w.l(printfa.o)
    0x0001c304   0x0001c304   0x00000034   Code   RO         2449    i.__0vsnprintf      mc_w.l(printfa.o)
    0x0001c338   0x0001c338   0x00000008   Code   RO         2521    i.__aeabi_errno_addr  mc_w.l(errno.o)
    0x0001c340   0x0001c340   0x0000000c   Code   RO         2522    i.__read_errno      mc_w.l(errno.o)
    0x0001c34c   0x0001c34c   0x0000000e   Code   RO         2594    i.__scatterload_copy  mc_w.l(handlers.o)
    0x0001c35a   0x0001c35a   0x00000002   Code   RO         2595    i.__scatterload_null  mc_w.l(handlers.o)
    0x0001c35c   0x0001c35c   0x0000000e   Code   RO         2596    i.__scatterload_zeroinit  mc_w.l(handlers.o)
    0x0001c36a   0x0001c36a   0x00000002   PAD
    0x0001c36c   0x0001c36c   0x0000000c   Code   RO         2523    i.__set_errno       mc_w.l(errno.o)
    0x0001c378   0x0001c378   0x00000184   Code   RO         2451    i._fp_digits        mc_w.l(printfa.o)
    0x0001c4fc   0x0001c4fc   0x0000000e   Code   RO         2579    i._is_digit         mc_w.l(scanf_fp.o)
    0x0001c50a   0x0001c50a   0x00000002   PAD
    0x0001c50c   0x0001c50c   0x000006b4   Code   RO         2452    i._printf_core      mc_w.l(printfa.o)
    0x0001cbc0   0x0001cbc0   0x00000024   Code   RO         2453    i._printf_post_padding  mc_w.l(printfa.o)
    0x0001cbe4   0x0001cbe4   0x0000002e   Code   RO         2454    i._printf_pre_padding  mc_w.l(printfa.o)
    0x0001cc12   0x0001cc12   0x00000016   Code   RO         2455    i._snputc           mc_w.l(printfa.o)
    0x0001cc28   0x0001cc28   0x0000002a   Code   RO         2186    i.atof              m_ws.l(atof.o)
    0x0001cc52   0x0001cc52   0x00000002   PAD
    0x0001cc54   0x0001cc54   0x00000034   Data   RO          652    .constdata          swm320_rtc.o
    0x0001cc88   0x0001cc88   0x0000001b   Data   RO          961    .constdata          crtl_task.o
    0x0001cca3   0x0001cca3   0x0000001f   Data   RO          995    .constdata          listen_task.o
    0x0001ccc2   0x0001ccc2   0x00000002   PAD
    0x0001ccc4   0x0001ccc4   0x00000042   Data   RO         1022    .constdata          start_task.o
    0x0001cd06   0x0001cd06   0x0000001b   Data   RO         1066    .constdata          host_task.o
    0x0001cd21   0x0001cd21   0x00000012   Data   RO         1186    .constdata          work_data.o
    0x0001cd33   0x0001cd33   0x00000012   Data   RO         1299    .constdata          work_sock_ctrl.o
    0x0001cd45   0x0001cd45   0x00000029   Data   RO         1324    .constdata          work_debug.o
    0x0001cd6e   0x0001cd6e   0x00000027   Data   RO         1350    .constdata          cmdline.o
    0x0001cd95   0x0001cd95   0x00000004   Data   RO         1414    .constdata          hlw80212.o
    0x0001cd99   0x0001cd99   0x00000005   Data   RO         1474    .constdata          fk_drv_uart.o
    0x0001cd9e   0x0001cd9e   0x00000005   Data   RO         1600    .constdata          fk_drvp_uart.o
    0x0001cda3   0x0001cda3   0x00000001   PAD
    0x0001cda4   0x0001cda4   0x00000030   Data   RO         1706    .constdata          utc.o
    0x0001cdd4   0x0001cdd4   0x00000009   Data   RO         1739    .constdata          fal.o
    0x0001cddd   0x0001cddd   0x00000003   PAD
    0x0001cde0   0x0001cde0   0x00000029   Data   RO         1767    .constdata          fal_flash.o
    0x0001ce09   0x0001ce09   0x00000003   PAD
    0x0001ce0c   0x0001ce0c   0x000001f9   Data   RO         1784    .constdata          fal_partition.o
    0x0001d005   0x0001d005   0x00000003   PAD
    0x0001d008   0x0001d008   0x00000038   Data   RO         1812    .constdata          fal_flash_swm320.o
    0x0001d040   0x0001d040   0x00000024   Data   RO         1954    .constdata          air7xx_base_opt.o
    0x0001d064   0x0001d064   0x00000016   Data   RO         1981    .constdata          air7xx_work_connect_serv.o
    0x0001d07a   0x0001d07a   0x00000012   Data   RO         2008    .constdata          air7xx_work_init_dev.o
    0x0001d08c   0x0001d08c   0x00000011   Data   RO         2040    .constdata          air7xx_work_rst_dev.o
    0x0001d09d   0x0001d09d   0x00000062   Data   RO         2097    .constdata          msg_cmd_analysis.o
    0x0001d0ff   0x0001d0ff   0x00000020   Data   RO         2127    .constdata          msg_ctrl_to_net.o
    0x0001d11f   0x0001d11f   0x0000000a   Data   RO         2158    .constdata          msg_net_to_ctrl.o
    0x0001d129   0x0001d129   0x00000081   Data   RO         2550    .constdata          mc_w.l(ctype_o.o)
    0x0001d1aa   0x0001d1aa   0x00000002   PAD
    0x0001d1ac   0x0001d1ac   0x00000004   Data   RO         2551    .constdata          mc_w.l(ctype_o.o)
    0x0001d1b0   0x0001d1b0   0x0000005c   Data   RO         1273    .conststring        work_cycle_reboot.o
    0x0001d20c   0x0001d20c   0x0000003d   Data   RO         1351    .conststring        cmdline.o
    0x0001d249   0x0001d249   0x00000003   PAD
    0x0001d24c   0x0001d24c   0x000000fe   Data   RO         1566    .conststring        fk_drvp_gpio.o
    0x0001d34a   0x0001d34a   0x00000002   PAD
    0x0001d34c   0x0001d34c   0x0000005c   Data   RO         1768    .conststring        fal_flash.o
    0x0001d3a8   0x0001d3a8   0x00000132   Data   RO         1785    .conststring        fal_partition.o
    0x0001d4da   0x0001d4da   0x00000002   PAD
    0x0001d4dc   0x0001d4dc   0x00000037   Data   RO         2098    .conststring        msg_cmd_analysis.o
    0x0001d513   0x0001d513   0x00000001   PAD
    0x0001d514   0x0001d514   0x00000020   Data   RO         2592    Region$$Table       anon$$obj.o


    Execution Region RW_IRAM1 (Exec base: 0x20000000, Load base: 0x0001d534, Size: 0x000161f0, Max: 0x00020000, ABSOLUTE, COMPRESSED[0x00000438])

    Exec Addr    Load Addr    Size         Type   Attr      Idx    E Section Name        Object

    0x20000000   COMPRESSED   0x0000003c   Data   RW           80    .data               tasks.o
    0x2000003c   COMPRESSED   0x00000004   Data   RW          138    .data               port.o
    0x20000040   COMPRESSED   0x00000018   Data   RW          169    .data               heap_4.o
    0x20000058   COMPRESSED   0x00000010   Data   RW          499    .data               swm320_flash.o
    0x20000068   COMPRESSED   0x00000008   Data   RW          707    .data               system_swm320.o
    0x20000070   COMPRESSED   0x00000004   Data   RW          962    .data               crtl_task.o
    0x20000074   COMPRESSED   0x00000004   Data   RW          996    .data               listen_task.o
    0x20000078   COMPRESSED   0x0000000c   Data   RW         1023    .data               start_task.o
    0x20000084   COMPRESSED   0x00000004   Data   RW         1067    .data               host_task.o
    0x20000088   COMPRESSED   0x00000014   Data   RW         1187    .data               work_data.o
    0x2000009c   COMPRESSED   0x00000021   Data   RW         1218    .data               work_fuse.o
    0x200000bd   COMPRESSED   0x00000003   PAD
    0x200000c0   COMPRESSED   0x00000008   Data   RW         1274    .data               work_cycle_reboot.o
    0x200000c8   COMPRESSED   0x00000048   Data   RW         1352    .data               cmdline.o
    0x20000110   COMPRESSED   0x00000038   Data   RW         1385    .data               led_board.o
    0x20000148   COMPRESSED   0x00000040   Data   RW         1415    .data               hlw80212.o
    0x20000188   COMPRESSED   0x0000001c   Data   RW         1444    .data               fk_drv_gpio.o
    0x200001a4   COMPRESSED   0x00000020   Data   RW         1475    .data               fk_drv_uart.o
    0x200001c4   COMPRESSED   0x00000018   Data   RW         1505    .data               fk_drv_rtc.o
    0x200001dc   COMPRESSED   0x00000014   Data   RW         1535    .data               fk_drv_wdg.o
    0x200001f0   COMPRESSED   0x00000854   Data   RW         1567    .data               fk_drvp_gpio.o
    0x20000a44   COMPRESSED   0x0000002c   Data   RW         1601    .data               fk_drvp_uart.o
    0x20000a70   COMPRESSED   0x00000018   Data   RW         1629    .data               fk_drvp_rtc.o
    0x20000a88   COMPRESSED   0x00000014   Data   RW         1656    .data               fk_drvp_wdg.o
    0x20000a9c   COMPRESSED   0x00000010   Data   RW         1707    .data               utc.o
    0x20000aac   COMPRESSED   0x00000001   Data   RW         1740    .data               fal.o
    0x20000aad   COMPRESSED   0x00000001   Data   RW         1769    .data               fal_flash.o
    0x20000aae   COMPRESSED   0x00000002   PAD
    0x20000ab0   COMPRESSED   0x0000000c   Data   RW         1786    .data               fal_partition.o
    0x20000abc   COMPRESSED   0x00000008   Data   RW         1841    .data               stropt.o
    0x20000ac4   COMPRESSED   0x00000010   Data   RW         1869    .data               lib_hc595.o
    0x20000ad4   COMPRESSED   0x0000000c   Data   RW         1898    .data               network.o
    0x20000ae0   COMPRESSED   0x00000038   Data   RW         1929    .data               air7xx.o
    0x20000b18   COMPRESSED   0x0000000c   Data   RW         1982    .data               air7xx_work_connect_serv.o
    0x20000b24   COMPRESSED   0x00000004   Data   RW         2009    .data               air7xx_work_init_dev.o
    0x20000b28   COMPRESSED   0x00000002   Data   RW         2041    .data               air7xx_work_rst_dev.o
    0x20000b2a   COMPRESSED   0x00000002   PAD
    0x20000b2c   COMPRESSED   0x0000000c   Data   RW         2067    .data               message.o
    0x20000b38   COMPRESSED   0x00000050   Data   RW         2099    .data               msg_cmd_analysis.o
    0x20000b88   COMPRESSED   0x0000001c   Data   RW         2128    .data               msg_ctrl_to_net.o
    0x20000ba4   COMPRESSED   0x00000018   Data   RW         2159    .data               msg_net_to_ctrl.o
    0x20000bbc   COMPRESSED   0x00000004   Data   RW         2207    .data               mc_w.l(strtok_r.o)
    0x20000bc0   COMPRESSED   0x00000004   Data   RW         2514    .data               mc_w.l(stdout.o)
    0x20000bc4   COMPRESSED   0x00000004   Data   RW         2524    .data               mc_w.l(errno.o)
    0x20000bc8        -       0x000000c8   Zero   RW           79    .bss                tasks.o
    0x20000c90        -       0x00014000   Zero   RW          168    .bss                heap_4.o
    0x20014c90        -       0x0000013c   Zero   RW         1185    .bss                work_data.o
    0x20014dcc        -       0x00000080   Zero   RW         1349    .bss                cmdline.o
    0x20014e4c        -       0x00000010   Zero   RW         1473    .bss                fk_drv_uart.o
    0x20014e5c        -       0x00000240   Zero   RW         1565    .bss                fk_drvp_gpio.o
    0x2001509c        -       0x00000018   Zero   RW         1628    .bss                fk_drvp_rtc.o
    0x200150b4        -       0x00000014   Zero   RW         1783    .bss                fal_partition.o
    0x200150c8        -       0x00000024   Zero   RW         1897    .bss                network.o
    0x200150ec        -       0x00000100   Zero   RW         2126    .bss                msg_ctrl_to_net.o
    0x200151ec   COMPRESSED   0x00000004   PAD
    0x200151f0        -       0x00001000   Zero   RW          733    STACK               startup_swm320.o


==============================================================================

Image component sizes


      Code (inc. data)   RO Data    RW Data    ZI Data      Debug   Object Name

         0          0          0         56          0       1949   air7xx.o
       636        106         36          0          0       3359   air7xx_base_opt.o
      1800        244         22         12          0       2188   air7xx_work_connect_serv.o
      5356        350         18          4          0       3816   air7xx_work_init_dev.o
       804         70         17          2          0       1502   air7xx_work_rst_dev.o
       652        122        100         72        128       3078   cmdline.o
        88         32         27          4          0        837   crtl_task.o
       280        176          9          1          0       2462   fal.o
       440        176        133          1          0       1695   fal_flash.o
       356        118         56          0          0       2319   fal_flash_swm320.o
      2292        966        811         12         20       5464   fal_partition.o
       132          6          0         28          0       3118   fk_drv_gpio.o
        72          4          0         24          0       2505   fk_drv_rtc.o
       256         38          5         32         16       3586   fk_drv_uart.o
        56          4          0         20          0       2341   fk_drv_wdg.o
      1208         96        254       2132        576       6686   fk_drvp_gpio.o
       264          8          0         24         24       2041   fk_drvp_rtc.o
       780         46          5         44          0       4226   fk_drvp_uart.o
        88         24          0         20          0       1283   fk_drvp_wdg.o
       484         24          0         24      81920       3224   heap_4.o
       576         64          4         64          0       3074   hlw80212.o
       104         38         27          4          0       6714   host_task.o
       408         32          0         56          0       3076   led_board.o
       280          6          0         16          0       2292   lib_hc595.o
       148          0          0          0          0      15086   list.o
       112         42         31          4          0        853   listen_task.o
       404          0          0          0          0       2797   loopbuf.o
       686        322          0          0          0      22678   main.o
       432         66          0         12          0       3659   message.o
      1096        118        153         80          0       6069   msg_cmd_analysis.o
       684        124         32         28        256       4336   msg_ctrl_to_net.o
       204         26         10         24          0       2872   msg_net_to_ctrl.o
       444         36          0         12         36       2708   network.o
       382         28          0          4          0       6972   port.o
      1804          8          0          0          0      21328   queue.o
       544         88         66         12          0       2379   start_task.o
       156          4        328          0       4096       3440   startup_swm320.o
        66          0          0          8          0       1613   stropt.o
         0          0          0          0          0     120903   swm320_adc.o
       192          0          0          0          0       2129   swm320_exti.o
       200         34          0         16          0       2620   swm320_flash.o
      1020         38          0          0          0       4037   swm320_gpio.o
      1608         30          0          0          0       1264   swm320_port.o
       692         16         52          0          0       5629   swm320_rtc.o
       964         12          0          0          0       6009   swm320_uart.o
       148          4          0          0          0       2227   swm320_wdt.o
       732         56          0          8          0       2146   system_swm320.o
      4460        270          0         60        200      28416   tasks.o
         0          0          0          0          0       2816   timers.o
       604         52         48         16          0       2974   utc.o
       380        102          0          0          0       1074   work _deal_order.o
        16          0          0          0          0       1763   work.o
       384        140         92          8          0        700   work_cycle_reboot.o
       584        136         18         20        316       3119   work_data.o
      1524        522         41          0          0       2303   work_debug.o
       268         32          0         33          0       2742   work_fuse.o
      1244        160         18          0          0       2537   work_sock_ctrl.o

    ----------------------------------------------------------------------
     39600       5216       2465       3004      87592     365033   Object Totals
         0          0         32          0          0          0   (incl. Generated)
         6          0         20          7          4          0   (incl. Padding)

    ----------------------------------------------------------------------

      Code (inc. data)   RO Data    RW Data    ZI Data      Debug   Library Member Name

        42          0          0          0          0         84   atof.o
        86          0          0          0          0          0   __dczerorl2.o
        28          0          0          0          0         68   _chval.o
        64          0          0          0          0         84   _sgetc.o
       158          0          0          0          0         92   _strtoul.o
        26          0          0          0          0         80   atoi.o
        26          0          0          0          0         80   atol.o
         8          4        133          0          0         68   ctype_o.o
         0          0          0          0          0          0   entry.o
         0          0          0          0          0          0   entry10a.o
         0          0          0          0          0          0   entry11a.o
         4          0          0          0          0          0   entry12b.o
         8          4          0          0          0          0   entry2.o
         4          0          0          0          0          0   entry5.o
         0          0          0          0          0          0   entry7b.o
         0          0          0          0          0          0   entry8b.o
         8          4          0          0          0          0   entry9a.o
        32         16          0          4          0        204   errno.o
        30          0          0          0          0          0   handlers.o
        36          8          0          0          0         68   init.o
        18          0          0          0          0         76   isspace_o.o
         0          0          0          0          0          0   iusefp.o
        30          0          0          0          0         68   llshl.o
        36          0          0          0          0         68   llsshr.o
        32          0          0          0          0         68   llushr.o
        36          0          0          0          0         68   memcpya.o
        36          0          0          0          0        108   memseta.o
      2344        100          0          0          0        700   printfa.o
       878         12          0          0          0        216   scanf_fp.o
         0          0          0          4          0          0   stdout.o
        28          0          0          0          0         76   strcmp.o
        14          0          0          0          0         68   strlen.o
        30          0          0          0          0         80   strncmp.o
        36          0          0          0          0         80   strstr.o
       156         12          0          0          0        120   strtod.o
        68          4          0          4          0         96   strtok_r.o
       112          0          0          0          0         88   strtol.o
        44          0          0          0          0         80   uidiv.o
        98          0          0          0          0         92   uldiv.o
        48          0          0          0          0         68   cdrcmple.o
        20          0          0          0          0         68   cfrcmple.o
        56          0          0          0          0         88   d2f.o
       334          0          0          0          0        148   dadd.o
       222          0          0          0          0        100   ddiv.o
       186          0          0          0          0        176   depilogue.o
        50          0          0          0          0         76   dfixui.o
        48          0          0          0          0         68   dfixul.o
        26          0          0          0          0         76   dfltui.o
        24          0          0          0          0         76   dfltul.o
       228          0          0          0          0         96   dmul.o
        38          0          0          0          0         68   f2d.o
       124          0          0          0          0         88   fdiv.o
       110          0          0          0          0        168   fepilogue.o
        40          0          0          0          0         68   ffixui.o
        10          0          0          0          0         68   ffltui.o
       100          0          0          0          0         76   fmul.o

    ----------------------------------------------------------------------
      6236        164        135         12          0       4556   Library Totals
        16          0          2          0          0          0   (incl. Padding)

    ----------------------------------------------------------------------

      Code (inc. data)   RO Data    RW Data    ZI Data      Debug   Library Name

        42          0          0          0          0         84   m_ws.l
      4514        164        133         12          0       2896   mc_w.l
      1664          0          0          0          0       1576   mf_w.l

    ----------------------------------------------------------------------
      6236        164        135         12          0       4556   Library Totals

    ----------------------------------------------------------------------

==============================================================================


      Code (inc. data)   RO Data    RW Data    ZI Data      Debug   

     45836       5380       2600       3016      87592     363321   Grand Totals
     45836       5380       2600       1080      87592     363321   ELF Image Totals (compressed)
     45836       5380       2600       1080          0          0   ROM Totals

==============================================================================

    Total RO  Size (Code + RO Data)                48436 (  47.30kB)
    Total RW  Size (RW Data + ZI Data)             90608 (  88.48kB)
    Total ROM Size (Code + RO Data + RW Data)      49516 (  48.36kB)

==============================================================================

