<!doctype html public "-//w3c//dtd html 4.0 transitional//en">
<html><head>
<title>Static Call Graph - [.\out\framework.axf]</title></head>
<body><HR>
<H1>Static Call Graph for image .\out\framework.axf</H1><HR>
<BR><P>#&#060CALLGRAPH&#062# ARM Linker, 5060960: Last Updated: Mon May 18 22:19:58 2026
<BR><P>
<H3>Maximum Stack Usage =        576 bytes + Unknown(Cycles, Untraceable Function Pointers)</H3><H3>
Call chain for Maximum Stack Depth:</H3>
air_ptf_txbuf &rArr; air_ptf_buf &rArr; myprintf &rArr; cslock_free &rArr; xQueueGenericSend &rArr; vTaskPlaceOnEventList &rArr; prvAddCurrentTaskToDelayedList &rArr; vListInsert
<P>
<H3>
Mutually Recursive functions
</H3> <LI><a href="#[65]">NMI_Handler</a>&nbsp;&nbsp;&nbsp;&rArr;&nbsp;&nbsp;&nbsp;<a href="#[65]">NMI_Handler</a><BR>
 <LI><a href="#[6b]">DebugMon_Handler</a>&nbsp;&nbsp;&nbsp;&rArr;&nbsp;&nbsp;&nbsp;<a href="#[6b]">DebugMon_Handler</a><BR>
 <LI><a href="#[6e]">GPIOA0_Handler</a>&nbsp;&nbsp;&nbsp;&rArr;&nbsp;&nbsp;&nbsp;<a href="#[6e]">GPIOA0_Handler</a><BR>
 <LI><a href="#[6f]">GPIOA1_Handler</a>&nbsp;&nbsp;&nbsp;&rArr;&nbsp;&nbsp;&nbsp;<a href="#[6f]">GPIOA1_Handler</a><BR>
 <LI><a href="#[70]">GPIOA2_Handler</a>&nbsp;&nbsp;&nbsp;&rArr;&nbsp;&nbsp;&nbsp;<a href="#[70]">GPIOA2_Handler</a><BR>
 <LI><a href="#[71]">GPIOA3_Handler</a>&nbsp;&nbsp;&nbsp;&rArr;&nbsp;&nbsp;&nbsp;<a href="#[71]">GPIOA3_Handler</a><BR>
 <LI><a href="#[72]">GPIOA4_Handler</a>&nbsp;&nbsp;&nbsp;&rArr;&nbsp;&nbsp;&nbsp;<a href="#[72]">GPIOA4_Handler</a><BR>
 <LI><a href="#[73]">GPIOA5_Handler</a>&nbsp;&nbsp;&nbsp;&rArr;&nbsp;&nbsp;&nbsp;<a href="#[73]">GPIOA5_Handler</a><BR>
 <LI><a href="#[74]">GPIOA6_Handler</a>&nbsp;&nbsp;&nbsp;&rArr;&nbsp;&nbsp;&nbsp;<a href="#[74]">GPIOA6_Handler</a><BR>
 <LI><a href="#[75]">GPIOA7_Handler</a>&nbsp;&nbsp;&nbsp;&rArr;&nbsp;&nbsp;&nbsp;<a href="#[75]">GPIOA7_Handler</a><BR>
 <LI><a href="#[76]">GPIOB0_Handler</a>&nbsp;&nbsp;&nbsp;&rArr;&nbsp;&nbsp;&nbsp;<a href="#[76]">GPIOB0_Handler</a><BR>
 <LI><a href="#[77]">GPIOB1_Handler</a>&nbsp;&nbsp;&nbsp;&rArr;&nbsp;&nbsp;&nbsp;<a href="#[77]">GPIOB1_Handler</a><BR>
 <LI><a href="#[78]">GPIOB2_Handler</a>&nbsp;&nbsp;&nbsp;&rArr;&nbsp;&nbsp;&nbsp;<a href="#[78]">GPIOB2_Handler</a><BR>
 <LI><a href="#[79]">GPIOB3_Handler</a>&nbsp;&nbsp;&nbsp;&rArr;&nbsp;&nbsp;&nbsp;<a href="#[79]">GPIOB3_Handler</a><BR>
 <LI><a href="#[7a]">GPIOB4_Handler</a>&nbsp;&nbsp;&nbsp;&rArr;&nbsp;&nbsp;&nbsp;<a href="#[7a]">GPIOB4_Handler</a><BR>
 <LI><a href="#[7b]">GPIOB5_Handler</a>&nbsp;&nbsp;&nbsp;&rArr;&nbsp;&nbsp;&nbsp;<a href="#[7b]">GPIOB5_Handler</a><BR>
 <LI><a href="#[7c]">GPIOB6_Handler</a>&nbsp;&nbsp;&nbsp;&rArr;&nbsp;&nbsp;&nbsp;<a href="#[7c]">GPIOB6_Handler</a><BR>
 <LI><a href="#[7d]">GPIOB7_Handler</a>&nbsp;&nbsp;&nbsp;&rArr;&nbsp;&nbsp;&nbsp;<a href="#[7d]">GPIOB7_Handler</a><BR>
 <LI><a href="#[7e]">GPIOC0_Handler</a>&nbsp;&nbsp;&nbsp;&rArr;&nbsp;&nbsp;&nbsp;<a href="#[7e]">GPIOC0_Handler</a><BR>
 <LI><a href="#[7f]">GPIOC1_Handler</a>&nbsp;&nbsp;&nbsp;&rArr;&nbsp;&nbsp;&nbsp;<a href="#[7f]">GPIOC1_Handler</a><BR>
 <LI><a href="#[80]">GPIOC2_Handler</a>&nbsp;&nbsp;&nbsp;&rArr;&nbsp;&nbsp;&nbsp;<a href="#[80]">GPIOC2_Handler</a><BR>
 <LI><a href="#[81]">GPIOC3_Handler</a>&nbsp;&nbsp;&nbsp;&rArr;&nbsp;&nbsp;&nbsp;<a href="#[81]">GPIOC3_Handler</a><BR>
 <LI><a href="#[82]">GPIOC4_Handler</a>&nbsp;&nbsp;&nbsp;&rArr;&nbsp;&nbsp;&nbsp;<a href="#[82]">GPIOC4_Handler</a><BR>
 <LI><a href="#[83]">GPIOC5_Handler</a>&nbsp;&nbsp;&nbsp;&rArr;&nbsp;&nbsp;&nbsp;<a href="#[83]">GPIOC5_Handler</a><BR>
 <LI><a href="#[84]">GPIOC6_Handler</a>&nbsp;&nbsp;&nbsp;&rArr;&nbsp;&nbsp;&nbsp;<a href="#[84]">GPIOC6_Handler</a><BR>
 <LI><a href="#[85]">GPIOC7_Handler</a>&nbsp;&nbsp;&nbsp;&rArr;&nbsp;&nbsp;&nbsp;<a href="#[85]">GPIOC7_Handler</a><BR>
 <LI><a href="#[86]">GPIOM0_Handler</a>&nbsp;&nbsp;&nbsp;&rArr;&nbsp;&nbsp;&nbsp;<a href="#[86]">GPIOM0_Handler</a><BR>
 <LI><a href="#[87]">GPIOM1_Handler</a>&nbsp;&nbsp;&nbsp;&rArr;&nbsp;&nbsp;&nbsp;<a href="#[87]">GPIOM1_Handler</a><BR>
 <LI><a href="#[88]">GPIOM2_Handler</a>&nbsp;&nbsp;&nbsp;&rArr;&nbsp;&nbsp;&nbsp;<a href="#[88]">GPIOM2_Handler</a><BR>
 <LI><a href="#[89]">GPIOM3_Handler</a>&nbsp;&nbsp;&nbsp;&rArr;&nbsp;&nbsp;&nbsp;<a href="#[89]">GPIOM3_Handler</a><BR>
 <LI><a href="#[8a]">GPIOM4_Handler</a>&nbsp;&nbsp;&nbsp;&rArr;&nbsp;&nbsp;&nbsp;<a href="#[8a]">GPIOM4_Handler</a><BR>
 <LI><a href="#[8b]">GPIOM5_Handler</a>&nbsp;&nbsp;&nbsp;&rArr;&nbsp;&nbsp;&nbsp;<a href="#[8b]">GPIOM5_Handler</a><BR>
 <LI><a href="#[8c]">GPIOM6_Handler</a>&nbsp;&nbsp;&nbsp;&rArr;&nbsp;&nbsp;&nbsp;<a href="#[8c]">GPIOM6_Handler</a><BR>
 <LI><a href="#[8d]">GPIOM7_Handler</a>&nbsp;&nbsp;&nbsp;&rArr;&nbsp;&nbsp;&nbsp;<a href="#[8d]">GPIOM7_Handler</a><BR>
 <LI><a href="#[8e]">DMA_Handler</a>&nbsp;&nbsp;&nbsp;&rArr;&nbsp;&nbsp;&nbsp;<a href="#[8e]">DMA_Handler</a><BR>
 <LI><a href="#[8f]">LCD_Handler</a>&nbsp;&nbsp;&nbsp;&rArr;&nbsp;&nbsp;&nbsp;<a href="#[8f]">LCD_Handler</a><BR>
 <LI><a href="#[90]">NORFLC_Handler</a>&nbsp;&nbsp;&nbsp;&rArr;&nbsp;&nbsp;&nbsp;<a href="#[90]">NORFLC_Handler</a><BR>
 <LI><a href="#[91]">CAN_Handler</a>&nbsp;&nbsp;&nbsp;&rArr;&nbsp;&nbsp;&nbsp;<a href="#[91]">CAN_Handler</a><BR>
 <LI><a href="#[92]">PULSE_Handler</a>&nbsp;&nbsp;&nbsp;&rArr;&nbsp;&nbsp;&nbsp;<a href="#[92]">PULSE_Handler</a><BR>
 <LI><a href="#[93]">WDT_Handler</a>&nbsp;&nbsp;&nbsp;&rArr;&nbsp;&nbsp;&nbsp;<a href="#[93]">WDT_Handler</a><BR>
 <LI><a href="#[94]">PWM_Handler</a>&nbsp;&nbsp;&nbsp;&rArr;&nbsp;&nbsp;&nbsp;<a href="#[94]">PWM_Handler</a><BR>
 <LI><a href="#[99]">I2C0_Handler</a>&nbsp;&nbsp;&nbsp;&rArr;&nbsp;&nbsp;&nbsp;<a href="#[99]">I2C0_Handler</a><BR>
 <LI><a href="#[9a]">I2C1_Handler</a>&nbsp;&nbsp;&nbsp;&rArr;&nbsp;&nbsp;&nbsp;<a href="#[9a]">I2C1_Handler</a><BR>
 <LI><a href="#[9b]">SPI0_Handler</a>&nbsp;&nbsp;&nbsp;&rArr;&nbsp;&nbsp;&nbsp;<a href="#[9b]">SPI0_Handler</a><BR>
 <LI><a href="#[9c]">ADC0_Handler</a>&nbsp;&nbsp;&nbsp;&rArr;&nbsp;&nbsp;&nbsp;<a href="#[9c]">ADC0_Handler</a><BR>
 <LI><a href="#[9e]">BOD_Handler</a>&nbsp;&nbsp;&nbsp;&rArr;&nbsp;&nbsp;&nbsp;<a href="#[9e]">BOD_Handler</a><BR>
 <LI><a href="#[9f]">SDIO_Handler</a>&nbsp;&nbsp;&nbsp;&rArr;&nbsp;&nbsp;&nbsp;<a href="#[9f]">SDIO_Handler</a><BR>
 <LI><a href="#[a6]">ADC1_Handler</a>&nbsp;&nbsp;&nbsp;&rArr;&nbsp;&nbsp;&nbsp;<a href="#[a6]">ADC1_Handler</a><BR>
 <LI><a href="#[a7]">FPU_Handler</a>&nbsp;&nbsp;&nbsp;&rArr;&nbsp;&nbsp;&nbsp;<a href="#[a7]">FPU_Handler</a><BR>
 <LI><a href="#[a8]">SPI1_Handler</a>&nbsp;&nbsp;&nbsp;&rArr;&nbsp;&nbsp;&nbsp;<a href="#[a8]">SPI1_Handler</a><BR>
 <LI><a href="#[a9]">TIMR0_Handler</a>&nbsp;&nbsp;&nbsp;&rArr;&nbsp;&nbsp;&nbsp;<a href="#[a9]">TIMR0_Handler</a><BR>
 <LI><a href="#[aa]">TIMR1_Handler</a>&nbsp;&nbsp;&nbsp;&rArr;&nbsp;&nbsp;&nbsp;<a href="#[aa]">TIMR1_Handler</a><BR>
 <LI><a href="#[ab]">TIMR2_Handler</a>&nbsp;&nbsp;&nbsp;&rArr;&nbsp;&nbsp;&nbsp;<a href="#[ab]">TIMR2_Handler</a><BR>
 <LI><a href="#[ac]">TIMR3_Handler</a>&nbsp;&nbsp;&nbsp;&rArr;&nbsp;&nbsp;&nbsp;<a href="#[ac]">TIMR3_Handler</a><BR>
 <LI><a href="#[ad]">TIMR4_Handler</a>&nbsp;&nbsp;&nbsp;&rArr;&nbsp;&nbsp;&nbsp;<a href="#[ad]">TIMR4_Handler</a><BR>
 <LI><a href="#[ae]">TIMR5_Handler</a>&nbsp;&nbsp;&nbsp;&rArr;&nbsp;&nbsp;&nbsp;<a href="#[ae]">TIMR5_Handler</a><BR>
</UL>
<P>
<H3>
Function Pointers
</H3><UL>
 <LI><a href="#[9c]">ADC0_Handler</a> from startup_swm320.o(.text) referenced from startup_swm320.o(RESET)
 <LI><a href="#[a6]">ADC1_Handler</a> from startup_swm320.o(.text) referenced from startup_swm320.o(RESET)
 <LI><a href="#[9e]">BOD_Handler</a> from startup_swm320.o(.text) referenced from startup_swm320.o(RESET)
 <LI><a href="#[68]">BusFault_Handler</a> from main.o(.text) referenced from startup_swm320.o(RESET)
 <LI><a href="#[91]">CAN_Handler</a> from startup_swm320.o(.text) referenced from startup_swm320.o(RESET)
 <LI><a href="#[8e]">DMA_Handler</a> from startup_swm320.o(.text) referenced from startup_swm320.o(RESET)
 <LI><a href="#[6b]">DebugMon_Handler</a> from startup_swm320.o(.text) referenced from startup_swm320.o(RESET)
 <LI><a href="#[a7]">FPU_Handler</a> from startup_swm320.o(.text) referenced from startup_swm320.o(RESET)
 <LI><a href="#[6e]">GPIOA0_Handler</a> from startup_swm320.o(.text) referenced from startup_swm320.o(RESET)
 <LI><a href="#[6f]">GPIOA1_Handler</a> from startup_swm320.o(.text) referenced from startup_swm320.o(RESET)
 <LI><a href="#[70]">GPIOA2_Handler</a> from startup_swm320.o(.text) referenced from startup_swm320.o(RESET)
 <LI><a href="#[71]">GPIOA3_Handler</a> from startup_swm320.o(.text) referenced from startup_swm320.o(RESET)
 <LI><a href="#[72]">GPIOA4_Handler</a> from startup_swm320.o(.text) referenced from startup_swm320.o(RESET)
 <LI><a href="#[73]">GPIOA5_Handler</a> from startup_swm320.o(.text) referenced from startup_swm320.o(RESET)
 <LI><a href="#[74]">GPIOA6_Handler</a> from startup_swm320.o(.text) referenced from startup_swm320.o(RESET)
 <LI><a href="#[75]">GPIOA7_Handler</a> from startup_swm320.o(.text) referenced from startup_swm320.o(RESET)
 <LI><a href="#[a0]">GPIOA_Handler</a> from fk_drvp_gpio.o(.text) referenced from startup_swm320.o(RESET)
 <LI><a href="#[76]">GPIOB0_Handler</a> from startup_swm320.o(.text) referenced from startup_swm320.o(RESET)
 <LI><a href="#[77]">GPIOB1_Handler</a> from startup_swm320.o(.text) referenced from startup_swm320.o(RESET)
 <LI><a href="#[78]">GPIOB2_Handler</a> from startup_swm320.o(.text) referenced from startup_swm320.o(RESET)
 <LI><a href="#[79]">GPIOB3_Handler</a> from startup_swm320.o(.text) referenced from startup_swm320.o(RESET)
 <LI><a href="#[7a]">GPIOB4_Handler</a> from startup_swm320.o(.text) referenced from startup_swm320.o(RESET)
 <LI><a href="#[7b]">GPIOB5_Handler</a> from startup_swm320.o(.text) referenced from startup_swm320.o(RESET)
 <LI><a href="#[7c]">GPIOB6_Handler</a> from startup_swm320.o(.text) referenced from startup_swm320.o(RESET)
 <LI><a href="#[7d]">GPIOB7_Handler</a> from startup_swm320.o(.text) referenced from startup_swm320.o(RESET)
 <LI><a href="#[a1]">GPIOB_Handler</a> from fk_drvp_gpio.o(.text) referenced from startup_swm320.o(RESET)
 <LI><a href="#[7e]">GPIOC0_Handler</a> from startup_swm320.o(.text) referenced from startup_swm320.o(RESET)
 <LI><a href="#[7f]">GPIOC1_Handler</a> from startup_swm320.o(.text) referenced from startup_swm320.o(RESET)
 <LI><a href="#[80]">GPIOC2_Handler</a> from startup_swm320.o(.text) referenced from startup_swm320.o(RESET)
 <LI><a href="#[81]">GPIOC3_Handler</a> from startup_swm320.o(.text) referenced from startup_swm320.o(RESET)
 <LI><a href="#[82]">GPIOC4_Handler</a> from startup_swm320.o(.text) referenced from startup_swm320.o(RESET)
 <LI><a href="#[83]">GPIOC5_Handler</a> from startup_swm320.o(.text) referenced from startup_swm320.o(RESET)
 <LI><a href="#[84]">GPIOC6_Handler</a> from startup_swm320.o(.text) referenced from startup_swm320.o(RESET)
 <LI><a href="#[85]">GPIOC7_Handler</a> from startup_swm320.o(.text) referenced from startup_swm320.o(RESET)
 <LI><a href="#[a2]">GPIOC_Handler</a> from fk_drvp_gpio.o(.text) referenced from startup_swm320.o(RESET)
 <LI><a href="#[86]">GPIOM0_Handler</a> from startup_swm320.o(.text) referenced from startup_swm320.o(RESET)
 <LI><a href="#[87]">GPIOM1_Handler</a> from startup_swm320.o(.text) referenced from startup_swm320.o(RESET)
 <LI><a href="#[88]">GPIOM2_Handler</a> from startup_swm320.o(.text) referenced from startup_swm320.o(RESET)
 <LI><a href="#[89]">GPIOM3_Handler</a> from startup_swm320.o(.text) referenced from startup_swm320.o(RESET)
 <LI><a href="#[8a]">GPIOM4_Handler</a> from startup_swm320.o(.text) referenced from startup_swm320.o(RESET)
 <LI><a href="#[8b]">GPIOM5_Handler</a> from startup_swm320.o(.text) referenced from startup_swm320.o(RESET)
 <LI><a href="#[8c]">GPIOM6_Handler</a> from startup_swm320.o(.text) referenced from startup_swm320.o(RESET)
 <LI><a href="#[8d]">GPIOM7_Handler</a> from startup_swm320.o(.text) referenced from startup_swm320.o(RESET)
 <LI><a href="#[a3]">GPIOM_Handler</a> from fk_drvp_gpio.o(.text) referenced from startup_swm320.o(RESET)
 <LI><a href="#[a4]">GPION_Handler</a> from fk_drvp_gpio.o(.text) referenced from startup_swm320.o(RESET)
 <LI><a href="#[a5]">GPIOP_Handler</a> from fk_drvp_gpio.o(.text) referenced from startup_swm320.o(RESET)
 <LI><a href="#[66]">HardFault_Handler</a> from main.o(.emb_text) referenced from startup_swm320.o(RESET)
 <LI><a href="#[99]">I2C0_Handler</a> from startup_swm320.o(.text) referenced from startup_swm320.o(RESET)
 <LI><a href="#[9a]">I2C1_Handler</a> from startup_swm320.o(.text) referenced from startup_swm320.o(RESET)
 <LI><a href="#[8f]">LCD_Handler</a> from startup_swm320.o(.text) referenced from startup_swm320.o(RESET)
 <LI><a href="#[67]">MemManage_Handler</a> from main.o(.text) referenced from startup_swm320.o(RESET)
 <LI><a href="#[65]">NMI_Handler</a> from startup_swm320.o(.text) referenced from startup_swm320.o(RESET)
 <LI><a href="#[90]">NORFLC_Handler</a> from startup_swm320.o(.text) referenced from startup_swm320.o(RESET)
 <LI><a href="#[92]">PULSE_Handler</a> from startup_swm320.o(.text) referenced from startup_swm320.o(RESET)
 <LI><a href="#[94]">PWM_Handler</a> from startup_swm320.o(.text) referenced from startup_swm320.o(RESET)
 <LI><a href="#[6c]">PendSV_Handler</a> from port.o(.emb_text) referenced from startup_swm320.o(RESET)
 <LI><a href="#[9d]">RTC_Handler</a> from fk_drvp_rtc.o(.text) referenced from startup_swm320.o(RESET)
 <LI><a href="#[64]">Reset_Handler</a> from startup_swm320.o(.text) referenced from startup_swm320.o(RESET)
 <LI><a href="#[9f]">SDIO_Handler</a> from startup_swm320.o(.text) referenced from startup_swm320.o(RESET)
 <LI><a href="#[9b]">SPI0_Handler</a> from startup_swm320.o(.text) referenced from startup_swm320.o(RESET)
 <LI><a href="#[a8]">SPI1_Handler</a> from startup_swm320.o(.text) referenced from startup_swm320.o(RESET)
 <LI><a href="#[6a]">SVC_Handler</a> from port.o(.emb_text) referenced from startup_swm320.o(RESET)
 <LI><a href="#[6d]">SysTick_Handler</a> from port.o(.text) referenced from startup_swm320.o(RESET)
 <LI><a href="#[a9]">TIMR0_Handler</a> from startup_swm320.o(.text) referenced from startup_swm320.o(RESET)
 <LI><a href="#[aa]">TIMR1_Handler</a> from startup_swm320.o(.text) referenced from startup_swm320.o(RESET)
 <LI><a href="#[ab]">TIMR2_Handler</a> from startup_swm320.o(.text) referenced from startup_swm320.o(RESET)
 <LI><a href="#[ac]">TIMR3_Handler</a> from startup_swm320.o(.text) referenced from startup_swm320.o(RESET)
 <LI><a href="#[ad]">TIMR4_Handler</a> from startup_swm320.o(.text) referenced from startup_swm320.o(RESET)
 <LI><a href="#[ae]">TIMR5_Handler</a> from startup_swm320.o(.text) referenced from startup_swm320.o(RESET)
 <LI><a href="#[95]">UART0_Handler</a> from fk_drvp_uart.o(.text) referenced from startup_swm320.o(RESET)
 <LI><a href="#[96]">UART1_Handler</a> from fk_drvp_uart.o(.text) referenced from startup_swm320.o(RESET)
 <LI><a href="#[97]">UART2_Handler</a> from fk_drvp_uart.o(.text) referenced from startup_swm320.o(RESET)
 <LI><a href="#[98]">UART3_Handler</a> from fk_drvp_uart.o(.text) referenced from startup_swm320.o(RESET)
 <LI><a href="#[69]">UsageFault_Handler</a> from main.o(.text) referenced from startup_swm320.o(RESET)
 <LI><a href="#[93]">WDT_Handler</a> from startup_swm320.o(.text) referenced from startup_swm320.o(RESET)
 <LI><a href="#[b2]">__main</a> from entry.o(.ARM.Collect$$$$00000000) referenced from startup_swm320.o(.text)
 <LI><a href="#[b8]">_sbackspace</a> from _sgetc.o(.text) referenced from strtod.o(.text)
 <LI><a href="#[b7]">_sgetc</a> from _sgetc.o(.text) referenced from strtod.o(.text)
 <LI><a href="#[bb]">_snputc</a> from printfa.o(i._snputc) referenced from printfa.o(i.__0snprintf)
 <LI><a href="#[bb]">_snputc</a> from printfa.o(i._snputc) referenced from printfa.o(i.__0vsnprintf)
 <LI><a href="#[48]">air_clr_rxbuf</a> from air7xx_base_opt.o(.text) referenced 2 times from air7xx.o(.data)
 <LI><a href="#[47]">air_clr_sta</a> from air7xx_base_opt.o(.text) referenced 2 times from air7xx.o(.data)
 <LI><a href="#[49]">air_clr_txbuf</a> from air7xx_base_opt.o(.text) referenced 2 times from air7xx.o(.data)
 <LI><a href="#[46]">air_create_dev</a> from air7xx_base_opt.o(.text) referenced 2 times from air7xx.o(.data)
 <LI><a href="#[4d]">air_deal_cmd_timeout</a> from air7xx_base_opt.o(.text) referenced 2 times from air7xx.o(.data)
 <LI><a href="#[52]">air_install_msg_cycle</a> from air7xx_work_connect_serv.o(.text) referenced 2 times from air7xx.o(.data)
 <LI><a href="#[51]">air_install_net_cycle</a> from air7xx_work_connect_serv.o(.text) referenced 2 times from air7xx.o(.data)
 <LI><a href="#[4b]">air_ptf_rxbuf</a> from air7xx_base_opt.o(.text) referenced 2 times from air7xx.o(.data)
 <LI><a href="#[4a]">air_ptf_txbuf</a> from air7xx_base_opt.o(.text) referenced 2 times from air7xx.o(.data)
 <LI><a href="#[4c]">air_send_str</a> from air7xx_base_opt.o(.text) referenced 2 times from air7xx.o(.data)
 <LI><a href="#[50]">air_work_connect_serv</a> from air7xx_work_connect_serv.o(.text) referenced 2 times from air7xx.o(.data)
 <LI><a href="#[4f]">air_work_init_dev</a> from air7xx_work_init_dev.o(.text) referenced 2 times from air7xx.o(.data)
 <LI><a href="#[4e]">air_work_rst_dev</a> from air7xx_work_rst_dev.o(.text) referenced 2 times from air7xx.o(.data)
 <LI><a href="#[16]">attach_irq</a> from fk_drv_gpio.o(.text) referenced 4 times from fk_drv_gpio.o(.data)
 <LI><a href="#[2]">cat_err</a> from work_fuse.o(.text) referenced 2 times from work_fuse.o(.data)
 <LI><a href="#[53]">ccb_Logon</a> from msg_cmd_analysis.o(.text) referenced 2 times from msg_cmd_analysis.o(.data)
 <LI><a href="#[5c]">ccb_cat_data</a> from msg_cmd_analysis.o(.text) referenced 2 times from msg_cmd_analysis.o(.data)
 <LI><a href="#[5a]">ccb_off</a> from msg_cmd_analysis.o(.text) referenced 2 times from msg_cmd_analysis.o(.data)
 <LI><a href="#[59]">ccb_on</a> from msg_cmd_analysis.o(.text) referenced 2 times from msg_cmd_analysis.o(.data)
 <LI><a href="#[57]">ccb_over</a> from msg_cmd_analysis.o(.text) referenced 2 times from msg_cmd_analysis.o(.data)
 <LI><a href="#[56]">ccb_pong</a> from msg_cmd_analysis.o(.text) referenced 2 times from msg_cmd_analysis.o(.data)
 <LI><a href="#[5b]">ccb_reboot</a> from msg_cmd_analysis.o(.text) referenced 2 times from msg_cmd_analysis.o(.data)
 <LI><a href="#[55]">ccb_time</a> from msg_cmd_analysis.o(.text) referenced 2 times from msg_cmd_analysis.o(.data)
 <LI><a href="#[54]">ccb_unknow</a> from msg_cmd_analysis.o(.text) referenced 2 times from msg_cmd_analysis.o(.data)
 <LI><a href="#[58]">ccb_update</a> from msg_cmd_analysis.o(.text) referenced 2 times from msg_cmd_analysis.o(.data)
 <LI><a href="#[1b]">close</a> from fk_drv_uart.o(.text) referenced 4 times from fk_drv_uart.o(.data)
 <LI><a href="#[1e]">clr_rxbuf</a> from fk_drv_uart.o(.text) referenced 2 times from fk_drv_uart.o(.data)
 <LI><a href="#[7]">cmd_cat_data</a> from work_debug.o(.text) referenced 2 times from cmdline.o(.data)
 <LI><a href="#[4]">cmd_clear</a> from cmdline.o(.text) referenced 2 times from cmdline.o(.data)
 <LI><a href="#[8]">cmd_config</a> from work_debug.o(.text) referenced 2 times from cmdline.o(.data)
 <LI><a href="#[a]">cmd_ctrl</a> from work_debug.o(.text) referenced 2 times from cmdline.o(.data)
 <LI><a href="#[5]">cmd_help</a> from cmdline.o(.text) referenced 2 times from cmdline.o(.data)
 <LI><a href="#[9]">cmd_ota</a> from work_debug.o(.text) referenced 2 times from cmdline.o(.data)
 <LI><a href="#[6]">cmd_reboot</a> from cmdline.o(.text) referenced 2 times from cmdline.o(.data)
 <LI><a href="#[3]">cmd_test</a> from cmdline.o(.text) referenced 2 times from cmdline.o(.data)
 <LI><a href="#[133]">crtl_task</a> from crtl_task.o(.text) referenced from crtl_task.o(.text)
 <LI><a href="#[17]">detach_irq</a> from fk_drv_gpio.o(.text) referenced 4 times from fk_drv_gpio.o(.data)
 <LI><a href="#[b3]">do_isr</a> from hlw80212.o(.text) referenced from hlw80212.o(.text)
 <LI><a href="#[bf]">erase</a> from fal_flash_swm320.o(.text) referenced from fal_flash_swm320.o(.constdata)
 <LI><a href="#[26]">feed</a> from fk_drv_wdg.o(.text) referenced 4 times from fk_drv_wdg.o(.data)
 <LI><a href="#[ba]">fputc</a> from main.o(.text) referenced from printfa.o(i.__0printf)
 <LI><a href="#[11]">get</a> from hlw80212.o(.text) referenced 4 times from hlw80212.o(.data)
 <LI><a href="#[23]">get_dt</a> from fk_drv_rtc.o(.text) referenced 4 times from fk_drv_rtc.o(.data)
 <LI><a href="#[140]">host_task</a> from host_task.o(.text) referenced from host_task.o(.text)
 <LI><a href="#[bc]">init</a> from fal_flash_swm320.o(.text) referenced from fal_flash_swm320.o(.constdata)
 <LI><a href="#[0]">init</a> from work_fuse.o(.text) referenced 24 times from work_fuse.o(.data)
 <LI><a href="#[18]">irq_enable</a> from fk_drv_gpio.o(.text) referenced 8 times from fk_drv_gpio.o(.data)
 <LI><a href="#[b9]">isspace</a> from isspace_o.o(.text) referenced from strtod.o(.text)
 <LI><a href="#[136]">listen_task</a> from listen_task.o(.text) referenced from listen_task.o(.text)
 <LI><a href="#[af]">main</a> from main.o(.text) referenced from entry9a.o(.ARM.Collect$$$$0000000B)
 <LI><a href="#[b6]">msg_cycle</a> from message.o(.text) referenced from network.o(.text)
 <LI><a href="#[b5]">net_cycle</a> from message.o(.text) referenced from network.o(.text)
 <LI><a href="#[1a]">open</a> from fk_drv_uart.o(.text) referenced 4 times from fk_drv_uart.o(.data)
 <LI><a href="#[41]">print_utc_time</a> from utc.o(.text) referenced 2 times from utc.o(.data)
 <LI><a href="#[b0]">prvIdleTask</a> from tasks.o(.text) referenced from tasks.o(.text)
 <LI><a href="#[b1]">prvTaskExitError</a> from port.o(.text) referenced from port.o(.text)
 <LI><a href="#[5e]">put_curr_report</a> from msg_ctrl_to_net.o(.text) referenced 2 times from msg_ctrl_to_net.o(.data)
 <LI><a href="#[62]">put_order</a> from msg_net_to_ctrl.o(.text) referenced 2 times from msg_net_to_ctrl.o(.data)
 <LI><a href="#[5f]">put_over_report</a> from msg_ctrl_to_net.o(.text) referenced 2 times from msg_ctrl_to_net.o(.data)
 <LI><a href="#[bd]">read</a> from fal_flash_swm320.o(.text) referenced from fal_flash_swm320.o(.constdata)
 <LI><a href="#[15]">read</a> from fk_drv_gpio.o(.text) referenced 10 times from fk_drv_gpio.o(.data)
 <LI><a href="#[b4]">recv_callback</a> from fk_drv_uart.o(.text) referenced from fk_drv_uart.o(.text)
 <LI><a href="#[d]">set_fuse</a> from led_board.o(.text) referenced 2 times from led_board.o(.data)
 <LI><a href="#[34]">set_int_rxfunc</a> from fk_drvp_uart.o(.text) referenced 2 times from fk_drvp_uart.o(.data)
 <LI><a href="#[13]">set_mode</a> from fk_drv_gpio.o(.text) referenced 4 times from fk_drv_gpio.o(.data)
 <LI><a href="#[c]">set_net</a> from led_board.o(.text) referenced 2 times from led_board.o(.data)
 <LI><a href="#[e]">set_sock</a> from led_board.o(.text) referenced 2 times from led_board.o(.data)
 <LI><a href="#[42]">split_string_n</a> from stropt.o(.text) referenced 2 times from stropt.o(.data)
 <LI><a href="#[21]">start</a> from fk_drv_rtc.o(.text) referenced 8 times from fk_drv_rtc.o(.data)
 <LI><a href="#[139]">start_task</a> from start_task.o(.text) referenced from start_task.o(.text)
 <LI><a href="#[22]">stop</a> from fk_drv_rtc.o(.text) referenced 8 times from fk_drv_rtc.o(.data)
 <LI><a href="#[3f]">timestamp_to_utc</a> from utc.o(.text) referenced 2 times from utc.o(.data)
 <LI><a href="#[2f]">uart_callback_none</a> from fk_drvp_uart.o(.text) referenced 8 times from fk_drvp_uart.o(.data)
 <LI><a href="#[45]">update</a> from lib_hc595.o(.text) referenced 2 times from lib_hc595.o(.data)
 <LI><a href="#[40]">utc_to_timestamp</a> from utc.o(.text) referenced 2 times from utc.o(.data)
 <LI><a href="#[1]">work</a> from work_fuse.o(.text) referenced 8 times from work_fuse.o(.data)
 <LI><a href="#[144]">work_cycle_reboot</a> from work_cycle_reboot.o(.text) referenced from work_cycle_reboot.o(.text)
 <LI><a href="#[be]">write</a> from fal_flash_swm320.o(.text) referenced from fal_flash_swm320.o(.constdata)
 <LI><a href="#[14]">write</a> from fk_drv_gpio.o(.text) referenced 10 times from fk_drv_gpio.o(.data)
</UL>
<P>
<H3>
Global Symbols
</H3>
<P><STRONG><a name="[b2]"></a>__main</STRONG> (Thumb, 0 bytes, Stack size unknown bytes, entry.o(.ARM.Collect$$$$00000000))
<BR>[Address Reference Count : 1]<UL><LI> startup_swm320.o(.text)
</UL>
<P><STRONG><a name="[1cc]"></a>_main_stk</STRONG> (Thumb, 0 bytes, Stack size unknown bytes, entry2.o(.ARM.Collect$$$$00000001))

<P><STRONG><a name="[c0]"></a>_main_scatterload</STRONG> (Thumb, 0 bytes, Stack size unknown bytes, entry5.o(.ARM.Collect$$$$00000004))
<BR><BR>[Calls]<UL><LI><a href="#[c1]">&gt;&gt;</a>&nbsp;&nbsp;&nbsp;__scatterload
</UL>

<P><STRONG><a name="[1bb]"></a>__main_after_scatterload</STRONG> (Thumb, 0 bytes, Stack size unknown bytes, entry5.o(.ARM.Collect$$$$00000004))
<BR><BR>[Called By]<UL><LI><a href="#[c1]">&gt;&gt;</a>&nbsp;&nbsp;&nbsp;__scatterload
</UL>

<P><STRONG><a name="[1cd]"></a>_main_clock</STRONG> (Thumb, 0 bytes, Stack size unknown bytes, entry7b.o(.ARM.Collect$$$$00000008))

<P><STRONG><a name="[1ce]"></a>_main_cpp_init</STRONG> (Thumb, 0 bytes, Stack size unknown bytes, entry8b.o(.ARM.Collect$$$$0000000A))

<P><STRONG><a name="[1cf]"></a>_main_init</STRONG> (Thumb, 0 bytes, Stack size unknown bytes, entry9a.o(.ARM.Collect$$$$0000000B))

<P><STRONG><a name="[1d0]"></a>__rt_lib_shutdown_fini</STRONG> (Thumb, 0 bytes, Stack size unknown bytes, entry12b.o(.ARM.Collect$$$$0000000E))

<P><STRONG><a name="[1d1]"></a>__rt_final_cpp</STRONG> (Thumb, 0 bytes, Stack size unknown bytes, entry10a.o(.ARM.Collect$$$$0000000F))

<P><STRONG><a name="[1d2]"></a>__rt_final_exit</STRONG> (Thumb, 0 bytes, Stack size unknown bytes, entry11a.o(.ARM.Collect$$$$00000011))

<P><STRONG><a name="[6a]"></a>SVC_Handler</STRONG> (Thumb, 32 bytes, Stack size 0 bytes, port.o(.emb_text))
<BR>[Address Reference Count : 1]<UL><LI> startup_swm320.o(RESET)
</UL>
<P><STRONG><a name="[10f]"></a>__asm___6_port_c_39a90d8d__prvStartFirstTask</STRONG> (Thumb, 28 bytes, Stack size 0 bytes, port.o(.emb_text))
<BR><BR>[Called By]<UL><LI><a href="#[101]">&gt;&gt;</a>&nbsp;&nbsp;&nbsp;xPortStartScheduler
</UL>

<P><STRONG><a name="[6c]"></a>PendSV_Handler</STRONG> (Thumb, 72 bytes, Stack size 0 bytes, port.o(.emb_text))
<BR><BR>[Stack]<UL><LI>Max Depth = 40<LI>Call Chain = PendSV_Handler &rArr; vTaskSwitchContext &rArr; vApplicationStackOverflowHook &rArr; __2printf
</UL>
<BR>[Calls]<UL><LI><a href="#[c2]">&gt;&gt;</a>&nbsp;&nbsp;&nbsp;vTaskSwitchContext
</UL>
<BR>[Address Reference Count : 1]<UL><LI> startup_swm320.o(RESET)
</UL>
<P><STRONG><a name="[1d3]"></a>vPortGetIPSR</STRONG> (Thumb, 6 bytes, Stack size 0 bytes, port.o(.emb_text), UNUSED)

<P><STRONG><a name="[66]"></a>HardFault_Handler</STRONG> (Thumb, 18 bytes, Stack size 0 bytes, main.o(.emb_text))
<BR><BR>[Stack]<UL><LI>Max Depth = 56<LI>Call Chain = HardFault_Handler &rArr; HardFault_Handler_C &rArr; __2printf
</UL>
<BR>[Calls]<UL><LI><a href="#[c3]">&gt;&gt;</a>&nbsp;&nbsp;&nbsp;HardFault_Handler_C
</UL>
<BR>[Address Reference Count : 1]<UL><LI> startup_swm320.o(RESET)
</UL>
<P><STRONG><a name="[c7]"></a>vListInitialise</STRONG> (Thumb, 26 bytes, Stack size 0 bytes, list.o(.text))
<BR><BR>[Called By]<UL><LI><a href="#[e7]">&gt;&gt;</a>&nbsp;&nbsp;&nbsp;prvInitialiseTaskLists
<LI><a href="#[c4]">&gt;&gt;</a>&nbsp;&nbsp;&nbsp;xQueueGenericReset
</UL>

<P><STRONG><a name="[ec]"></a>vListInitialiseItem</STRONG> (Thumb, 6 bytes, Stack size 0 bytes, list.o(.text))
<BR><BR>[Called By]<UL><LI><a href="#[ea]">&gt;&gt;</a>&nbsp;&nbsp;&nbsp;prvInitialiseNewTask
</UL>

<P><STRONG><a name="[e9]"></a>vListInsertEnd</STRONG> (Thumb, 24 bytes, Stack size 0 bytes, list.o(.text))
<BR><BR>[Called By]<UL><LI><a href="#[10c]">&gt;&gt;</a>&nbsp;&nbsp;&nbsp;vTaskNotifyGiveFromISR
<LI><a href="#[10b]">&gt;&gt;</a>&nbsp;&nbsp;&nbsp;xTaskGenericNotifyFromISR
<LI><a href="#[10a]">&gt;&gt;</a>&nbsp;&nbsp;&nbsp;xTaskGenericNotify
<LI><a href="#[105]">&gt;&gt;</a>&nbsp;&nbsp;&nbsp;xTaskRemoveFromUnorderedEventList
<LI><a href="#[104]">&gt;&gt;</a>&nbsp;&nbsp;&nbsp;vTaskPlaceOnUnorderedEventList
<LI><a href="#[fe]">&gt;&gt;</a>&nbsp;&nbsp;&nbsp;xTaskResumeFromISR
<LI><a href="#[fc]">&gt;&gt;</a>&nbsp;&nbsp;&nbsp;vTaskResume
<LI><a href="#[fb]">&gt;&gt;</a>&nbsp;&nbsp;&nbsp;vTaskSuspend
<LI><a href="#[f9]">&gt;&gt;</a>&nbsp;&nbsp;&nbsp;vTaskPrioritySet
<LI><a href="#[f3]">&gt;&gt;</a>&nbsp;&nbsp;&nbsp;xTaskIncrementTick
<LI><a href="#[f0]">&gt;&gt;</a>&nbsp;&nbsp;&nbsp;vTaskDelete
<LI><a href="#[f4]">&gt;&gt;</a>&nbsp;&nbsp;&nbsp;prvAddCurrentTaskToDelayedList
<LI><a href="#[e8]">&gt;&gt;</a>&nbsp;&nbsp;&nbsp;prvAddNewTaskToReadyList
<LI><a href="#[d7]">&gt;&gt;</a>&nbsp;&nbsp;&nbsp;xTaskResumeAll
<LI><a href="#[c6]">&gt;&gt;</a>&nbsp;&nbsp;&nbsp;xTaskRemoveFromEventList
<LI><a href="#[d0]">&gt;&gt;</a>&nbsp;&nbsp;&nbsp;xTaskPriorityDisinherit
<LI><a href="#[e0]">&gt;&gt;</a>&nbsp;&nbsp;&nbsp;vTaskPriorityInherit
</UL>

<P><STRONG><a name="[f5]"></a>vListInsert</STRONG> (Thumb, 52 bytes, Stack size 8 bytes, list.o(.text))
<BR><BR>[Stack]<UL><LI>Max Depth = 8<LI>Call Chain = vListInsert
</UL>
<BR>[Called By]<UL><LI><a href="#[f4]">&gt;&gt;</a>&nbsp;&nbsp;&nbsp;prvAddCurrentTaskToDelayedList
<LI><a href="#[d6]">&gt;&gt;</a>&nbsp;&nbsp;&nbsp;vTaskPlaceOnEventList
</UL>

<P><STRONG><a name="[f1]"></a>uxListRemove</STRONG> (Thumb, 40 bytes, Stack size 0 bytes, list.o(.text))
<BR><BR>[Called By]<UL><LI><a href="#[10c]">&gt;&gt;</a>&nbsp;&nbsp;&nbsp;vTaskNotifyGiveFromISR
<LI><a href="#[10b]">&gt;&gt;</a>&nbsp;&nbsp;&nbsp;xTaskGenericNotifyFromISR
<LI><a href="#[10a]">&gt;&gt;</a>&nbsp;&nbsp;&nbsp;xTaskGenericNotify
<LI><a href="#[105]">&gt;&gt;</a>&nbsp;&nbsp;&nbsp;xTaskRemoveFromUnorderedEventList
<LI><a href="#[fe]">&gt;&gt;</a>&nbsp;&nbsp;&nbsp;xTaskResumeFromISR
<LI><a href="#[fc]">&gt;&gt;</a>&nbsp;&nbsp;&nbsp;vTaskResume
<LI><a href="#[fb]">&gt;&gt;</a>&nbsp;&nbsp;&nbsp;vTaskSuspend
<LI><a href="#[f9]">&gt;&gt;</a>&nbsp;&nbsp;&nbsp;vTaskPrioritySet
<LI><a href="#[f3]">&gt;&gt;</a>&nbsp;&nbsp;&nbsp;xTaskIncrementTick
<LI><a href="#[f0]">&gt;&gt;</a>&nbsp;&nbsp;&nbsp;vTaskDelete
<LI><a href="#[ff]">&gt;&gt;</a>&nbsp;&nbsp;&nbsp;prvCheckTasksWaitingTermination
<LI><a href="#[f4]">&gt;&gt;</a>&nbsp;&nbsp;&nbsp;prvAddCurrentTaskToDelayedList
<LI><a href="#[d7]">&gt;&gt;</a>&nbsp;&nbsp;&nbsp;xTaskResumeAll
<LI><a href="#[c6]">&gt;&gt;</a>&nbsp;&nbsp;&nbsp;xTaskRemoveFromEventList
<LI><a href="#[d0]">&gt;&gt;</a>&nbsp;&nbsp;&nbsp;xTaskPriorityDisinherit
<LI><a href="#[e0]">&gt;&gt;</a>&nbsp;&nbsp;&nbsp;vTaskPriorityInherit
</UL>

<P><STRONG><a name="[c4]"></a>xQueueGenericReset</STRONG> (Thumb, 122 bytes, Stack size 16 bytes, queue.o(.text))
<BR><BR>[Stack]<UL><LI>Max Depth = 32<LI>Call Chain = xQueueGenericReset &rArr; xTaskRemoveFromEventList
</UL>
<BR>[Calls]<UL><LI><a href="#[c6]">&gt;&gt;</a>&nbsp;&nbsp;&nbsp;xTaskRemoveFromEventList
<LI><a href="#[c8]">&gt;&gt;</a>&nbsp;&nbsp;&nbsp;vPortExitCritical
<LI><a href="#[c5]">&gt;&gt;</a>&nbsp;&nbsp;&nbsp;vPortEnterCritical
<LI><a href="#[c7]">&gt;&gt;</a>&nbsp;&nbsp;&nbsp;vListInitialise
</UL>
<BR>[Called By]<UL><LI><a href="#[c9]">&gt;&gt;</a>&nbsp;&nbsp;&nbsp;prvInitialiseNewQueue
</UL>

<P><STRONG><a name="[ca]"></a>xQueueGenericCreate</STRONG> (Thumb, 56 bytes, Stack size 32 bytes, queue.o(.text))
<BR><BR>[Stack]<UL><LI>Max Depth = 96<LI>Call Chain = xQueueGenericCreate &rArr; pvPortMalloc &rArr; xTaskResumeAll &rArr; xTaskIncrementTick
</UL>
<BR>[Calls]<UL><LI><a href="#[cb]">&gt;&gt;</a>&nbsp;&nbsp;&nbsp;pvPortMalloc
<LI><a href="#[c9]">&gt;&gt;</a>&nbsp;&nbsp;&nbsp;prvInitialiseNewQueue
</UL>
<BR>[Called By]<UL><LI><a href="#[d9]">&gt;&gt;</a>&nbsp;&nbsp;&nbsp;xQueueCreateMutex
<LI><a href="#[10]">&gt;&gt;</a>&nbsp;&nbsp;&nbsp;init
<LI><a href="#[61]">&gt;&gt;</a>&nbsp;&nbsp;&nbsp;init
<LI><a href="#[5d]">&gt;&gt;</a>&nbsp;&nbsp;&nbsp;init
</UL>

<P><STRONG><a name="[d2]"></a>xQueueGenericSend</STRONG> (Thumb, 276 bytes, Stack size 56 bytes, queue.o(.text))
<BR><BR>[Stack]<UL><LI>Max Depth = 104<LI>Call Chain = xQueueGenericSend &rArr; vTaskPlaceOnEventList &rArr; prvAddCurrentTaskToDelayedList &rArr; vListInsert
</UL>
<BR>[Calls]<UL><LI><a href="#[d7]">&gt;&gt;</a>&nbsp;&nbsp;&nbsp;xTaskResumeAll
<LI><a href="#[c6]">&gt;&gt;</a>&nbsp;&nbsp;&nbsp;xTaskRemoveFromEventList
<LI><a href="#[d5]">&gt;&gt;</a>&nbsp;&nbsp;&nbsp;xTaskCheckForTimeOut
<LI><a href="#[d4]">&gt;&gt;</a>&nbsp;&nbsp;&nbsp;vTaskSuspendAll
<LI><a href="#[d3]">&gt;&gt;</a>&nbsp;&nbsp;&nbsp;vTaskSetTimeOutState
<LI><a href="#[d6]">&gt;&gt;</a>&nbsp;&nbsp;&nbsp;vTaskPlaceOnEventList
<LI><a href="#[c8]">&gt;&gt;</a>&nbsp;&nbsp;&nbsp;vPortExitCritical
<LI><a href="#[c5]">&gt;&gt;</a>&nbsp;&nbsp;&nbsp;vPortEnterCritical
<LI><a href="#[cf]">&gt;&gt;</a>&nbsp;&nbsp;&nbsp;prvCopyDataToQueue
<LI><a href="#[ce]">&gt;&gt;</a>&nbsp;&nbsp;&nbsp;prvIsQueueFull
<LI><a href="#[cc]">&gt;&gt;</a>&nbsp;&nbsp;&nbsp;prvUnlockQueue
</UL>
<BR>[Called By]<UL><LI><a href="#[d8]">&gt;&gt;</a>&nbsp;&nbsp;&nbsp;prvInitialiseMutex
<LI><a href="#[13e]">&gt;&gt;</a>&nbsp;&nbsp;&nbsp;cslock_free
<LI><a href="#[16c]">&gt;&gt;</a>&nbsp;&nbsp;&nbsp;put
<LI><a href="#[62]">&gt;&gt;</a>&nbsp;&nbsp;&nbsp;put_order
<LI><a href="#[5f]">&gt;&gt;</a>&nbsp;&nbsp;&nbsp;put_over_report
<LI><a href="#[5e]">&gt;&gt;</a>&nbsp;&nbsp;&nbsp;put_curr_report
</UL>

<P><STRONG><a name="[d9]"></a>xQueueCreateMutex</STRONG> (Thumb, 34 bytes, Stack size 24 bytes, queue.o(.text))
<BR><BR>[Stack]<UL><LI>Max Depth = 136<LI>Call Chain = xQueueCreateMutex &rArr; prvInitialiseMutex &rArr; xQueueGenericSend &rArr; vTaskPlaceOnEventList &rArr; prvAddCurrentTaskToDelayedList &rArr; vListInsert
</UL>
<BR>[Calls]<UL><LI><a href="#[ca]">&gt;&gt;</a>&nbsp;&nbsp;&nbsp;xQueueGenericCreate
<LI><a href="#[d8]">&gt;&gt;</a>&nbsp;&nbsp;&nbsp;prvInitialiseMutex
</UL>
<BR>[Called By]<UL><LI><a href="#[138]">&gt;&gt;</a>&nbsp;&nbsp;&nbsp;cslock_init
</UL>

<P><STRONG><a name="[da]"></a>xQueueGenericSendFromISR</STRONG> (Thumb, 134 bytes, Stack size 40 bytes, queue.o(.text), UNUSED)
<BR><BR>[Calls]<UL><LI><a href="#[c6]">&gt;&gt;</a>&nbsp;&nbsp;&nbsp;xTaskRemoveFromEventList
<LI><a href="#[cf]">&gt;&gt;</a>&nbsp;&nbsp;&nbsp;prvCopyDataToQueue
</UL>

<P><STRONG><a name="[db]"></a>xQueueGiveFromISR</STRONG> (Thumb, 124 bytes, Stack size 32 bytes, queue.o(.text), UNUSED)
<BR><BR>[Calls]<UL><LI><a href="#[c6]">&gt;&gt;</a>&nbsp;&nbsp;&nbsp;xTaskRemoveFromEventList
</UL>

<P><STRONG><a name="[de]"></a>xQueueGenericReceive</STRONG> (Thumb, 342 bytes, Stack size 56 bytes, queue.o(.text))
<BR><BR>[Stack]<UL><LI>Max Depth = 104<LI>Call Chain = xQueueGenericReceive &rArr; vTaskPlaceOnEventList &rArr; prvAddCurrentTaskToDelayedList &rArr; vListInsert
</UL>
<BR>[Calls]<UL><LI><a href="#[d7]">&gt;&gt;</a>&nbsp;&nbsp;&nbsp;xTaskResumeAll
<LI><a href="#[c6]">&gt;&gt;</a>&nbsp;&nbsp;&nbsp;xTaskRemoveFromEventList
<LI><a href="#[d5]">&gt;&gt;</a>&nbsp;&nbsp;&nbsp;xTaskCheckForTimeOut
<LI><a href="#[d4]">&gt;&gt;</a>&nbsp;&nbsp;&nbsp;vTaskSuspendAll
<LI><a href="#[d3]">&gt;&gt;</a>&nbsp;&nbsp;&nbsp;vTaskSetTimeOutState
<LI><a href="#[e0]">&gt;&gt;</a>&nbsp;&nbsp;&nbsp;vTaskPriorityInherit
<LI><a href="#[d6]">&gt;&gt;</a>&nbsp;&nbsp;&nbsp;vTaskPlaceOnEventList
<LI><a href="#[c8]">&gt;&gt;</a>&nbsp;&nbsp;&nbsp;vPortExitCritical
<LI><a href="#[c5]">&gt;&gt;</a>&nbsp;&nbsp;&nbsp;vPortEnterCritical
<LI><a href="#[df]">&gt;&gt;</a>&nbsp;&nbsp;&nbsp;pvTaskIncrementMutexHeldCount
<LI><a href="#[dd]">&gt;&gt;</a>&nbsp;&nbsp;&nbsp;prvCopyDataFromQueue
<LI><a href="#[dc]">&gt;&gt;</a>&nbsp;&nbsp;&nbsp;prvIsQueueEmpty
<LI><a href="#[cc]">&gt;&gt;</a>&nbsp;&nbsp;&nbsp;prvUnlockQueue
</UL>
<BR>[Called By]<UL><LI><a href="#[13d]">&gt;&gt;</a>&nbsp;&nbsp;&nbsp;cslock_get
<LI><a href="#[11]">&gt;&gt;</a>&nbsp;&nbsp;&nbsp;get
<LI><a href="#[63]">&gt;&gt;</a>&nbsp;&nbsp;&nbsp;get
<LI><a href="#[1a6]">&gt;&gt;</a>&nbsp;&nbsp;&nbsp;get
</UL>

<P><STRONG><a name="[e1]"></a>xQueueReceiveFromISR</STRONG> (Thumb, 130 bytes, Stack size 40 bytes, queue.o(.text), UNUSED)
<BR><BR>[Calls]<UL><LI><a href="#[c6]">&gt;&gt;</a>&nbsp;&nbsp;&nbsp;xTaskRemoveFromEventList
<LI><a href="#[dd]">&gt;&gt;</a>&nbsp;&nbsp;&nbsp;prvCopyDataFromQueue
</UL>

<P><STRONG><a name="[e2]"></a>xQueuePeekFromISR</STRONG> (Thumb, 74 bytes, Stack size 32 bytes, queue.o(.text), UNUSED)
<BR><BR>[Calls]<UL><LI><a href="#[dd]">&gt;&gt;</a>&nbsp;&nbsp;&nbsp;prvCopyDataFromQueue
</UL>

<P><STRONG><a name="[e3]"></a>uxQueueMessagesWaiting</STRONG> (Thumb, 18 bytes, Stack size 16 bytes, queue.o(.text), UNUSED)
<BR><BR>[Calls]<UL><LI><a href="#[c8]">&gt;&gt;</a>&nbsp;&nbsp;&nbsp;vPortExitCritical
<LI><a href="#[c5]">&gt;&gt;</a>&nbsp;&nbsp;&nbsp;vPortEnterCritical
</UL>

<P><STRONG><a name="[e4]"></a>uxQueueSpacesAvailable</STRONG> (Thumb, 24 bytes, Stack size 16 bytes, queue.o(.text), UNUSED)
<BR><BR>[Calls]<UL><LI><a href="#[c8]">&gt;&gt;</a>&nbsp;&nbsp;&nbsp;vPortExitCritical
<LI><a href="#[c5]">&gt;&gt;</a>&nbsp;&nbsp;&nbsp;vPortEnterCritical
</UL>

<P><STRONG><a name="[1d4]"></a>uxQueueMessagesWaitingFromISR</STRONG> (Thumb, 6 bytes, Stack size 0 bytes, queue.o(.text), UNUSED)

<P><STRONG><a name="[e5]"></a>vQueueDelete</STRONG> (Thumb, 14 bytes, Stack size 16 bytes, queue.o(.text), UNUSED)
<BR><BR>[Calls]<UL><LI><a href="#[e6]">&gt;&gt;</a>&nbsp;&nbsp;&nbsp;vPortFree
</UL>

<P><STRONG><a name="[1d5]"></a>xQueueIsQueueEmptyFromISR</STRONG> (Thumb, 14 bytes, Stack size 0 bytes, queue.o(.text), UNUSED)

<P><STRONG><a name="[1d6]"></a>xQueueIsQueueFullFromISR</STRONG> (Thumb, 18 bytes, Stack size 0 bytes, queue.o(.text), UNUSED)

<P><STRONG><a name="[ee]"></a>xTaskCreate</STRONG> (Thumb, 96 bytes, Stack size 72 bytes, tasks.o(.text))
<BR><BR>[Stack]<UL><LI>Max Depth = 136<LI>Call Chain = xTaskCreate &rArr; pvPortMalloc &rArr; xTaskResumeAll &rArr; xTaskIncrementTick
</UL>
<BR>[Calls]<UL><LI><a href="#[ea]">&gt;&gt;</a>&nbsp;&nbsp;&nbsp;prvInitialiseNewTask
<LI><a href="#[e8]">&gt;&gt;</a>&nbsp;&nbsp;&nbsp;prvAddNewTaskToReadyList
<LI><a href="#[e6]">&gt;&gt;</a>&nbsp;&nbsp;&nbsp;vPortFree
<LI><a href="#[cb]">&gt;&gt;</a>&nbsp;&nbsp;&nbsp;pvPortMalloc
</UL>
<BR>[Called By]<UL><LI><a href="#[100]">&gt;&gt;</a>&nbsp;&nbsp;&nbsp;vTaskStartScheduler
<LI><a href="#[13b]">&gt;&gt;</a>&nbsp;&nbsp;&nbsp;host_task_create
<LI><a href="#[137]">&gt;&gt;</a>&nbsp;&nbsp;&nbsp;listen_task_create
<LI><a href="#[135]">&gt;&gt;</a>&nbsp;&nbsp;&nbsp;crtl_task_create
<LI><a href="#[130]">&gt;&gt;</a>&nbsp;&nbsp;&nbsp;start_taks_create
</UL>

<P><STRONG><a name="[f0]"></a>vTaskDelete</STRONG> (Thumb, 166 bytes, Stack size 16 bytes, tasks.o(.text), UNUSED)
<BR><BR>[Calls]<UL><LI><a href="#[ef]">&gt;&gt;</a>&nbsp;&nbsp;&nbsp;prvDeleteTCB
<LI><a href="#[f2]">&gt;&gt;</a>&nbsp;&nbsp;&nbsp;prvResetNextTaskUnblockTime
<LI><a href="#[c8]">&gt;&gt;</a>&nbsp;&nbsp;&nbsp;vPortExitCritical
<LI><a href="#[c5]">&gt;&gt;</a>&nbsp;&nbsp;&nbsp;vPortEnterCritical
<LI><a href="#[f1]">&gt;&gt;</a>&nbsp;&nbsp;&nbsp;uxListRemove
<LI><a href="#[e9]">&gt;&gt;</a>&nbsp;&nbsp;&nbsp;vListInsertEnd
</UL>

<P><STRONG><a name="[f3]"></a>xTaskIncrementTick</STRONG> (Thumb, 238 bytes, Stack size 24 bytes, tasks.o(.text))
<BR><BR>[Stack]<UL><LI>Max Depth = 24<LI>Call Chain = xTaskIncrementTick
</UL>
<BR>[Calls]<UL><LI><a href="#[f2]">&gt;&gt;</a>&nbsp;&nbsp;&nbsp;prvResetNextTaskUnblockTime
<LI><a href="#[f1]">&gt;&gt;</a>&nbsp;&nbsp;&nbsp;uxListRemove
<LI><a href="#[e9]">&gt;&gt;</a>&nbsp;&nbsp;&nbsp;vListInsertEnd
</UL>
<BR>[Called By]<UL><LI><a href="#[6d]">&gt;&gt;</a>&nbsp;&nbsp;&nbsp;SysTick_Handler
<LI><a href="#[d7]">&gt;&gt;</a>&nbsp;&nbsp;&nbsp;xTaskResumeAll
</UL>

<P><STRONG><a name="[d7]"></a>xTaskResumeAll</STRONG> (Thumb, 282 bytes, Stack size 16 bytes, tasks.o(.text))
<BR><BR>[Stack]<UL><LI>Max Depth = 40<LI>Call Chain = xTaskResumeAll &rArr; xTaskIncrementTick
</UL>
<BR>[Calls]<UL><LI><a href="#[f3]">&gt;&gt;</a>&nbsp;&nbsp;&nbsp;xTaskIncrementTick
<LI><a href="#[f2]">&gt;&gt;</a>&nbsp;&nbsp;&nbsp;prvResetNextTaskUnblockTime
<LI><a href="#[c8]">&gt;&gt;</a>&nbsp;&nbsp;&nbsp;vPortExitCritical
<LI><a href="#[c5]">&gt;&gt;</a>&nbsp;&nbsp;&nbsp;vPortEnterCritical
<LI><a href="#[f1]">&gt;&gt;</a>&nbsp;&nbsp;&nbsp;uxListRemove
<LI><a href="#[e9]">&gt;&gt;</a>&nbsp;&nbsp;&nbsp;vListInsertEnd
</UL>
<BR>[Called By]<UL><LI><a href="#[f7]">&gt;&gt;</a>&nbsp;&nbsp;&nbsp;vTaskDelay
<LI><a href="#[f6]">&gt;&gt;</a>&nbsp;&nbsp;&nbsp;vTaskDelayUntil
<LI><a href="#[ff]">&gt;&gt;</a>&nbsp;&nbsp;&nbsp;prvCheckTasksWaitingTermination
<LI><a href="#[e6]">&gt;&gt;</a>&nbsp;&nbsp;&nbsp;vPortFree
<LI><a href="#[cb]">&gt;&gt;</a>&nbsp;&nbsp;&nbsp;pvPortMalloc
<LI><a href="#[de]">&gt;&gt;</a>&nbsp;&nbsp;&nbsp;xQueueGenericReceive
<LI><a href="#[d2]">&gt;&gt;</a>&nbsp;&nbsp;&nbsp;xQueueGenericSend
</UL>

<P><STRONG><a name="[d4]"></a>vTaskSuspendAll</STRONG> (Thumb, 12 bytes, Stack size 0 bytes, tasks.o(.text))
<BR><BR>[Called By]<UL><LI><a href="#[f7]">&gt;&gt;</a>&nbsp;&nbsp;&nbsp;vTaskDelay
<LI><a href="#[f6]">&gt;&gt;</a>&nbsp;&nbsp;&nbsp;vTaskDelayUntil
<LI><a href="#[ff]">&gt;&gt;</a>&nbsp;&nbsp;&nbsp;prvCheckTasksWaitingTermination
<LI><a href="#[e6]">&gt;&gt;</a>&nbsp;&nbsp;&nbsp;vPortFree
<LI><a href="#[cb]">&gt;&gt;</a>&nbsp;&nbsp;&nbsp;pvPortMalloc
<LI><a href="#[de]">&gt;&gt;</a>&nbsp;&nbsp;&nbsp;xQueueGenericReceive
<LI><a href="#[d2]">&gt;&gt;</a>&nbsp;&nbsp;&nbsp;xQueueGenericSend
</UL>

<P><STRONG><a name="[f6]"></a>vTaskDelayUntil</STRONG> (Thumb, 106 bytes, Stack size 32 bytes, tasks.o(.text), UNUSED)
<BR><BR>[Calls]<UL><LI><a href="#[f4]">&gt;&gt;</a>&nbsp;&nbsp;&nbsp;prvAddCurrentTaskToDelayedList
<LI><a href="#[d7]">&gt;&gt;</a>&nbsp;&nbsp;&nbsp;xTaskResumeAll
<LI><a href="#[d4]">&gt;&gt;</a>&nbsp;&nbsp;&nbsp;vTaskSuspendAll
</UL>

<P><STRONG><a name="[f7]"></a>vTaskDelay</STRONG> (Thumb, 46 bytes, Stack size 16 bytes, tasks.o(.text))
<BR><BR>[Stack]<UL><LI>Max Depth = 56<LI>Call Chain = vTaskDelay &rArr; xTaskResumeAll &rArr; xTaskIncrementTick
</UL>
<BR>[Calls]<UL><LI><a href="#[f4]">&gt;&gt;</a>&nbsp;&nbsp;&nbsp;prvAddCurrentTaskToDelayedList
<LI><a href="#[d7]">&gt;&gt;</a>&nbsp;&nbsp;&nbsp;xTaskResumeAll
<LI><a href="#[d4]">&gt;&gt;</a>&nbsp;&nbsp;&nbsp;vTaskSuspendAll
</UL>
<BR>[Called By]<UL><LI><a href="#[140]">&gt;&gt;</a>&nbsp;&nbsp;&nbsp;host_task
<LI><a href="#[139]">&gt;&gt;</a>&nbsp;&nbsp;&nbsp;start_task
<LI><a href="#[136]">&gt;&gt;</a>&nbsp;&nbsp;&nbsp;listen_task
<LI><a href="#[133]">&gt;&gt;</a>&nbsp;&nbsp;&nbsp;crtl_task
<LI><a href="#[6]">&gt;&gt;</a>&nbsp;&nbsp;&nbsp;cmd_reboot
<LI><a href="#[50]">&gt;&gt;</a>&nbsp;&nbsp;&nbsp;air_work_connect_serv
</UL>

<P><STRONG><a name="[f8]"></a>uxTaskPriorityGet</STRONG> (Thumb, 30 bytes, Stack size 16 bytes, tasks.o(.text), UNUSED)
<BR><BR>[Calls]<UL><LI><a href="#[c8]">&gt;&gt;</a>&nbsp;&nbsp;&nbsp;vPortExitCritical
<LI><a href="#[c5]">&gt;&gt;</a>&nbsp;&nbsp;&nbsp;vPortEnterCritical
</UL>

<P><STRONG><a name="[1d7]"></a>uxTaskPriorityGetFromISR</STRONG> (Thumb, 52 bytes, Stack size 16 bytes, tasks.o(.text), UNUSED)

<P><STRONG><a name="[f9]"></a>vTaskPrioritySet</STRONG> (Thumb, 226 bytes, Stack size 32 bytes, tasks.o(.text), UNUSED)
<BR><BR>[Calls]<UL><LI><a href="#[c8]">&gt;&gt;</a>&nbsp;&nbsp;&nbsp;vPortExitCritical
<LI><a href="#[c5]">&gt;&gt;</a>&nbsp;&nbsp;&nbsp;vPortEnterCritical
<LI><a href="#[f1]">&gt;&gt;</a>&nbsp;&nbsp;&nbsp;uxListRemove
<LI><a href="#[e9]">&gt;&gt;</a>&nbsp;&nbsp;&nbsp;vListInsertEnd
</UL>

<P><STRONG><a name="[c2]"></a>vTaskSwitchContext</STRONG> (Thumb, 132 bytes, Stack size 16 bytes, tasks.o(.text))
<BR><BR>[Stack]<UL><LI>Max Depth = 40<LI>Call Chain = vTaskSwitchContext &rArr; vApplicationStackOverflowHook &rArr; __2printf
</UL>
<BR>[Calls]<UL><LI><a href="#[fa]">&gt;&gt;</a>&nbsp;&nbsp;&nbsp;vApplicationStackOverflowHook
</UL>
<BR>[Called By]<UL><LI><a href="#[6c]">&gt;&gt;</a>&nbsp;&nbsp;&nbsp;PendSV_Handler
<LI><a href="#[fb]">&gt;&gt;</a>&nbsp;&nbsp;&nbsp;vTaskSuspend
</UL>

<P><STRONG><a name="[fb]"></a>vTaskSuspend</STRONG> (Thumb, 160 bytes, Stack size 16 bytes, tasks.o(.text), UNUSED)
<BR><BR>[Calls]<UL><LI><a href="#[c2]">&gt;&gt;</a>&nbsp;&nbsp;&nbsp;vTaskSwitchContext
<LI><a href="#[f2]">&gt;&gt;</a>&nbsp;&nbsp;&nbsp;prvResetNextTaskUnblockTime
<LI><a href="#[c8]">&gt;&gt;</a>&nbsp;&nbsp;&nbsp;vPortExitCritical
<LI><a href="#[c5]">&gt;&gt;</a>&nbsp;&nbsp;&nbsp;vPortEnterCritical
<LI><a href="#[f1]">&gt;&gt;</a>&nbsp;&nbsp;&nbsp;uxListRemove
<LI><a href="#[e9]">&gt;&gt;</a>&nbsp;&nbsp;&nbsp;vListInsertEnd
</UL>

<P><STRONG><a name="[fc]"></a>vTaskResume</STRONG> (Thumb, 104 bytes, Stack size 16 bytes, tasks.o(.text), UNUSED)
<BR><BR>[Calls]<UL><LI><a href="#[fd]">&gt;&gt;</a>&nbsp;&nbsp;&nbsp;prvTaskIsTaskSuspended
<LI><a href="#[c8]">&gt;&gt;</a>&nbsp;&nbsp;&nbsp;vPortExitCritical
<LI><a href="#[c5]">&gt;&gt;</a>&nbsp;&nbsp;&nbsp;vPortEnterCritical
<LI><a href="#[f1]">&gt;&gt;</a>&nbsp;&nbsp;&nbsp;uxListRemove
<LI><a href="#[e9]">&gt;&gt;</a>&nbsp;&nbsp;&nbsp;vListInsertEnd
</UL>

<P><STRONG><a name="[fe]"></a>xTaskResumeFromISR</STRONG> (Thumb, 130 bytes, Stack size 24 bytes, tasks.o(.text), UNUSED)
<BR><BR>[Calls]<UL><LI><a href="#[fd]">&gt;&gt;</a>&nbsp;&nbsp;&nbsp;prvTaskIsTaskSuspended
<LI><a href="#[f1]">&gt;&gt;</a>&nbsp;&nbsp;&nbsp;uxListRemove
<LI><a href="#[e9]">&gt;&gt;</a>&nbsp;&nbsp;&nbsp;vListInsertEnd
</UL>

<P><STRONG><a name="[100]"></a>vTaskStartScheduler</STRONG> (Thumb, 72 bytes, Stack size 16 bytes, tasks.o(.text))
<BR><BR>[Stack]<UL><LI>Max Depth = 152<LI>Call Chain = vTaskStartScheduler &rArr; xTaskCreate &rArr; pvPortMalloc &rArr; xTaskResumeAll &rArr; xTaskIncrementTick
</UL>
<BR>[Calls]<UL><LI><a href="#[101]">&gt;&gt;</a>&nbsp;&nbsp;&nbsp;xPortStartScheduler
<LI><a href="#[ee]">&gt;&gt;</a>&nbsp;&nbsp;&nbsp;xTaskCreate
</UL>
<BR>[Called By]<UL><LI><a href="#[af]">&gt;&gt;</a>&nbsp;&nbsp;&nbsp;main
</UL>

<P><STRONG><a name="[102]"></a>vTaskEndScheduler</STRONG> (Thumb, 32 bytes, Stack size 8 bytes, tasks.o(.text), UNUSED)
<BR><BR>[Calls]<UL><LI><a href="#[103]">&gt;&gt;</a>&nbsp;&nbsp;&nbsp;vPortEndScheduler
</UL>

<P><STRONG><a name="[14f]"></a>xTaskGetTickCount</STRONG> (Thumb, 6 bytes, Stack size 0 bytes, tasks.o(.text))
<BR><BR>[Called By]<UL><LI><a href="#[144]">&gt;&gt;</a>&nbsp;&nbsp;&nbsp;work_cycle_reboot
<LI><a href="#[12]">&gt;&gt;</a>&nbsp;&nbsp;&nbsp;work
<LI><a href="#[f]">&gt;&gt;</a>&nbsp;&nbsp;&nbsp;work
<LI><a href="#[15b]">&gt;&gt;</a>&nbsp;&nbsp;&nbsp;one_sock_ctrl
<LI><a href="#[154]">&gt;&gt;</a>&nbsp;&nbsp;&nbsp;receive_hlw_event
<LI><a href="#[1]">&gt;&gt;</a>&nbsp;&nbsp;&nbsp;work
<LI><a href="#[19d]">&gt;&gt;</a>&nbsp;&nbsp;&nbsp;get_net_time
<LI><a href="#[19e]">&gt;&gt;</a>&nbsp;&nbsp;&nbsp;ping_serv
<LI><a href="#[4e]">&gt;&gt;</a>&nbsp;&nbsp;&nbsp;air_work_rst_dev
<LI><a href="#[4f]">&gt;&gt;</a>&nbsp;&nbsp;&nbsp;air_work_init_dev
<LI><a href="#[50]">&gt;&gt;</a>&nbsp;&nbsp;&nbsp;air_work_connect_serv
<LI><a href="#[4d]">&gt;&gt;</a>&nbsp;&nbsp;&nbsp;air_deal_cmd_timeout
</UL>

<P><STRONG><a name="[16b]"></a>xTaskGetTickCountFromISR</STRONG> (Thumb, 8 bytes, Stack size 0 bytes, tasks.o(.text))
<BR><BR>[Called By]<UL><LI><a href="#[b3]">&gt;&gt;</a>&nbsp;&nbsp;&nbsp;do_isr
</UL>

<P><STRONG><a name="[1d8]"></a>uxTaskGetNumberOfTasks</STRONG> (Thumb, 6 bytes, Stack size 0 bytes, tasks.o(.text), UNUSED)

<P><STRONG><a name="[1d9]"></a>pcTaskGetName</STRONG> (Thumb, 20 bytes, Stack size 0 bytes, tasks.o(.text), UNUSED)

<P><STRONG><a name="[d6]"></a>vTaskPlaceOnEventList</STRONG> (Thumb, 28 bytes, Stack size 16 bytes, tasks.o(.text))
<BR><BR>[Stack]<UL><LI>Max Depth = 48<LI>Call Chain = vTaskPlaceOnEventList &rArr; prvAddCurrentTaskToDelayedList &rArr; vListInsert
</UL>
<BR>[Calls]<UL><LI><a href="#[f4]">&gt;&gt;</a>&nbsp;&nbsp;&nbsp;prvAddCurrentTaskToDelayedList
<LI><a href="#[f5]">&gt;&gt;</a>&nbsp;&nbsp;&nbsp;vListInsert
</UL>
<BR>[Called By]<UL><LI><a href="#[de]">&gt;&gt;</a>&nbsp;&nbsp;&nbsp;xQueueGenericReceive
<LI><a href="#[d2]">&gt;&gt;</a>&nbsp;&nbsp;&nbsp;xQueueGenericSend
</UL>

<P><STRONG><a name="[104]"></a>vTaskPlaceOnUnorderedEventList</STRONG> (Thumb, 40 bytes, Stack size 16 bytes, tasks.o(.text), UNUSED)
<BR><BR>[Calls]<UL><LI><a href="#[f4]">&gt;&gt;</a>&nbsp;&nbsp;&nbsp;prvAddCurrentTaskToDelayedList
<LI><a href="#[e9]">&gt;&gt;</a>&nbsp;&nbsp;&nbsp;vListInsertEnd
</UL>

<P><STRONG><a name="[c6]"></a>xTaskRemoveFromEventList</STRONG> (Thumb, 104 bytes, Stack size 16 bytes, tasks.o(.text))
<BR><BR>[Stack]<UL><LI>Max Depth = 16<LI>Call Chain = xTaskRemoveFromEventList
</UL>
<BR>[Calls]<UL><LI><a href="#[f1]">&gt;&gt;</a>&nbsp;&nbsp;&nbsp;uxListRemove
<LI><a href="#[e9]">&gt;&gt;</a>&nbsp;&nbsp;&nbsp;vListInsertEnd
</UL>
<BR>[Called By]<UL><LI><a href="#[e1]">&gt;&gt;</a>&nbsp;&nbsp;&nbsp;xQueueReceiveFromISR
<LI><a href="#[de]">&gt;&gt;</a>&nbsp;&nbsp;&nbsp;xQueueGenericReceive
<LI><a href="#[db]">&gt;&gt;</a>&nbsp;&nbsp;&nbsp;xQueueGiveFromISR
<LI><a href="#[da]">&gt;&gt;</a>&nbsp;&nbsp;&nbsp;xQueueGenericSendFromISR
<LI><a href="#[d2]">&gt;&gt;</a>&nbsp;&nbsp;&nbsp;xQueueGenericSend
<LI><a href="#[c4]">&gt;&gt;</a>&nbsp;&nbsp;&nbsp;xQueueGenericReset
<LI><a href="#[cc]">&gt;&gt;</a>&nbsp;&nbsp;&nbsp;prvUnlockQueue
</UL>

<P><STRONG><a name="[105]"></a>xTaskRemoveFromUnorderedEventList</STRONG> (Thumb, 94 bytes, Stack size 24 bytes, tasks.o(.text), UNUSED)
<BR><BR>[Calls]<UL><LI><a href="#[f1]">&gt;&gt;</a>&nbsp;&nbsp;&nbsp;uxListRemove
<LI><a href="#[e9]">&gt;&gt;</a>&nbsp;&nbsp;&nbsp;vListInsertEnd
</UL>

<P><STRONG><a name="[d3]"></a>vTaskSetTimeOutState</STRONG> (Thumb, 14 bytes, Stack size 0 bytes, tasks.o(.text))
<BR><BR>[Called By]<UL><LI><a href="#[d5]">&gt;&gt;</a>&nbsp;&nbsp;&nbsp;xTaskCheckForTimeOut
<LI><a href="#[de]">&gt;&gt;</a>&nbsp;&nbsp;&nbsp;xQueueGenericReceive
<LI><a href="#[d2]">&gt;&gt;</a>&nbsp;&nbsp;&nbsp;xQueueGenericSend
</UL>

<P><STRONG><a name="[d5]"></a>xTaskCheckForTimeOut</STRONG> (Thumb, 84 bytes, Stack size 16 bytes, tasks.o(.text))
<BR><BR>[Stack]<UL><LI>Max Depth = 16<LI>Call Chain = xTaskCheckForTimeOut
</UL>
<BR>[Calls]<UL><LI><a href="#[d3]">&gt;&gt;</a>&nbsp;&nbsp;&nbsp;vTaskSetTimeOutState
<LI><a href="#[c8]">&gt;&gt;</a>&nbsp;&nbsp;&nbsp;vPortExitCritical
<LI><a href="#[c5]">&gt;&gt;</a>&nbsp;&nbsp;&nbsp;vPortEnterCritical
</UL>
<BR>[Called By]<UL><LI><a href="#[de]">&gt;&gt;</a>&nbsp;&nbsp;&nbsp;xQueueGenericReceive
<LI><a href="#[d2]">&gt;&gt;</a>&nbsp;&nbsp;&nbsp;xQueueGenericSend
</UL>

<P><STRONG><a name="[cd]"></a>vTaskMissedYield</STRONG> (Thumb, 8 bytes, Stack size 0 bytes, tasks.o(.text))
<BR><BR>[Called By]<UL><LI><a href="#[cc]">&gt;&gt;</a>&nbsp;&nbsp;&nbsp;prvUnlockQueue
</UL>

<P><STRONG><a name="[106]"></a>uxTaskGetStackHighWaterMark</STRONG> (Thumb, 34 bytes, Stack size 24 bytes, tasks.o(.text), UNUSED)
<BR><BR>[Calls]<UL><LI><a href="#[107]">&gt;&gt;</a>&nbsp;&nbsp;&nbsp;prvTaskCheckFreeStackSpace
</UL>

<P><STRONG><a name="[1da]"></a>xTaskGetCurrentTaskHandle</STRONG> (Thumb, 6 bytes, Stack size 0 bytes, tasks.o(.text), UNUSED)

<P><STRONG><a name="[e0]"></a>vTaskPriorityInherit</STRONG> (Thumb, 238 bytes, Stack size 16 bytes, tasks.o(.text))
<BR><BR>[Stack]<UL><LI>Max Depth = 16<LI>Call Chain = vTaskPriorityInherit
</UL>
<BR>[Calls]<UL><LI><a href="#[f1]">&gt;&gt;</a>&nbsp;&nbsp;&nbsp;uxListRemove
<LI><a href="#[e9]">&gt;&gt;</a>&nbsp;&nbsp;&nbsp;vListInsertEnd
</UL>
<BR>[Called By]<UL><LI><a href="#[de]">&gt;&gt;</a>&nbsp;&nbsp;&nbsp;xQueueGenericReceive
</UL>

<P><STRONG><a name="[d0]"></a>xTaskPriorityDisinherit</STRONG> (Thumb, 122 bytes, Stack size 16 bytes, tasks.o(.text))
<BR><BR>[Stack]<UL><LI>Max Depth = 16<LI>Call Chain = xTaskPriorityDisinherit
</UL>
<BR>[Calls]<UL><LI><a href="#[f1]">&gt;&gt;</a>&nbsp;&nbsp;&nbsp;uxListRemove
<LI><a href="#[e9]">&gt;&gt;</a>&nbsp;&nbsp;&nbsp;vListInsertEnd
</UL>
<BR>[Called By]<UL><LI><a href="#[cf]">&gt;&gt;</a>&nbsp;&nbsp;&nbsp;prvCopyDataToQueue
</UL>

<P><STRONG><a name="[1db]"></a>uxTaskResetEventItemValue</STRONG> (Thumb, 24 bytes, Stack size 0 bytes, tasks.o(.text), UNUSED)

<P><STRONG><a name="[df]"></a>pvTaskIncrementMutexHeldCount</STRONG> (Thumb, 26 bytes, Stack size 0 bytes, tasks.o(.text))
<BR><BR>[Called By]<UL><LI><a href="#[de]">&gt;&gt;</a>&nbsp;&nbsp;&nbsp;xQueueGenericReceive
</UL>

<P><STRONG><a name="[108]"></a>ulTaskNotifyTake</STRONG> (Thumb, 108 bytes, Stack size 16 bytes, tasks.o(.text), UNUSED)
<BR><BR>[Calls]<UL><LI><a href="#[f4]">&gt;&gt;</a>&nbsp;&nbsp;&nbsp;prvAddCurrentTaskToDelayedList
<LI><a href="#[c8]">&gt;&gt;</a>&nbsp;&nbsp;&nbsp;vPortExitCritical
<LI><a href="#[c5]">&gt;&gt;</a>&nbsp;&nbsp;&nbsp;vPortEnterCritical
</UL>

<P><STRONG><a name="[109]"></a>xTaskNotifyWait</STRONG> (Thumb, 150 bytes, Stack size 24 bytes, tasks.o(.text), UNUSED)
<BR><BR>[Calls]<UL><LI><a href="#[f4]">&gt;&gt;</a>&nbsp;&nbsp;&nbsp;prvAddCurrentTaskToDelayedList
<LI><a href="#[c8]">&gt;&gt;</a>&nbsp;&nbsp;&nbsp;vPortExitCritical
<LI><a href="#[c5]">&gt;&gt;</a>&nbsp;&nbsp;&nbsp;vPortEnterCritical
</UL>

<P><STRONG><a name="[10a]"></a>xTaskGenericNotify</STRONG> (Thumb, 178 bytes, Stack size 32 bytes, tasks.o(.text), UNUSED)
<BR><BR>[Calls]<UL><LI><a href="#[c8]">&gt;&gt;</a>&nbsp;&nbsp;&nbsp;vPortExitCritical
<LI><a href="#[c5]">&gt;&gt;</a>&nbsp;&nbsp;&nbsp;vPortEnterCritical
<LI><a href="#[f1]">&gt;&gt;</a>&nbsp;&nbsp;&nbsp;uxListRemove
<LI><a href="#[e9]">&gt;&gt;</a>&nbsp;&nbsp;&nbsp;vListInsertEnd
</UL>

<P><STRONG><a name="[10b]"></a>xTaskGenericNotifyFromISR</STRONG> (Thumb, 228 bytes, Stack size 40 bytes, tasks.o(.text), UNUSED)
<BR><BR>[Calls]<UL><LI><a href="#[f1]">&gt;&gt;</a>&nbsp;&nbsp;&nbsp;uxListRemove
<LI><a href="#[e9]">&gt;&gt;</a>&nbsp;&nbsp;&nbsp;vListInsertEnd
</UL>

<P><STRONG><a name="[10c]"></a>vTaskNotifyGiveFromISR</STRONG> (Thumb, 184 bytes, Stack size 24 bytes, tasks.o(.text), UNUSED)
<BR><BR>[Calls]<UL><LI><a href="#[f1]">&gt;&gt;</a>&nbsp;&nbsp;&nbsp;uxListRemove
<LI><a href="#[e9]">&gt;&gt;</a>&nbsp;&nbsp;&nbsp;vListInsertEnd
</UL>

<P><STRONG><a name="[10d]"></a>xTaskNotifyStateClear</STRONG> (Thumb, 48 bytes, Stack size 16 bytes, tasks.o(.text), UNUSED)
<BR><BR>[Calls]<UL><LI><a href="#[c8]">&gt;&gt;</a>&nbsp;&nbsp;&nbsp;vPortExitCritical
<LI><a href="#[c5]">&gt;&gt;</a>&nbsp;&nbsp;&nbsp;vPortEnterCritical
</UL>

<P><STRONG><a name="[ed]"></a>pxPortInitialiseStack</STRONG> (Thumb, 30 bytes, Stack size 0 bytes, port.o(.text))
<BR><BR>[Called By]<UL><LI><a href="#[ea]">&gt;&gt;</a>&nbsp;&nbsp;&nbsp;prvInitialiseNewTask
</UL>

<P><STRONG><a name="[10e]"></a>vPortSetupTimerInterrupt</STRONG> (Thumb, 14 bytes, Stack size 0 bytes, port.o(.text))
<BR><BR>[Called By]<UL><LI><a href="#[101]">&gt;&gt;</a>&nbsp;&nbsp;&nbsp;xPortStartScheduler
</UL>

<P><STRONG><a name="[101]"></a>xPortStartScheduler</STRONG> (Thumb, 42 bytes, Stack size 8 bytes, port.o(.text))
<BR><BR>[Stack]<UL><LI>Max Depth = 8<LI>Call Chain = xPortStartScheduler
</UL>
<BR>[Calls]<UL><LI><a href="#[10e]">&gt;&gt;</a>&nbsp;&nbsp;&nbsp;vPortSetupTimerInterrupt
<LI><a href="#[10f]">&gt;&gt;</a>&nbsp;&nbsp;&nbsp;__asm___6_port_c_39a90d8d__prvStartFirstTask
</UL>
<BR>[Called By]<UL><LI><a href="#[100]">&gt;&gt;</a>&nbsp;&nbsp;&nbsp;vTaskStartScheduler
</UL>

<P><STRONG><a name="[103]"></a>vPortEndScheduler</STRONG> (Thumb, 2 bytes, Stack size 0 bytes, port.o(.text), UNUSED)
<BR><BR>[Called By]<UL><LI><a href="#[102]">&gt;&gt;</a>&nbsp;&nbsp;&nbsp;vTaskEndScheduler
</UL>

<P><STRONG><a name="[c5]"></a>vPortEnterCritical</STRONG> (Thumb, 30 bytes, Stack size 0 bytes, port.o(.text))
<BR><BR>[Called By]<UL><LI><a href="#[10d]">&gt;&gt;</a>&nbsp;&nbsp;&nbsp;xTaskNotifyStateClear
<LI><a href="#[10a]">&gt;&gt;</a>&nbsp;&nbsp;&nbsp;xTaskGenericNotify
<LI><a href="#[109]">&gt;&gt;</a>&nbsp;&nbsp;&nbsp;xTaskNotifyWait
<LI><a href="#[108]">&gt;&gt;</a>&nbsp;&nbsp;&nbsp;ulTaskNotifyTake
<LI><a href="#[fc]">&gt;&gt;</a>&nbsp;&nbsp;&nbsp;vTaskResume
<LI><a href="#[fb]">&gt;&gt;</a>&nbsp;&nbsp;&nbsp;vTaskSuspend
<LI><a href="#[f9]">&gt;&gt;</a>&nbsp;&nbsp;&nbsp;vTaskPrioritySet
<LI><a href="#[f8]">&gt;&gt;</a>&nbsp;&nbsp;&nbsp;uxTaskPriorityGet
<LI><a href="#[f0]">&gt;&gt;</a>&nbsp;&nbsp;&nbsp;vTaskDelete
<LI><a href="#[ff]">&gt;&gt;</a>&nbsp;&nbsp;&nbsp;prvCheckTasksWaitingTermination
<LI><a href="#[e8]">&gt;&gt;</a>&nbsp;&nbsp;&nbsp;prvAddNewTaskToReadyList
<LI><a href="#[d7]">&gt;&gt;</a>&nbsp;&nbsp;&nbsp;xTaskResumeAll
<LI><a href="#[d5]">&gt;&gt;</a>&nbsp;&nbsp;&nbsp;xTaskCheckForTimeOut
<LI><a href="#[e4]">&gt;&gt;</a>&nbsp;&nbsp;&nbsp;uxQueueSpacesAvailable
<LI><a href="#[e3]">&gt;&gt;</a>&nbsp;&nbsp;&nbsp;uxQueueMessagesWaiting
<LI><a href="#[de]">&gt;&gt;</a>&nbsp;&nbsp;&nbsp;xQueueGenericReceive
<LI><a href="#[d2]">&gt;&gt;</a>&nbsp;&nbsp;&nbsp;xQueueGenericSend
<LI><a href="#[c4]">&gt;&gt;</a>&nbsp;&nbsp;&nbsp;xQueueGenericReset
<LI><a href="#[dc]">&gt;&gt;</a>&nbsp;&nbsp;&nbsp;prvIsQueueEmpty
<LI><a href="#[ce]">&gt;&gt;</a>&nbsp;&nbsp;&nbsp;prvIsQueueFull
<LI><a href="#[cc]">&gt;&gt;</a>&nbsp;&nbsp;&nbsp;prvUnlockQueue
</UL>

<P><STRONG><a name="[c8]"></a>vPortExitCritical</STRONG> (Thumb, 28 bytes, Stack size 0 bytes, port.o(.text))
<BR><BR>[Called By]<UL><LI><a href="#[10d]">&gt;&gt;</a>&nbsp;&nbsp;&nbsp;xTaskNotifyStateClear
<LI><a href="#[10a]">&gt;&gt;</a>&nbsp;&nbsp;&nbsp;xTaskGenericNotify
<LI><a href="#[109]">&gt;&gt;</a>&nbsp;&nbsp;&nbsp;xTaskNotifyWait
<LI><a href="#[108]">&gt;&gt;</a>&nbsp;&nbsp;&nbsp;ulTaskNotifyTake
<LI><a href="#[fc]">&gt;&gt;</a>&nbsp;&nbsp;&nbsp;vTaskResume
<LI><a href="#[fb]">&gt;&gt;</a>&nbsp;&nbsp;&nbsp;vTaskSuspend
<LI><a href="#[f9]">&gt;&gt;</a>&nbsp;&nbsp;&nbsp;vTaskPrioritySet
<LI><a href="#[f8]">&gt;&gt;</a>&nbsp;&nbsp;&nbsp;uxTaskPriorityGet
<LI><a href="#[f0]">&gt;&gt;</a>&nbsp;&nbsp;&nbsp;vTaskDelete
<LI><a href="#[ff]">&gt;&gt;</a>&nbsp;&nbsp;&nbsp;prvCheckTasksWaitingTermination
<LI><a href="#[e8]">&gt;&gt;</a>&nbsp;&nbsp;&nbsp;prvAddNewTaskToReadyList
<LI><a href="#[d7]">&gt;&gt;</a>&nbsp;&nbsp;&nbsp;xTaskResumeAll
<LI><a href="#[d5]">&gt;&gt;</a>&nbsp;&nbsp;&nbsp;xTaskCheckForTimeOut
<LI><a href="#[e4]">&gt;&gt;</a>&nbsp;&nbsp;&nbsp;uxQueueSpacesAvailable
<LI><a href="#[e3]">&gt;&gt;</a>&nbsp;&nbsp;&nbsp;uxQueueMessagesWaiting
<LI><a href="#[de]">&gt;&gt;</a>&nbsp;&nbsp;&nbsp;xQueueGenericReceive
<LI><a href="#[d2]">&gt;&gt;</a>&nbsp;&nbsp;&nbsp;xQueueGenericSend
<LI><a href="#[c4]">&gt;&gt;</a>&nbsp;&nbsp;&nbsp;xQueueGenericReset
<LI><a href="#[dc]">&gt;&gt;</a>&nbsp;&nbsp;&nbsp;prvIsQueueEmpty
<LI><a href="#[ce]">&gt;&gt;</a>&nbsp;&nbsp;&nbsp;prvIsQueueFull
<LI><a href="#[cc]">&gt;&gt;</a>&nbsp;&nbsp;&nbsp;prvUnlockQueue
</UL>

<P><STRONG><a name="[6d]"></a>SysTick_Handler</STRONG> (Thumb, 48 bytes, Stack size 8 bytes, port.o(.text))
<BR><BR>[Stack]<UL><LI>Max Depth = 32<LI>Call Chain = SysTick_Handler &rArr; xTaskIncrementTick
</UL>
<BR>[Calls]<UL><LI><a href="#[f3]">&gt;&gt;</a>&nbsp;&nbsp;&nbsp;xTaskIncrementTick
</UL>
<BR>[Address Reference Count : 1]<UL><LI> startup_swm320.o(RESET)
</UL>
<P><STRONG><a name="[cb]"></a>pvPortMalloc</STRONG> (Thumb, 188 bytes, Stack size 24 bytes, heap_4.o(.text))
<BR><BR>[Stack]<UL><LI>Max Depth = 64<LI>Call Chain = pvPortMalloc &rArr; xTaskResumeAll &rArr; xTaskIncrementTick
</UL>
<BR>[Calls]<UL><LI><a href="#[110]">&gt;&gt;</a>&nbsp;&nbsp;&nbsp;prvHeapInit
<LI><a href="#[111]">&gt;&gt;</a>&nbsp;&nbsp;&nbsp;prvInsertBlockIntoFreeList
<LI><a href="#[d7]">&gt;&gt;</a>&nbsp;&nbsp;&nbsp;xTaskResumeAll
<LI><a href="#[d4]">&gt;&gt;</a>&nbsp;&nbsp;&nbsp;vTaskSuspendAll
</UL>
<BR>[Called By]<UL><LI><a href="#[ee]">&gt;&gt;</a>&nbsp;&nbsp;&nbsp;xTaskCreate
<LI><a href="#[ca]">&gt;&gt;</a>&nbsp;&nbsp;&nbsp;xQueueGenericCreate
<LI><a href="#[185]">&gt;&gt;</a>&nbsp;&nbsp;&nbsp;my_malloc
<LI><a href="#[46]">&gt;&gt;</a>&nbsp;&nbsp;&nbsp;air_create_dev
</UL>

<P><STRONG><a name="[e6]"></a>vPortFree</STRONG> (Thumb, 64 bytes, Stack size 16 bytes, heap_4.o(.text))
<BR><BR>[Stack]<UL><LI>Max Depth = 56<LI>Call Chain = vPortFree &rArr; xTaskResumeAll &rArr; xTaskIncrementTick
</UL>
<BR>[Calls]<UL><LI><a href="#[111]">&gt;&gt;</a>&nbsp;&nbsp;&nbsp;prvInsertBlockIntoFreeList
<LI><a href="#[d7]">&gt;&gt;</a>&nbsp;&nbsp;&nbsp;xTaskResumeAll
<LI><a href="#[d4]">&gt;&gt;</a>&nbsp;&nbsp;&nbsp;vTaskSuspendAll
</UL>
<BR>[Called By]<UL><LI><a href="#[ee]">&gt;&gt;</a>&nbsp;&nbsp;&nbsp;xTaskCreate
<LI><a href="#[ef]">&gt;&gt;</a>&nbsp;&nbsp;&nbsp;prvDeleteTCB
<LI><a href="#[e5]">&gt;&gt;</a>&nbsp;&nbsp;&nbsp;vQueueDelete
<LI><a href="#[186]">&gt;&gt;</a>&nbsp;&nbsp;&nbsp;my_free
</UL>

<P><STRONG><a name="[1dc]"></a>xPortGetFreeHeapSize</STRONG> (Thumb, 6 bytes, Stack size 0 bytes, heap_4.o(.text), UNUSED)

<P><STRONG><a name="[1dd]"></a>xPortGetMinimumEverFreeHeapSize</STRONG> (Thumb, 6 bytes, Stack size 0 bytes, heap_4.o(.text), UNUSED)

<P><STRONG><a name="[1de]"></a>vPortInitialiseBlocks</STRONG> (Thumb, 2 bytes, Stack size 0 bytes, heap_4.o(.text), UNUSED)

<P><STRONG><a name="[113]"></a>EXTI_Close</STRONG> (Thumb, 12 bytes, Stack size 0 bytes, swm320_exti.o(.text))
<BR><BR>[Called By]<UL><LI><a href="#[112]">&gt;&gt;</a>&nbsp;&nbsp;&nbsp;EXTI_Init
<LI><a href="#[2e]">&gt;&gt;</a>&nbsp;&nbsp;&nbsp;irq_enable
</UL>

<P><STRONG><a name="[112]"></a>EXTI_Init</STRONG> (Thumb, 136 bytes, Stack size 16 bytes, swm320_exti.o(.text))
<BR><BR>[Stack]<UL><LI>Max Depth = 16<LI>Call Chain = EXTI_Init
</UL>
<BR>[Calls]<UL><LI><a href="#[113]">&gt;&gt;</a>&nbsp;&nbsp;&nbsp;EXTI_Close
</UL>
<BR>[Called By]<UL><LI><a href="#[2e]">&gt;&gt;</a>&nbsp;&nbsp;&nbsp;irq_enable
</UL>

<P><STRONG><a name="[175]"></a>EXTI_Open</STRONG> (Thumb, 12 bytes, Stack size 0 bytes, swm320_exti.o(.text))
<BR><BR>[Called By]<UL><LI><a href="#[2e]">&gt;&gt;</a>&nbsp;&nbsp;&nbsp;irq_enable
</UL>

<P><STRONG><a name="[176]"></a>EXTI_State</STRONG> (Thumb, 12 bytes, Stack size 0 bytes, swm320_exti.o(.text))
<BR><BR>[Called By]<UL><LI><a href="#[a5]">&gt;&gt;</a>&nbsp;&nbsp;&nbsp;GPIOP_Handler
<LI><a href="#[a4]">&gt;&gt;</a>&nbsp;&nbsp;&nbsp;GPION_Handler
<LI><a href="#[a3]">&gt;&gt;</a>&nbsp;&nbsp;&nbsp;GPIOM_Handler
<LI><a href="#[a2]">&gt;&gt;</a>&nbsp;&nbsp;&nbsp;GPIOC_Handler
<LI><a href="#[a1]">&gt;&gt;</a>&nbsp;&nbsp;&nbsp;GPIOB_Handler
<LI><a href="#[a0]">&gt;&gt;</a>&nbsp;&nbsp;&nbsp;GPIOA_Handler
</UL>

<P><STRONG><a name="[1df]"></a>EXTI_RawState</STRONG> (Thumb, 12 bytes, Stack size 0 bytes, swm320_exti.o(.text), UNUSED)

<P><STRONG><a name="[177]"></a>EXTI_Clear</STRONG> (Thumb, 8 bytes, Stack size 0 bytes, swm320_exti.o(.text))
<BR><BR>[Called By]<UL><LI><a href="#[a5]">&gt;&gt;</a>&nbsp;&nbsp;&nbsp;GPIOP_Handler
<LI><a href="#[a4]">&gt;&gt;</a>&nbsp;&nbsp;&nbsp;GPION_Handler
<LI><a href="#[a3]">&gt;&gt;</a>&nbsp;&nbsp;&nbsp;GPIOM_Handler
<LI><a href="#[a2]">&gt;&gt;</a>&nbsp;&nbsp;&nbsp;GPIOC_Handler
<LI><a href="#[a1]">&gt;&gt;</a>&nbsp;&nbsp;&nbsp;GPIOB_Handler
<LI><a href="#[a0]">&gt;&gt;</a>&nbsp;&nbsp;&nbsp;GPIOA_Handler
</UL>

<P><STRONG><a name="[114]"></a>GPIO_Init</STRONG> (Thumb, 710 bytes, Stack size 24 bytes, swm320_gpio.o(.text))
<BR><BR>[Stack]<UL><LI>Max Depth = 40<LI>Call Chain = GPIO_Init &rArr; PORT_Init
</UL>
<BR>[Calls]<UL><LI><a href="#[115]">&gt;&gt;</a>&nbsp;&nbsp;&nbsp;PORT_Init
</UL>
<BR>[Called By]<UL><LI><a href="#[2e]">&gt;&gt;</a>&nbsp;&nbsp;&nbsp;irq_enable
<LI><a href="#[29]">&gt;&gt;</a>&nbsp;&nbsp;&nbsp;set_mode
</UL>

<P><STRONG><a name="[172]"></a>GPIO_SetBit</STRONG> (Thumb, 18 bytes, Stack size 8 bytes, swm320_gpio.o(.text))
<BR><BR>[Stack]<UL><LI>Max Depth = 8<LI>Call Chain = GPIO_SetBit
</UL>
<BR>[Called By]<UL><LI><a href="#[2a]">&gt;&gt;</a>&nbsp;&nbsp;&nbsp;write
</UL>

<P><STRONG><a name="[173]"></a>GPIO_ClrBit</STRONG> (Thumb, 18 bytes, Stack size 8 bytes, swm320_gpio.o(.text))
<BR><BR>[Stack]<UL><LI>Max Depth = 8<LI>Call Chain = GPIO_ClrBit
</UL>
<BR>[Called By]<UL><LI><a href="#[2a]">&gt;&gt;</a>&nbsp;&nbsp;&nbsp;write
</UL>

<P><STRONG><a name="[1e0]"></a>GPIO_InvBit</STRONG> (Thumb, 32 bytes, Stack size 8 bytes, swm320_gpio.o(.text), UNUSED)

<P><STRONG><a name="[174]"></a>GPIO_GetBit</STRONG> (Thumb, 12 bytes, Stack size 0 bytes, swm320_gpio.o(.text))
<BR><BR>[Called By]<UL><LI><a href="#[2b]">&gt;&gt;</a>&nbsp;&nbsp;&nbsp;read
</UL>

<P><STRONG><a name="[1e1]"></a>GPIO_SetBits</STRONG> (Thumb, 26 bytes, Stack size 12 bytes, swm320_gpio.o(.text), UNUSED)

<P><STRONG><a name="[1e2]"></a>GPIO_ClrBits</STRONG> (Thumb, 26 bytes, Stack size 12 bytes, swm320_gpio.o(.text), UNUSED)

<P><STRONG><a name="[1e3]"></a>GPIO_InvBits</STRONG> (Thumb, 26 bytes, Stack size 12 bytes, swm320_gpio.o(.text), UNUSED)

<P><STRONG><a name="[1e4]"></a>GPIO_GetBits</STRONG> (Thumb, 24 bytes, Stack size 12 bytes, swm320_gpio.o(.text), UNUSED)

<P><STRONG><a name="[1e5]"></a>GPIO_AtomicSetBits</STRONG> (Thumb, 30 bytes, Stack size 12 bytes, swm320_gpio.o(.text), UNUSED)

<P><STRONG><a name="[1e6]"></a>GPIO_AtomicClrBits</STRONG> (Thumb, 30 bytes, Stack size 12 bytes, swm320_gpio.o(.text), UNUSED)

<P><STRONG><a name="[1e7]"></a>GPIO_AtomicInvBits</STRONG> (Thumb, 30 bytes, Stack size 12 bytes, swm320_gpio.o(.text), UNUSED)

<P><STRONG><a name="[117]"></a>UART_Close</STRONG> (Thumb, 10 bytes, Stack size 0 bytes, swm320_uart.o(.text))
<BR><BR>[Called By]<UL><LI><a href="#[116]">&gt;&gt;</a>&nbsp;&nbsp;&nbsp;UART_Init
<LI><a href="#[32]">&gt;&gt;</a>&nbsp;&nbsp;&nbsp;close
</UL>

<P><STRONG><a name="[116]"></a>UART_Init</STRONG> (Thumb, 454 bytes, Stack size 16 bytes, swm320_uart.o(.text))
<BR><BR>[Stack]<UL><LI>Max Depth = 16<LI>Call Chain = UART_Init
</UL>
<BR>[Calls]<UL><LI><a href="#[117]">&gt;&gt;</a>&nbsp;&nbsp;&nbsp;UART_Close
<LI><a href="#[118]">&gt;&gt;</a>&nbsp;&nbsp;&nbsp;NVIC_DisableIRQ
<LI><a href="#[119]">&gt;&gt;</a>&nbsp;&nbsp;&nbsp;NVIC_EnableIRQ
</UL>
<BR>[Called By]<UL><LI><a href="#[12e]">&gt;&gt;</a>&nbsp;&nbsp;&nbsp;SerialInit
<LI><a href="#[30]">&gt;&gt;</a>&nbsp;&nbsp;&nbsp;init
</UL>

<P><STRONG><a name="[12f]"></a>UART_Open</STRONG> (Thumb, 10 bytes, Stack size 0 bytes, swm320_uart.o(.text))
<BR><BR>[Called By]<UL><LI><a href="#[12e]">&gt;&gt;</a>&nbsp;&nbsp;&nbsp;SerialInit
<LI><a href="#[31]">&gt;&gt;</a>&nbsp;&nbsp;&nbsp;open
</UL>

<P><STRONG><a name="[132]"></a>UART_WriteByte</STRONG> (Thumb, 4 bytes, Stack size 0 bytes, swm320_uart.o(.text))
<BR><BR>[Called By]<UL><LI><a href="#[ba]">&gt;&gt;</a>&nbsp;&nbsp;&nbsp;fputc
<LI><a href="#[33]">&gt;&gt;</a>&nbsp;&nbsp;&nbsp;write
</UL>

<P><STRONG><a name="[17a]"></a>UART_ReadByte</STRONG> (Thumb, 24 bytes, Stack size 0 bytes, swm320_uart.o(.text))
<BR><BR>[Called By]<UL><LI><a href="#[98]">&gt;&gt;</a>&nbsp;&nbsp;&nbsp;UART3_Handler
<LI><a href="#[97]">&gt;&gt;</a>&nbsp;&nbsp;&nbsp;UART2_Handler
<LI><a href="#[96]">&gt;&gt;</a>&nbsp;&nbsp;&nbsp;UART1_Handler
<LI><a href="#[95]">&gt;&gt;</a>&nbsp;&nbsp;&nbsp;UART0_Handler
</UL>

<P><STRONG><a name="[1e8]"></a>UART_IsTXBusy</STRONG> (Thumb, 14 bytes, Stack size 0 bytes, swm320_uart.o(.text), UNUSED)

<P><STRONG><a name="[17b]"></a>UART_IsRXFIFOEmpty</STRONG> (Thumb, 12 bytes, Stack size 0 bytes, swm320_uart.o(.text))
<BR><BR>[Called By]<UL><LI><a href="#[98]">&gt;&gt;</a>&nbsp;&nbsp;&nbsp;UART3_Handler
<LI><a href="#[97]">&gt;&gt;</a>&nbsp;&nbsp;&nbsp;UART2_Handler
<LI><a href="#[96]">&gt;&gt;</a>&nbsp;&nbsp;&nbsp;UART1_Handler
<LI><a href="#[95]">&gt;&gt;</a>&nbsp;&nbsp;&nbsp;UART0_Handler
</UL>

<P><STRONG><a name="[131]"></a>UART_IsTXFIFOFull</STRONG> (Thumb, 10 bytes, Stack size 0 bytes, swm320_uart.o(.text))
<BR><BR>[Called By]<UL><LI><a href="#[ba]">&gt;&gt;</a>&nbsp;&nbsp;&nbsp;fputc
<LI><a href="#[33]">&gt;&gt;</a>&nbsp;&nbsp;&nbsp;write
</UL>

<P><STRONG><a name="[1e9]"></a>UART_SetBaudrate</STRONG> (Thumb, 28 bytes, Stack size 0 bytes, swm320_uart.o(.text), UNUSED)

<P><STRONG><a name="[1ea]"></a>UART_GetBaudrate</STRONG> (Thumb, 22 bytes, Stack size 0 bytes, swm320_uart.o(.text), UNUSED)

<P><STRONG><a name="[1eb]"></a>UART_CTSConfig</STRONG> (Thumb, 22 bytes, Stack size 8 bytes, swm320_uart.o(.text), UNUSED)

<P><STRONG><a name="[1ec]"></a>UART_CTSLineState</STRONG> (Thumb, 10 bytes, Stack size 0 bytes, swm320_uart.o(.text), UNUSED)

<P><STRONG><a name="[1ed]"></a>UART_RTSConfig</STRONG> (Thumb, 28 bytes, Stack size 12 bytes, swm320_uart.o(.text), UNUSED)

<P><STRONG><a name="[1ee]"></a>UART_RTSLineState</STRONG> (Thumb, 10 bytes, Stack size 0 bytes, swm320_uart.o(.text), UNUSED)

<P><STRONG><a name="[1ef]"></a>UART_LINConfig</STRONG> (Thumb, 22 bytes, Stack size 8 bytes, swm320_uart.o(.text), UNUSED)

<P><STRONG><a name="[1f0]"></a>UART_LINGenerate</STRONG> (Thumb, 10 bytes, Stack size 0 bytes, swm320_uart.o(.text), UNUSED)

<P><STRONG><a name="[1f1]"></a>UART_LINIsDetected</STRONG> (Thumb, 10 bytes, Stack size 0 bytes, swm320_uart.o(.text), UNUSED)

<P><STRONG><a name="[1f2]"></a>UART_LINIsGenerated</STRONG> (Thumb, 10 bytes, Stack size 0 bytes, swm320_uart.o(.text), UNUSED)

<P><STRONG><a name="[1f3]"></a>UART_ABRStart</STRONG> (Thumb, 90 bytes, Stack size 8 bytes, swm320_uart.o(.text), UNUSED)

<P><STRONG><a name="[1f4]"></a>UART_ABRIsDone</STRONG> (Thumb, 30 bytes, Stack size 0 bytes, swm320_uart.o(.text), UNUSED)

<P><STRONG><a name="[1f5]"></a>UART_INTEn</STRONG> (Thumb, 8 bytes, Stack size 0 bytes, swm320_uart.o(.text), UNUSED)

<P><STRONG><a name="[1f6]"></a>UART_INTDis</STRONG> (Thumb, 8 bytes, Stack size 0 bytes, swm320_uart.o(.text), UNUSED)

<P><STRONG><a name="[179]"></a>UART_INTStat</STRONG> (Thumb, 66 bytes, Stack size 0 bytes, swm320_uart.o(.text))
<BR><BR>[Called By]<UL><LI><a href="#[98]">&gt;&gt;</a>&nbsp;&nbsp;&nbsp;UART3_Handler
<LI><a href="#[97]">&gt;&gt;</a>&nbsp;&nbsp;&nbsp;UART2_Handler
<LI><a href="#[96]">&gt;&gt;</a>&nbsp;&nbsp;&nbsp;UART1_Handler
<LI><a href="#[95]">&gt;&gt;</a>&nbsp;&nbsp;&nbsp;UART0_Handler
</UL>

<P><STRONG><a name="[11b]"></a>WDT_Stop</STRONG> (Thumb, 10 bytes, Stack size 0 bytes, swm320_wdt.o(.text))
<BR><BR>[Called By]<UL><LI><a href="#[11a]">&gt;&gt;</a>&nbsp;&nbsp;&nbsp;WDT_Init
<LI><a href="#[3e]">&gt;&gt;</a>&nbsp;&nbsp;&nbsp;stop
</UL>

<P><STRONG><a name="[11a]"></a>WDT_Init</STRONG> (Thumb, 100 bytes, Stack size 16 bytes, swm320_wdt.o(.text))
<BR><BR>[Stack]<UL><LI>Max Depth = 16<LI>Call Chain = WDT_Init
</UL>
<BR>[Calls]<UL><LI><a href="#[11b]">&gt;&gt;</a>&nbsp;&nbsp;&nbsp;WDT_Stop
</UL>
<BR>[Called By]<UL><LI><a href="#[3b]">&gt;&gt;</a>&nbsp;&nbsp;&nbsp;init
</UL>

<P><STRONG><a name="[184]"></a>WDT_Start</STRONG> (Thumb, 10 bytes, Stack size 0 bytes, swm320_wdt.o(.text))
<BR><BR>[Called By]<UL><LI><a href="#[3d]">&gt;&gt;</a>&nbsp;&nbsp;&nbsp;start
</UL>

<P><STRONG><a name="[183]"></a>WDT_Feed</STRONG> (Thumb, 6 bytes, Stack size 0 bytes, swm320_wdt.o(.text))
<BR><BR>[Called By]<UL><LI><a href="#[3c]">&gt;&gt;</a>&nbsp;&nbsp;&nbsp;feed
</UL>

<P><STRONG><a name="[1f7]"></a>WDT_GetValue</STRONG> (Thumb, 6 bytes, Stack size 0 bytes, swm320_wdt.o(.text), UNUSED)

<P><STRONG><a name="[1f8]"></a>WDT_INTClr</STRONG> (Thumb, 6 bytes, Stack size 0 bytes, swm320_wdt.o(.text), UNUSED)

<P><STRONG><a name="[1f9]"></a>WDT_INTStat</STRONG> (Thumb, 6 bytes, Stack size 0 bytes, swm320_wdt.o(.text), UNUSED)

<P><STRONG><a name="[196]"></a>FLASH_Erase</STRONG> (Thumb, 24 bytes, Stack size 8 bytes, swm320_flash.o(.text))
<BR><BR>[Stack]<UL><LI>Max Depth = 8<LI>Call Chain = FLASH_Erase
</UL>
<BR>[Called By]<UL><LI><a href="#[bf]">&gt;&gt;</a>&nbsp;&nbsp;&nbsp;erase
</UL>

<P><STRONG><a name="[195]"></a>FLASH_Write</STRONG> (Thumb, 54 bytes, Stack size 16 bytes, swm320_flash.o(.text))
<BR><BR>[Stack]<UL><LI>Max Depth = 16<LI>Call Chain = FLASH_Write
</UL>
<BR>[Called By]<UL><LI><a href="#[be]">&gt;&gt;</a>&nbsp;&nbsp;&nbsp;write
</UL>

<P><STRONG><a name="[12a]"></a>Flash_Param_at_xMHz</STRONG> (Thumb, 88 bytes, Stack size 8 bytes, swm320_flash.o(.text))
<BR><BR>[Stack]<UL><LI>Max Depth = 8<LI>Call Chain = Flash_Param_at_xMHz
</UL>
<BR>[Called By]<UL><LI><a href="#[129]">&gt;&gt;</a>&nbsp;&nbsp;&nbsp;SystemInit
</UL>

<P><STRONG><a name="[115]"></a>PORT_Init</STRONG> (Thumb, 1596 bytes, Stack size 16 bytes, swm320_port.o(.text))
<BR><BR>[Stack]<UL><LI>Max Depth = 16<LI>Call Chain = PORT_Init
</UL>
<BR>[Called By]<UL><LI><a href="#[114]">&gt;&gt;</a>&nbsp;&nbsp;&nbsp;GPIO_Init
<LI><a href="#[12e]">&gt;&gt;</a>&nbsp;&nbsp;&nbsp;SerialInit
<LI><a href="#[30]">&gt;&gt;</a>&nbsp;&nbsp;&nbsp;init
</UL>

<P><STRONG><a name="[11f]"></a>RTC_Stop</STRONG> (Thumb, 6 bytes, Stack size 0 bytes, swm320_rtc.o(.text))
<BR><BR>[Called By]<UL><LI><a href="#[11e]">&gt;&gt;</a>&nbsp;&nbsp;&nbsp;RTC_Init
<LI><a href="#[38]">&gt;&gt;</a>&nbsp;&nbsp;&nbsp;stop
</UL>

<P><STRONG><a name="[11e]"></a>RTC_Init</STRONG> (Thumb, 162 bytes, Stack size 16 bytes, swm320_rtc.o(.text))
<BR><BR>[Stack]<UL><LI>Max Depth = 96<LI>Call Chain = RTC_Init &rArr; calcWeekDay
</UL>
<BR>[Calls]<UL><LI><a href="#[11f]">&gt;&gt;</a>&nbsp;&nbsp;&nbsp;RTC_Stop
<LI><a href="#[120]">&gt;&gt;</a>&nbsp;&nbsp;&nbsp;NVIC_EnableIRQ
<LI><a href="#[11c]">&gt;&gt;</a>&nbsp;&nbsp;&nbsp;calcWeekDay
</UL>
<BR>[Called By]<UL><LI><a href="#[36]">&gt;&gt;</a>&nbsp;&nbsp;&nbsp;init
</UL>

<P><STRONG><a name="[17c]"></a>RTC_Start</STRONG> (Thumb, 6 bytes, Stack size 0 bytes, swm320_rtc.o(.text))
<BR><BR>[Called By]<UL><LI><a href="#[37]">&gt;&gt;</a>&nbsp;&nbsp;&nbsp;start
</UL>

<P><STRONG><a name="[17f]"></a>RTC_GetDateTime</STRONG> (Thumb, 58 bytes, Stack size 0 bytes, swm320_rtc.o(.text))
<BR><BR>[Called By]<UL><LI><a href="#[9d]">&gt;&gt;</a>&nbsp;&nbsp;&nbsp;RTC_Handler
<LI><a href="#[3a]">&gt;&gt;</a>&nbsp;&nbsp;&nbsp;read
</UL>

<P><STRONG><a name="[121]"></a>RTC_AlarmSetup</STRONG> (Thumb, 84 bytes, Stack size 16 bytes, swm320_rtc.o(.text), UNUSED)
<BR><BR>[Calls]<UL><LI><a href="#[120]">&gt;&gt;</a>&nbsp;&nbsp;&nbsp;NVIC_EnableIRQ
</UL>

<P><STRONG><a name="[1fa]"></a>RTC_IntSecondEn</STRONG> (Thumb, 10 bytes, Stack size 0 bytes, swm320_rtc.o(.text), UNUSED)

<P><STRONG><a name="[1fb]"></a>RTC_IntSecondDis</STRONG> (Thumb, 10 bytes, Stack size 0 bytes, swm320_rtc.o(.text), UNUSED)

<P><STRONG><a name="[17e]"></a>RTC_IntSecondClr</STRONG> (Thumb, 6 bytes, Stack size 0 bytes, swm320_rtc.o(.text))
<BR><BR>[Called By]<UL><LI><a href="#[9d]">&gt;&gt;</a>&nbsp;&nbsp;&nbsp;RTC_Handler
</UL>

<P><STRONG><a name="[17d]"></a>RTC_IntSecondStat</STRONG> (Thumb, 10 bytes, Stack size 0 bytes, swm320_rtc.o(.text))
<BR><BR>[Called By]<UL><LI><a href="#[9d]">&gt;&gt;</a>&nbsp;&nbsp;&nbsp;RTC_Handler
</UL>

<P><STRONG><a name="[1fc]"></a>RTC_IntMinuteEn</STRONG> (Thumb, 10 bytes, Stack size 0 bytes, swm320_rtc.o(.text), UNUSED)

<P><STRONG><a name="[1fd]"></a>RTC_IntMinuteDis</STRONG> (Thumb, 10 bytes, Stack size 0 bytes, swm320_rtc.o(.text), UNUSED)

<P><STRONG><a name="[182]"></a>RTC_IntMinuteClr</STRONG> (Thumb, 6 bytes, Stack size 0 bytes, swm320_rtc.o(.text))
<BR><BR>[Called By]<UL><LI><a href="#[9d]">&gt;&gt;</a>&nbsp;&nbsp;&nbsp;RTC_Handler
</UL>

<P><STRONG><a name="[181]"></a>RTC_IntMinuteStat</STRONG> (Thumb, 10 bytes, Stack size 0 bytes, swm320_rtc.o(.text))
<BR><BR>[Called By]<UL><LI><a href="#[9d]">&gt;&gt;</a>&nbsp;&nbsp;&nbsp;RTC_Handler
</UL>

<P><STRONG><a name="[1fe]"></a>RTC_IntHourEn</STRONG> (Thumb, 10 bytes, Stack size 0 bytes, swm320_rtc.o(.text), UNUSED)

<P><STRONG><a name="[1ff]"></a>RTC_IntHourDis</STRONG> (Thumb, 10 bytes, Stack size 0 bytes, swm320_rtc.o(.text), UNUSED)

<P><STRONG><a name="[200]"></a>RTC_IntHourClr</STRONG> (Thumb, 6 bytes, Stack size 0 bytes, swm320_rtc.o(.text), UNUSED)

<P><STRONG><a name="[201]"></a>RTC_IntHourStat</STRONG> (Thumb, 10 bytes, Stack size 0 bytes, swm320_rtc.o(.text), UNUSED)

<P><STRONG><a name="[202]"></a>RTC_IntDateEn</STRONG> (Thumb, 10 bytes, Stack size 0 bytes, swm320_rtc.o(.text), UNUSED)

<P><STRONG><a name="[203]"></a>RTC_IntDateDis</STRONG> (Thumb, 10 bytes, Stack size 0 bytes, swm320_rtc.o(.text), UNUSED)

<P><STRONG><a name="[204]"></a>RTC_IntDateClr</STRONG> (Thumb, 6 bytes, Stack size 0 bytes, swm320_rtc.o(.text), UNUSED)

<P><STRONG><a name="[205]"></a>RTC_IntDateStat</STRONG> (Thumb, 10 bytes, Stack size 0 bytes, swm320_rtc.o(.text), UNUSED)

<P><STRONG><a name="[206]"></a>RTC_IntAlarmEn</STRONG> (Thumb, 10 bytes, Stack size 0 bytes, swm320_rtc.o(.text), UNUSED)

<P><STRONG><a name="[207]"></a>RTC_IntAlarmDis</STRONG> (Thumb, 10 bytes, Stack size 0 bytes, swm320_rtc.o(.text), UNUSED)

<P><STRONG><a name="[208]"></a>RTC_IntAlarmClr</STRONG> (Thumb, 6 bytes, Stack size 0 bytes, swm320_rtc.o(.text), UNUSED)

<P><STRONG><a name="[209]"></a>RTC_IntAlarmStat</STRONG> (Thumb, 10 bytes, Stack size 0 bytes, swm320_rtc.o(.text), UNUSED)

<P><STRONG><a name="[12b]"></a>SystemCoreClockUpdate</STRONG> (Thumb, 164 bytes, Stack size 0 bytes, system_swm320.o(.text))
<BR><BR>[Called By]<UL><LI><a href="#[129]">&gt;&gt;</a>&nbsp;&nbsp;&nbsp;SystemInit
</UL>

<P><STRONG><a name="[122]"></a>PLLInit</STRONG> (Thumb, 74 bytes, Stack size 8 bytes, system_swm320.o(.text))
<BR><BR>[Stack]<UL><LI>Max Depth = 8<LI>Call Chain = PLLInit
</UL>
<BR>[Calls]<UL><LI><a href="#[123]">&gt;&gt;</a>&nbsp;&nbsp;&nbsp;delay_3ms
</UL>
<BR>[Called By]<UL><LI><a href="#[124]">&gt;&gt;</a>&nbsp;&nbsp;&nbsp;switchCLK_PLL
</UL>

<P><STRONG><a name="[124]"></a>switchCLK_PLL</STRONG> (Thumb, 42 bytes, Stack size 8 bytes, system_swm320.o(.text))
<BR><BR>[Stack]<UL><LI>Max Depth = 16<LI>Call Chain = switchCLK_PLL &rArr; PLLInit
</UL>
<BR>[Calls]<UL><LI><a href="#[122]">&gt;&gt;</a>&nbsp;&nbsp;&nbsp;PLLInit
</UL>
<BR>[Called By]<UL><LI><a href="#[129]">&gt;&gt;</a>&nbsp;&nbsp;&nbsp;SystemInit
</UL>

<P><STRONG><a name="[125]"></a>switchCLK_XTAL</STRONG> (Thumb, 44 bytes, Stack size 8 bytes, system_swm320.o(.text))
<BR><BR>[Stack]<UL><LI>Max Depth = 8<LI>Call Chain = switchCLK_XTAL
</UL>
<BR>[Calls]<UL><LI><a href="#[123]">&gt;&gt;</a>&nbsp;&nbsp;&nbsp;delay_3ms
</UL>
<BR>[Called By]<UL><LI><a href="#[129]">&gt;&gt;</a>&nbsp;&nbsp;&nbsp;SystemInit
</UL>

<P><STRONG><a name="[126]"></a>switchCLK_32KHz</STRONG> (Thumb, 62 bytes, Stack size 8 bytes, system_swm320.o(.text))
<BR><BR>[Stack]<UL><LI>Max Depth = 8<LI>Call Chain = switchCLK_32KHz
</UL>
<BR>[Calls]<UL><LI><a href="#[123]">&gt;&gt;</a>&nbsp;&nbsp;&nbsp;delay_3ms
</UL>
<BR>[Called By]<UL><LI><a href="#[129]">&gt;&gt;</a>&nbsp;&nbsp;&nbsp;SystemInit
</UL>

<P><STRONG><a name="[127]"></a>switchCLK_40MHz</STRONG> (Thumb, 40 bytes, Stack size 8 bytes, system_swm320.o(.text))
<BR><BR>[Stack]<UL><LI>Max Depth = 8<LI>Call Chain = switchCLK_40MHz
</UL>
<BR>[Calls]<UL><LI><a href="#[123]">&gt;&gt;</a>&nbsp;&nbsp;&nbsp;delay_3ms
</UL>
<BR>[Called By]<UL><LI><a href="#[129]">&gt;&gt;</a>&nbsp;&nbsp;&nbsp;SystemInit
</UL>

<P><STRONG><a name="[128]"></a>switchCLK_20MHz</STRONG> (Thumb, 40 bytes, Stack size 8 bytes, system_swm320.o(.text))
<BR><BR>[Stack]<UL><LI>Max Depth = 8<LI>Call Chain = switchCLK_20MHz
</UL>
<BR>[Calls]<UL><LI><a href="#[123]">&gt;&gt;</a>&nbsp;&nbsp;&nbsp;delay_3ms
</UL>
<BR>[Called By]<UL><LI><a href="#[129]">&gt;&gt;</a>&nbsp;&nbsp;&nbsp;SystemInit
</UL>

<P><STRONG><a name="[129]"></a>SystemInit</STRONG> (Thumb, 160 bytes, Stack size 8 bytes, system_swm320.o(.text))
<BR><BR>[Stack]<UL><LI>Max Depth = 24<LI>Call Chain = SystemInit &rArr; switchCLK_PLL &rArr; PLLInit
</UL>
<BR>[Calls]<UL><LI><a href="#[12a]">&gt;&gt;</a>&nbsp;&nbsp;&nbsp;Flash_Param_at_xMHz
<LI><a href="#[128]">&gt;&gt;</a>&nbsp;&nbsp;&nbsp;switchCLK_20MHz
<LI><a href="#[127]">&gt;&gt;</a>&nbsp;&nbsp;&nbsp;switchCLK_40MHz
<LI><a href="#[126]">&gt;&gt;</a>&nbsp;&nbsp;&nbsp;switchCLK_32KHz
<LI><a href="#[125]">&gt;&gt;</a>&nbsp;&nbsp;&nbsp;switchCLK_XTAL
<LI><a href="#[124]">&gt;&gt;</a>&nbsp;&nbsp;&nbsp;switchCLK_PLL
<LI><a href="#[12b]">&gt;&gt;</a>&nbsp;&nbsp;&nbsp;SystemCoreClockUpdate
</UL>
<BR>[Called By]<UL><LI><a href="#[af]">&gt;&gt;</a>&nbsp;&nbsp;&nbsp;main
</UL>

<P><STRONG><a name="[64]"></a>Reset_Handler</STRONG> (Thumb, 4 bytes, Stack size 0 bytes, startup_swm320.o(.text))
<BR>[Address Reference Count : 1]<UL><LI> startup_swm320.o(RESET)
</UL>
<P><STRONG><a name="[65]"></a>NMI_Handler</STRONG> (Thumb, 2 bytes, Stack size 0 bytes, startup_swm320.o(.text))
<BR><BR>[Calls]<UL><LI><a href="#[65]">&gt;&gt;</a>&nbsp;&nbsp;&nbsp;NMI_Handler
[...]
<BR><BR>[Stack]<UL><LI>Max Depth = 96<LI>Call Chain = utc_to_timestamp &rArr; get_days_in_month
</UL>
<BR>[Calls]<UL><LI><a href="#[189]">&gt;&gt;</a>&nbsp;&nbsp;&nbsp;get_days_in_month
<LI><a href="#[18a]">&gt;&gt;</a>&nbsp;&nbsp;&nbsp;is_leap_year
</UL>
<BR>[Address Reference Count : 1]<UL><LI> utc.o(.data)
</UL>
<P><STRONG><a name="[41]"></a>print_utc_time</STRONG> (Thumb, 36 bytes, Stack size 32 bytes, utc.o(.text))
<BR><BR>[Stack]<UL><LI>Max Depth = 424<LI>Call Chain = print_utc_time &rArr; myprintf &rArr; cslock_free &rArr; xQueueGenericSend &rArr; vTaskPlaceOnEventList &rArr; prvAddCurrentTaskToDelayedList &rArr; vListInsert
</UL>
<BR>[Calls]<UL><LI><a href="#[12d]">&gt;&gt;</a>&nbsp;&nbsp;&nbsp;myprintf
</UL>
<BR>[Address Reference Count : 1]<UL><LI> utc.o(.data)
</UL>
<P><STRONG><a name="[190]"></a>check_and_update_part_cache</STRONG> (Thumb, 140 bytes, Stack size 24 bytes, fal_partition.o(.text))
<BR><BR>[Stack]<UL><LI>Max Depth = 432<LI>Call Chain = check_and_update_part_cache &rArr; fal_flash_device_find &rArr; myprintf &rArr; cslock_free &rArr; xQueueGenericSend &rArr; vTaskPlaceOnEventList &rArr; prvAddCurrentTaskToDelayedList &rArr; vListInsert
</UL>
<BR>[Calls]<UL><LI><a href="#[12d]">&gt;&gt;</a>&nbsp;&nbsp;&nbsp;myprintf
<LI><a href="#[18e]">&gt;&gt;</a>&nbsp;&nbsp;&nbsp;fal_flash_device_find
</UL>
<BR>[Called By]<UL><LI><a href="#[193]">&gt;&gt;</a>&nbsp;&nbsp;&nbsp;fal_set_partition_table_temp
<LI><a href="#[18d]">&gt;&gt;</a>&nbsp;&nbsp;&nbsp;fal_partition_init
</UL>

<P><STRONG><a name="[191]"></a>flash_device_find_by_part</STRONG> (Thumb, 74 bytes, Stack size 8 bytes, fal_partition.o(.text))
<BR><BR>[Stack]<UL><LI>Max Depth = 400<LI>Call Chain = flash_device_find_by_part &rArr; myprintf &rArr; cslock_free &rArr; xQueueGenericSend &rArr; vTaskPlaceOnEventList &rArr; prvAddCurrentTaskToDelayedList &rArr; vListInsert
</UL>
<BR>[Calls]<UL><LI><a href="#[12d]">&gt;&gt;</a>&nbsp;&nbsp;&nbsp;myprintf
</UL>
<BR>[Called By]<UL><LI><a href="#[14c]">&gt;&gt;</a>&nbsp;&nbsp;&nbsp;fal_partition_write
<LI><a href="#[149]">&gt;&gt;</a>&nbsp;&nbsp;&nbsp;fal_partition_read
<LI><a href="#[14b]">&gt;&gt;</a>&nbsp;&nbsp;&nbsp;fal_partition_erase
</UL>

<P><STRONG><a name="[bc]"></a>init</STRONG> (Thumb, 4 bytes, Stack size 0 bytes, fal_flash_swm320.o(.text))
<BR>[Address Reference Count : 1]<UL><LI> fal_flash_swm320.o(.constdata)
</UL>
<P><STRONG><a name="[bd]"></a>read</STRONG> (Thumb, 32 bytes, Stack size 12 bytes, fal_flash_swm320.o(.text))
<BR><BR>[Stack]<UL><LI>Max Depth = 12<LI>Call Chain = read
</UL>
<BR>[Address Reference Count : 1]<UL><LI> fal_flash_swm320.o(.constdata)
</UL>
<P><STRONG><a name="[be]"></a>write</STRONG> (Thumb, 148 bytes, Stack size 40 bytes, fal_flash_swm320.o(.text))
<BR><BR>[Stack]<UL><LI>Max Depth = 64<LI>Call Chain = write &rArr; __2printf
</UL>
<BR>[Calls]<UL><LI><a href="#[195]">&gt;&gt;</a>&nbsp;&nbsp;&nbsp;FLASH_Write
<LI><a href="#[d1]">&gt;&gt;</a>&nbsp;&nbsp;&nbsp;__aeabi_memcpy
<LI><a href="#[12c]">&gt;&gt;</a>&nbsp;&nbsp;&nbsp;__2printf
</UL>
<BR>[Address Reference Count : 1]<UL><LI> fal_flash_swm320.o(.constdata)
</UL>
<P><STRONG><a name="[bf]"></a>erase</STRONG> (Thumb, 54 bytes, Stack size 24 bytes, fal_flash_swm320.o(.text))
<BR><BR>[Stack]<UL><LI>Max Depth = 32<LI>Call Chain = erase &rArr; FLASH_Erase
</UL>
<BR>[Calls]<UL><LI><a href="#[196]">&gt;&gt;</a>&nbsp;&nbsp;&nbsp;FLASH_Erase
</UL>
<BR>[Address Reference Count : 1]<UL><LI> fal_flash_swm320.o(.constdata)
</UL>
<P><STRONG><a name="[42]"></a>split_string_n</STRONG> (Thumb, 66 bytes, Stack size 32 bytes, stropt.o(.text))
<BR><BR>[Stack]<UL><LI>Max Depth = 48<LI>Call Chain = split_string_n &rArr; strtok_r
</UL>
<BR>[Calls]<UL><LI><a href="#[197]">&gt;&gt;</a>&nbsp;&nbsp;&nbsp;strtok_r
</UL>
<BR>[Address Reference Count : 1]<UL><LI> stropt.o(.data)
</UL>
<P><STRONG><a name="[43]"></a>init</STRONG> (Thumb, 54 bytes, Stack size 8 bytes, lib_hc595.o(.text))
<BR><BR>[Stack]<UL><LI>Max Depth = 8<LI>Call Chain = init
</UL>
<BR>[Address Reference Count : 1]<UL><LI> lib_hc595.o(.data)
</UL>
<P><STRONG><a name="[198]"></a>write_byte</STRONG> (Thumb, 116 bytes, Stack size 24 bytes, lib_hc595.o(.text))
<BR><BR>[Stack]<UL><LI>Max Depth = 24<LI>Call Chain = write_byte
</UL>
<BR>[Called By]<UL><LI><a href="#[44]">&gt;&gt;</a>&nbsp;&nbsp;&nbsp;write
</UL>

<P><STRONG><a name="[44]"></a>write</STRONG> (Thumb, 38 bytes, Stack size 24 bytes, lib_hc595.o(.text))
<BR><BR>[Stack]<UL><LI>Max Depth = 48<LI>Call Chain = write &rArr; write_byte
</UL>
<BR>[Calls]<UL><LI><a href="#[198]">&gt;&gt;</a>&nbsp;&nbsp;&nbsp;write_byte
</UL>
<BR>[Address Reference Count : 1]<UL><LI> lib_hc595.o(.data)
</UL>
<P><STRONG><a name="[45]"></a>update</STRONG> (Thumb, 66 bytes, Stack size 16 bytes, lib_hc595.o(.text))
<BR><BR>[Stack]<UL><LI>Max Depth = 16<LI>Call Chain = update
</UL>
<BR>[Address Reference Count : 1]<UL><LI> lib_hc595.o(.data)
</UL>
<P><STRONG><a name="[19a]"></a>str_ischar</STRONG> (Thumb, 34 bytes, Stack size 0 bytes, air7xx_base_opt.o(.text))
<BR><BR>[Called By]<UL><LI><a href="#[199]">&gt;&gt;</a>&nbsp;&nbsp;&nbsp;air_ptf_buf
</UL>

<P><STRONG><a name="[199]"></a>air_ptf_buf</STRONG> (Thumb, 148 bytes, Stack size 168 bytes, air7xx_base_opt.o(.text))
<BR><BR>[Stack]<UL><LI>Max Depth = 560<LI>Call Chain = air_ptf_buf &rArr; myprintf &rArr; cslock_free &rArr; xQueueGenericSend &rArr; vTaskPlaceOnEventList &rArr; prvAddCurrentTaskToDelayedList &rArr; vListInsert
</UL>
<BR>[Calls]<UL><LI><a href="#[12d]">&gt;&gt;</a>&nbsp;&nbsp;&nbsp;myprintf
<LI><a href="#[146]">&gt;&gt;</a>&nbsp;&nbsp;&nbsp;__aeabi_memclr4
<LI><a href="#[19a]">&gt;&gt;</a>&nbsp;&nbsp;&nbsp;str_ischar
</UL>
<BR>[Called By]<UL><LI><a href="#[4a]">&gt;&gt;</a>&nbsp;&nbsp;&nbsp;air_ptf_txbuf
<LI><a href="#[4b]">&gt;&gt;</a>&nbsp;&nbsp;&nbsp;air_ptf_rxbuf
</UL>

<P><STRONG><a name="[19e]"></a>ping_serv</STRONG> (Thumb, 100 bytes, Stack size 40 bytes, message.o(.text))
<BR><BR>[Stack]<UL><LI>Max Depth = 128<LI>Call Chain = ping_serv &rArr; __aeabi_dmul &rArr; _double_epilogue &rArr; _double_round
</UL>
<BR>[Calls]<UL><LI><a href="#[14f]">&gt;&gt;</a>&nbsp;&nbsp;&nbsp;xTaskGetTickCount
<LI><a href="#[150]">&gt;&gt;</a>&nbsp;&nbsp;&nbsp;__aeabi_ui2d
<LI><a href="#[151]">&gt;&gt;</a>&nbsp;&nbsp;&nbsp;__aeabi_dmul
<LI><a href="#[152]">&gt;&gt;</a>&nbsp;&nbsp;&nbsp;__aeabi_d2uiz
</UL>
<BR>[Called By]<UL><LI><a href="#[b5]">&gt;&gt;</a>&nbsp;&nbsp;&nbsp;net_cycle
</UL>

<P><STRONG><a name="[53]"></a>ccb_Logon</STRONG> (Thumb, 26 bytes, Stack size 24 bytes, msg_cmd_analysis.o(.text))
<BR><BR>[Stack]<UL><LI>Max Depth = 416<LI>Call Chain = ccb_Logon &rArr; myprintf &rArr; cslock_free &rArr; xQueueGenericSend &rArr; vTaskPlaceOnEventList &rArr; prvAddCurrentTaskToDelayedList &rArr; vListInsert
</UL>
<BR>[Calls]<UL><LI><a href="#[12d]">&gt;&gt;</a>&nbsp;&nbsp;&nbsp;myprintf
</UL>
<BR>[Address Reference Count : 1]<UL><LI> msg_cmd_analysis.o(.data)
</UL>
<P><STRONG><a name="[54]"></a>ccb_unknow</STRONG> (Thumb, 48 bytes, Stack size 24 bytes, msg_cmd_analysis.o(.text))
<BR><BR>[Stack]<UL><LI>Max Depth = 416<LI>Call Chain = ccb_unknow &rArr; myprintf &rArr; cslock_free &rArr; xQueueGenericSend &rArr; vTaskPlaceOnEventList &rArr; prvAddCurrentTaskToDelayedList &rArr; vListInsert
</UL>
<BR>[Calls]<UL><LI><a href="#[12d]">&gt;&gt;</a>&nbsp;&nbsp;&nbsp;myprintf
</UL>
<BR>[Address Reference Count : 1]<UL><LI> msg_cmd_analysis.o(.data)
</UL>
<P><STRONG><a name="[1a2]"></a>check_sum_str</STRONG> (Thumb, 46 bytes, Stack size 16 bytes, msg_cmd_analysis.o(.text))
<BR><BR>[Stack]<UL><LI>Max Depth = 16<LI>Call Chain = check_sum_str
</UL>
<BR>[Calls]<UL><LI><a href="#[166]">&gt;&gt;</a>&nbsp;&nbsp;&nbsp;strlen
</UL>
<BR>[Called By]<UL><LI><a href="#[55]">&gt;&gt;</a>&nbsp;&nbsp;&nbsp;ccb_time
</UL>

<P><STRONG><a name="[55]"></a>ccb_time</STRONG> (Thumb, 90 bytes, Stack size 32 bytes, msg_cmd_analysis.o(.text))
<BR><BR>[Stack]<UL><LI>Max Depth = 424<LI>Call Chain = ccb_time &rArr; myprintf &rArr; cslock_free &rArr; xQueueGenericSend &rArr; vTaskPlaceOnEventList &rArr; prvAddCurrentTaskToDelayedList &rArr; vListInsert
</UL>
<BR>[Calls]<UL><LI><a href="#[12d]">&gt;&gt;</a>&nbsp;&nbsp;&nbsp;myprintf
<LI><a href="#[1a3]">&gt;&gt;</a>&nbsp;&nbsp;&nbsp;dump_rtc_by_str
<LI><a href="#[1a2]">&gt;&gt;</a>&nbsp;&nbsp;&nbsp;check_sum_str
<LI><a href="#[1a5]">&gt;&gt;</a>&nbsp;&nbsp;&nbsp;set_get_time_flag
<LI><a href="#[1a4]">&gt;&gt;</a>&nbsp;&nbsp;&nbsp;atol
</UL>
<BR>[Address Reference Count : 1]<UL><LI> msg_cmd_analysis.o(.data)
</UL>
<P><STRONG><a name="[56]"></a>ccb_pong</STRONG> (Thumb, 26 bytes, Stack size 24 bytes, msg_cmd_analysis.o(.text))
<BR><BR>[Stack]<UL><LI>Max Depth = 416<LI>Call Chain = ccb_pong &rArr; myprintf &rArr; cslock_free &rArr; xQueueGenericSend &rArr; vTaskPlaceOnEventList &rArr; prvAddCurrentTaskToDelayedList &rArr; vListInsert
</UL>
<BR>[Calls]<UL><LI><a href="#[12d]">&gt;&gt;</a>&nbsp;&nbsp;&nbsp;myprintf
</UL>
<BR>[Address Reference Count : 1]<UL><LI> msg_cmd_analysis.o(.data)
</UL>
<P><STRONG><a name="[57]"></a>ccb_over</STRONG> (Thumb, 48 bytes, Stack size 24 bytes, msg_cmd_analysis.o(.text))
<BR><BR>[Stack]<UL><LI>Max Depth = 416<LI>Call Chain = ccb_over &rArr; myprintf &rArr; cslock_free &rArr; xQueueGenericSend &rArr; vTaskPlaceOnEventList &rArr; prvAddCurrentTaskToDelayedList &rArr; vListInsert
</UL>
<BR>[Calls]<UL><LI><a href="#[12d]">&gt;&gt;</a>&nbsp;&nbsp;&nbsp;myprintf
</UL>
<BR>[Address Reference Count : 1]<UL><LI> msg_cmd_analysis.o(.data)
</UL>
<P><STRONG><a name="[58]"></a>ccb_update</STRONG> (Thumb, 56 bytes, Stack size 24 bytes, msg_cmd_analysis.o(.text))
<BR><BR>[Stack]<UL><LI>Max Depth = 480<LI>Call Chain = ccb_update &rArr; cmd_ota &rArr; work_data_write &rArr; fal_partition_write &rArr; flash_device_find_by_part &rArr; myprintf &rArr; cslock_free &rArr; xQueueGenericSend &rArr; vTaskPlaceOnEventList &rArr; prvAddCurrentTaskToDelayedList &rArr; vListInsert
</UL>
<BR>[Calls]<UL><LI><a href="#[12d]">&gt;&gt;</a>&nbsp;&nbsp;&nbsp;myprintf
<LI><a href="#[9]">&gt;&gt;</a>&nbsp;&nbsp;&nbsp;cmd_ota
</UL>
<BR>[Address Reference Count : 1]<UL><LI> msg_cmd_analysis.o(.data)
</UL>
<P><STRONG><a name="[59]"></a>ccb_on</STRONG> (Thumb, 146 bytes, Stack size 40 bytes, msg_cmd_analysis.o(.text))
<BR><BR>[Stack]<UL><LI>Max Depth = 432<LI>Call Chain = ccb_on &rArr; myprintf &rArr; cslock_free &rArr; xQueueGenericSend &rArr; vTaskPlaceOnEventList &rArr; prvAddCurrentTaskToDelayedList &rArr; vListInsert
</UL>
<BR>[Calls]<UL><LI><a href="#[12d]">&gt;&gt;</a>&nbsp;&nbsp;&nbsp;myprintf
<LI><a href="#[166]">&gt;&gt;</a>&nbsp;&nbsp;&nbsp;strlen
<LI><a href="#[1a4]">&gt;&gt;</a>&nbsp;&nbsp;&nbsp;atol
<LI><a href="#[161]">&gt;&gt;</a>&nbsp;&nbsp;&nbsp;atoi
</UL>
<BR>[Address Reference Count : 1]<UL><LI> msg_cmd_analysis.o(.data)
</UL>
<P><STRONG><a name="[5a]"></a>ccb_off</STRONG> (Thumb, 126 bytes, Stack size 40 bytes, msg_cmd_analysis.o(.text))
<BR><BR>[Stack]<UL><LI>Max Depth = 432<LI>Call Chain = ccb_off &rArr; myprintf &rArr; cslock_free &rArr; xQueueGenericSend &rArr; vTaskPlaceOnEventList &rArr; prvAddCurrentTaskToDelayedList &rArr; vListInsert
</UL>
<BR>[Calls]<UL><LI><a href="#[12d]">&gt;&gt;</a>&nbsp;&nbsp;&nbsp;myprintf
<LI><a href="#[166]">&gt;&gt;</a>&nbsp;&nbsp;&nbsp;strlen
<LI><a href="#[161]">&gt;&gt;</a>&nbsp;&nbsp;&nbsp;atoi
</UL>
<BR>[Address Reference Count : 1]<UL><LI> msg_cmd_analysis.o(.data)
</UL>
<P><STRONG><a name="[5b]"></a>ccb_reboot</STRONG> (Thumb, 56 bytes, Stack size 24 bytes, msg_cmd_analysis.o(.text))
<BR><BR>[Stack]<UL><LI>Max Depth = 432<LI>Call Chain = ccb_reboot &rArr; cmd_reboot &rArr; myprintf &rArr; cslock_free &rArr; xQueueGenericSend &rArr; vTaskPlaceOnEventList &rArr; prvAddCurrentTaskToDelayedList &rArr; vListInsert
</UL>
<BR>[Calls]<UL><LI><a href="#[12d]">&gt;&gt;</a>&nbsp;&nbsp;&nbsp;myprintf
<LI><a href="#[6]">&gt;&gt;</a>&nbsp;&nbsp;&nbsp;cmd_reboot
</UL>
<BR>[Address Reference Count : 1]<UL><LI> msg_cmd_analysis.o(.data)
</UL>
<P><STRONG><a name="[5c]"></a>ccb_cat_data</STRONG> (Thumb, 56 bytes, Stack size 24 bytes, msg_cmd_analysis.o(.text))
<BR><BR>[Stack]<UL><LI>Max Depth = 456<LI>Call Chain = ccb_cat_data &rArr; cmd_cat_data &rArr; myprintf &rArr; cslock_free &rArr; xQueueGenericSend &rArr; vTaskPlaceOnEventList &rArr; prvAddCurrentTaskToDelayedList &rArr; vListInsert
</UL>
<BR>[Calls]<UL><LI><a href="#[12d]">&gt;&gt;</a>&nbsp;&nbsp;&nbsp;myprintf
<LI><a href="#[7]">&gt;&gt;</a>&nbsp;&nbsp;&nbsp;cmd_cat_data
</UL>
<BR>[Address Reference Count : 1]<UL><LI> msg_cmd_analysis.o(.data)
</UL>
<P><STRONG><a name="[5d]"></a>init</STRONG> (Thumb, 34 bytes, Stack size 8 bytes, msg_ctrl_to_net.o(.text))
<BR><BR>[Stack]<UL><LI>Max Depth = 104<LI>Call Chain = init &rArr; xQueueGenericCreate &rArr; pvPortMalloc &rArr; xTaskResumeAll &rArr; xTaskIncrementTick
</UL>
<BR>[Calls]<UL><LI><a href="#[ca]">&gt;&gt;</a>&nbsp;&nbsp;&nbsp;xQueueGenericCreate
</UL>
<BR>[Address Reference Count : 1]<UL><LI> msg_ctrl_to_net.o(.data)
</UL>
<P><STRONG><a name="[5e]"></a>put_curr_report</STRONG> (Thumb, 126 bytes, Stack size 104 bytes, msg_ctrl_to_net.o(.text))
<BR><BR>[Stack]<UL><LI>Max Depth = 496<LI>Call Chain = put_curr_report &rArr; myprintf &rArr; cslock_free &rArr; xQueueGenericSend &rArr; vTaskPlaceOnEventList &rArr; prvAddCurrentTaskToDelayedList &rArr; vListInsert
</UL>
<BR>[Calls]<UL><LI><a href="#[d2]">&gt;&gt;</a>&nbsp;&nbsp;&nbsp;xQueueGenericSend
<LI><a href="#[12d]">&gt;&gt;</a>&nbsp;&nbsp;&nbsp;myprintf
<LI><a href="#[146]">&gt;&gt;</a>&nbsp;&nbsp;&nbsp;__aeabi_memclr4
<LI><a href="#[153]">&gt;&gt;</a>&nbsp;&nbsp;&nbsp;__2snprintf
</UL>
<BR>[Address Reference Count : 1]<UL><LI> msg_ctrl_to_net.o(.data)
</UL>
<P><STRONG><a name="[5f]"></a>put_over_report</STRONG> (Thumb, 102 bytes, Stack size 88 bytes, msg_ctrl_to_net.o(.text))
<BR><BR>[Stack]<UL><LI>Max Depth = 480<LI>Call Chain = put_over_report &rArr; myprintf &rArr; cslock_free &rArr; xQueueGenericSend &rArr; vTaskPlaceOnEventList &rArr; prvAddCurrentTaskToDelayedList &rArr; vListInsert
</UL>
<BR>[Calls]<UL><LI><a href="#[d2]">&gt;&gt;</a>&nbsp;&nbsp;&nbsp;xQueueGenericSend
<LI><a href="#[12d]">&gt;&gt;</a>&nbsp;&nbsp;&nbsp;myprintf
<LI><a href="#[146]">&gt;&gt;</a>&nbsp;&nbsp;&nbsp;__aeabi_memclr4
<LI><a href="#[153]">&gt;&gt;</a>&nbsp;&nbsp;&nbsp;__2snprintf
</UL>
<BR>[Address Reference Count : 1]<UL><LI> msg_ctrl_to_net.o(.data)
</UL>
<P><STRONG><a name="[1a6]"></a>get</STRONG> (Thumb, 58 bytes, Stack size 16 bytes, msg_ctrl_to_net.o(.text))
<BR><BR>[Stack]<UL><LI>Max Depth = 120<LI>Call Chain = get &rArr; xQueueGenericReceive &rArr; vTaskPlaceOnEventList &rArr; prvAddCurrentTaskToDelayedList &rArr; vListInsert
</UL>
<BR>[Calls]<UL><LI><a href="#[de]">&gt;&gt;</a>&nbsp;&nbsp;&nbsp;xQueueGenericReceive
</UL>
<BR>[Called By]<UL><LI><a href="#[60]">&gt;&gt;</a>&nbsp;&nbsp;&nbsp;work
</UL>

<P><STRONG><a name="[60]"></a>work</STRONG> (Thumb, 240 bytes, Stack size 152 bytes, msg_ctrl_to_net.o(.text))
<BR><BR>[Stack]<UL><LI>Max Depth = 544<LI>Call Chain = work &rArr; myprintf &rArr; cslock_free &rArr; xQueueGenericSend &rArr; vTaskPlaceOnEventList &rArr; prvAddCurrentTaskToDelayedList &rArr; vListInsert
</UL>
<BR>[Calls]<UL><LI><a href="#[12d]">&gt;&gt;</a>&nbsp;&nbsp;&nbsp;myprintf
<LI><a href="#[14a]">&gt;&gt;</a>&nbsp;&nbsp;&nbsp;__aeabi_f2d
<LI><a href="#[165]">&gt;&gt;</a>&nbsp;&nbsp;&nbsp;__aeabi_memclr
<LI><a href="#[1a6]">&gt;&gt;</a>&nbsp;&nbsp;&nbsp;get
<LI><a href="#[153]">&gt;&gt;</a>&nbsp;&nbsp;&nbsp;__2snprintf
</UL>
<BR>[Address Reference Count : 1]<UL><LI> msg_ctrl_to_net.o(.data)
</UL>
<P><STRONG><a name="[61]"></a>init</STRONG> (Thumb, 34 bytes, Stack size 8 bytes, msg_net_to_ctrl.o(.text))
<BR><BR>[Stack]<UL><LI>Max Depth = 104<LI>Call Chain = init &rArr; xQueueGenericCreate &rArr; pvPortMalloc &rArr; xTaskResumeAll &rArr; xTaskIncrementTick
</UL>
<BR>[Calls]<UL><LI><a href="#[ca]">&gt;&gt;</a>&nbsp;&nbsp;&nbsp;xQueueGenericCreate
</UL>
<BR>[Address Reference Count : 1]<UL><LI> msg_net_to_ctrl.o(.data)
</UL>
<P><STRONG><a name="[62]"></a>put_order</STRONG> (Thumb, 86 bytes, Stack size 88 bytes, msg_net_to_ctrl.o(.text))
<BR><BR>[Stack]<UL><LI>Max Depth = 480<LI>Call Chain = put_order &rArr; myprintf &rArr; cslock_free &rArr; xQueueGenericSend &rArr; vTaskPlaceOnEventList &rArr; prvAddCurrentTaskToDelayedList &rArr; vListInsert
</UL>
<BR>[Calls]<UL><LI><a href="#[d2]">&gt;&gt;</a>&nbsp;&nbsp;&nbsp;xQueueGenericSend
<LI><a href="#[12d]">&gt;&gt;</a>&nbsp;&nbsp;&nbsp;myprintf
<LI><a href="#[146]">&gt;&gt;</a>&nbsp;&nbsp;&nbsp;__aeabi_memclr4
<LI><a href="#[153]">&gt;&gt;</a>&nbsp;&nbsp;&nbsp;__2snprintf
</UL>
<BR>[Address Reference Count : 1]<UL><LI> msg_net_to_ctrl.o(.data)
</UL>
<P><STRONG><a name="[63]"></a>get</STRONG> (Thumb, 58 bytes, Stack size 16 bytes, msg_net_to_ctrl.o(.text))
<BR><BR>[Stack]<UL><LI>Max Depth = 120<LI>Call Chain = get &rArr; xQueueGenericReceive &rArr; vTaskPlaceOnEventList &rArr; prvAddCurrentTaskToDelayedList &rArr; vListInsert
</UL>
<BR>[Calls]<UL><LI><a href="#[de]">&gt;&gt;</a>&nbsp;&nbsp;&nbsp;xQueueGenericReceive
</UL>
<BR>[Address Reference Count : 1]<UL><LI> msg_net_to_ctrl.o(.data)
</UL>
<P><STRONG><a name="[1c5]"></a>_fp_digits</STRONG> (Thumb, 366 bytes, Stack size 64 bytes, printfa.o(i._fp_digits), UNUSED)
<BR><BR>[Calls]<UL><LI><a href="#[158]">&gt;&gt;</a>&nbsp;&nbsp;&nbsp;__aeabi_ddiv
<LI><a href="#[151]">&gt;&gt;</a>&nbsp;&nbsp;&nbsp;__aeabi_dmul
<LI><a href="#[18b]">&gt;&gt;</a>&nbsp;&nbsp;&nbsp;__aeabi_uldivmod
<LI><a href="#[1b6]">&gt;&gt;</a>&nbsp;&nbsp;&nbsp;__aeabi_dadd
<LI><a href="#[1ba]">&gt;&gt;</a>&nbsp;&nbsp;&nbsp;__aeabi_d2ulz
<LI><a href="#[1c6]">&gt;&gt;</a>&nbsp;&nbsp;&nbsp;__aeabi_cdrcmple
</UL>
<BR>[Called By]<UL><LI><a href="#[1c2]">&gt;&gt;</a>&nbsp;&nbsp;&nbsp;_printf_core
</UL>

<P><STRONG><a name="[1c2]"></a>_printf_core</STRONG> (Thumb, 1704 bytes, Stack size 136 bytes, printfa.o(i._printf_core), UNUSED)
<BR><BR>[Calls]<UL><LI><a href="#[18b]">&gt;&gt;</a>&nbsp;&nbsp;&nbsp;__aeabi_uldivmod
<LI><a href="#[1c9]">&gt;&gt;</a>&nbsp;&nbsp;&nbsp;__aeabi_uidivmod
<LI><a href="#[1c7]">&gt;&gt;</a>&nbsp;&nbsp;&nbsp;_printf_pre_padding
<LI><a href="#[1c8]">&gt;&gt;</a>&nbsp;&nbsp;&nbsp;_printf_post_padding
<LI><a href="#[1c5]">&gt;&gt;</a>&nbsp;&nbsp;&nbsp;_fp_digits
</UL>
<BR>[Called By]<UL><LI><a href="#[1c4]">&gt;&gt;</a>&nbsp;&nbsp;&nbsp;__0vsnprintf
<LI><a href="#[1c3]">&gt;&gt;</a>&nbsp;&nbsp;&nbsp;__0snprintf
<LI><a href="#[1c1]">&gt;&gt;</a>&nbsp;&nbsp;&nbsp;__0printf
</UL>

<P><STRONG><a name="[1c8]"></a>_printf_post_padding</STRONG> (Thumb, 36 bytes, Stack size 24 bytes, printfa.o(i._printf_post_padding), UNUSED)
<BR><BR>[Called By]<UL><LI><a href="#[1c2]">&gt;&gt;</a>&nbsp;&nbsp;&nbsp;_printf_core
</UL>

<P><STRONG><a name="[1c7]"></a>_printf_pre_padding</STRONG> (Thumb, 46 bytes, Stack size 24 bytes, printfa.o(i._printf_pre_padding), UNUSED)
<BR><BR>[Called By]<UL><LI><a href="#[1c2]">&gt;&gt;</a>&nbsp;&nbsp;&nbsp;_printf_core
</UL>

<P><STRONG><a name="[bb]"></a>_snputc</STRONG> (Thumb, 22 bytes, Stack size 0 bytes, printfa.o(i._snputc))
<BR>[Address Reference Count : 2]<UL><LI> printfa.o(i.__0vsnprintf)
<LI> printfa.o(i.__0snprintf)
</UL>
<P><STRONG><a name="[1b1]"></a>_local_sscanf</STRONG> (Thumb, 54 bytes, Stack size 56 bytes, strtod.o(.text))
<BR><BR>[Stack]<UL><LI>Max Depth = 160<LI>Call Chain = _local_sscanf &rArr; _scanf_real
</UL>
<BR>[Calls]<UL><LI><a href="#[1b2]">&gt;&gt;</a>&nbsp;&nbsp;&nbsp;_scanf_real
</UL>
<BR>[Called By]<UL><LI><a href="#[1b3]">&gt;&gt;</a>&nbsp;&nbsp;&nbsp;__strtod_int
</UL>

<P><STRONG><a name="[1bc]"></a>_fp_value</STRONG> (Thumb, 296 bytes, Stack size 64 bytes, scanf_fp.o(.text), UNUSED)
<BR><BR>[Calls]<UL><LI><a href="#[158]">&gt;&gt;</a>&nbsp;&nbsp;&nbsp;__aeabi_ddiv
<LI><a href="#[151]">&gt;&gt;</a>&nbsp;&nbsp;&nbsp;__aeabi_dmul
<LI><a href="#[1bd]">&gt;&gt;</a>&nbsp;&nbsp;&nbsp;__aeabi_ul2d
</UL>
<BR>[Called By]<UL><LI><a href="#[1be]">&gt;&gt;</a>&nbsp;&nbsp;&nbsp;_scanf_really_real
</UL>
<P>
<H3>
Undefined Global Symbols
</H3><HR></body></html>
