<html>
<body>
<pre>
<h1>µVision Build Log</h1>
<h2>Tool Versions:</h2>
IDE-Version: ¦ÌVision V5.43.0.0
Copyright (C) 2025 ARM Ltd and ARM Germany GmbH. All rights reserved.
License Information: ×Þ ×Þ¾©Ñó, ÎÞ, LIC=VGXG8-3KEET-015P1-C83NL-NQ068-200F9
 
Tool Versions:
Toolchain:       MDK-ARM Plus  Version: 5.43.0.0
Toolchain Path:  C:\Users\Administrator\AppData\Local\Keil_v5\ARM\ARMCC\Bin
C Compiler:      Armcc.exe V5.06 update 7 (build 960)
Assembler:       Armasm.exe V5.06 update 7 (build 960)
Linker/Locator:  ArmLink.exe V5.06 update 7 (build 960)
Library Manager: ArmAr.exe V5.06 update 7 (build 960)
Hex Converter:   FromElf.exe V5.06 update 7 (build 960)
CPU DLL:         SARMCM3.DLL V5.43.0.0
Dialog DLL:      DCM.DLL V1.17.5.0
Target DLL:      CMSIS_AGDI.dll V1.33.24.0
Dialog DLL:      TCM.DLL V1.56.6.0
 
<h2>Project:</h2>
d:\study\³äµç×®\freertos\framework_app\framework.uvprojx
Project File Date:  05/24/2026

<h2>Output:</h2>
*** Using Compiler 'V5.06 update 7 (build 960)', folder: 'C:\Users\Administrator\AppData\Local\Keil_v5\ARM\ARMCC\Bin'
Build target 'SWM320'
compiling start_task.c...
linking...
Program Size: Code=48600 RO-data=2600 RW-data=3052 ZI-data=87588  
FromELF: creating hex file...
After Build - User command #1: fromelf --bin -o "d:\study\³äµç×®\freertos\framework_app\out\framework.bin" "d:\study\³äµç×®\freertos\framework_app\out\framework.axf"
After Build - User command #2: .\build_ota_file.bat
d:\study\³äµç×®\freertos\framework_app>.\tool\align_file.exe .\out\FreeRTOS.bin .\tool\temp\align_FreeRTOS.bin 
d:\study\³äµç×®\freertos\framework_app>.\tool\crc_bin_to_bin.exe .\tool\temp\align_FreeRTOS.bin .\app_charge_inner_hlw8012.bin 
".\out\framework.axf" - 0 Error(s), 0 Warning(s).

<h2>Software Packages used:</h2>

Package Vendor: Synwit
                http://www.synwit.com/pack/Synwit.SWM32_DFP.1.8.4.pack
                Synwit::SWM32_DFP@1.8.4
                Synwit 32bit MCU Device Support

<h2>Collection of Component include folders:</h2>
  C:/Users/Administrator/AppData/Local/Arm/Packs/Synwit/SWM32_DFP/1.8.4/CSL/SWM320/CMSIS/DeviceSupport

<h2>Collection of Component Files used:</h2>
Build Time Elapsed:  00:00:01
</pre>
</body>
</html>
