Component: ARM Compiler 5.06 update 7 (build 960) Tool: armlink [4d3601]

==============================================================================

Section Cross References

    queue.o(.text) refers to port.o(.text) for vPortEnterCritical
    queue.o(.text) refers to tasks.o(.text) for xTaskRemoveFromEventList
    queue.o(.text) refers to list.o(.text) for vListInitialise
    queue.o(.text) refers to heap_4.o(.text) for pvPortMalloc
    queue.o(.text) refers to memcpya.o(.text) for __aeabi_memcpy
    tasks.o(.text) refers to list.o(.text) for vListInitialise
    tasks.o(.text) refers to port.o(.text) for vPortEnterCritical
    tasks.o(.text) refers to memseta.o(.text) for __aeabi_memset
    tasks.o(.text) refers to heap_4.o(.text) for pvPortMalloc
    tasks.o(.text) refers to tasks.o(.bss) for pxReadyTasksLists
    tasks.o(.text) refers to tasks.o(.data) for pxDelayedTaskList
    tasks.o(.text) refers to main.o(.text) for vApplicationStackOverflowHook
    tasks.o(.text) refers to fk_drvp_time.o(.data) for CPU_RunTime
    tasks.o(.text) refers to strcpy.o(.text) for strcpy
    tasks.o(.text) refers to strlen.o(.text) for strlen
    tasks.o(.text) refers to printfa.o(i.__0sprintf) for __2sprintf
    port.o(.emb_text) refers to tasks.o(.text) for vTaskSwitchContext
    port.o(.emb_text) refers to tasks.o(.data) for pxCurrentTCB
    port.o(.text) refers to port.o(.emb_text) for __asm___6_port_c_39a90d8d__prvStartFirstTask
    port.o(.text) refers to tasks.o(.text) for xTaskIncrementTick
    port.o(.text) refers to port.o(.data) for uxCriticalNesting
    heap_4.o(.text) refers to tasks.o(.text) for vTaskSuspendAll
    heap_4.o(.text) refers to heap_4.o(.data) for xStart
    heap_4.o(.text) refers to heap_4.o(.bss) for ucHeap
    swm320_adc.o(.text) refers to system_swm320.o(.text) for PLLInit
    swm320_gpio.o(.text) refers to swm320_port.o(.text) for PORT_Init
    swm320_i2c.o(.text) refers to system_swm320.o(.data) for SystemCoreClock
    swm320_uart.o(.text) refers to system_swm320.o(.data) for SystemCoreClock
    swm320_flash.o(.text) refers to swm320_flash.o(.data) for IAP_Flash_Erase
    swm320_can.o(.text) refers to system_swm320.o(.data) for SystemCoreClock
    swm320_rtc.o(.text) refers to memcpya.o(.text) for __aeabi_memcpy4
    swm320_rtc.o(.text) refers to swm320_rtc.o(.constdata) for .constdata
    swm320_sdio.o(.text) refers to system_swm320.o(.data) for SystemCoreClock
    swm320_sdio.o(.text) refers to swm320_sdio.o(.bss) for SD_cardInfo
    system_swm320.o(.text) refers to swm320_flash.o(.text) for Flash_Param_at_xMHz
    system_swm320.o(.text) refers to system_swm320.o(.data) for SystemCoreClock
    startup_swm320.o(RESET) refers to startup_swm320.o(STACK) for __initial_sp
    startup_swm320.o(RESET) refers to startup_swm320.o(.text) for Reset_Handler
    startup_swm320.o(RESET) refers to main.o(.emb_text) for HardFault_Handler
    startup_swm320.o(RESET) refers to main.o(.text) for MemManage_Handler
    startup_swm320.o(RESET) refers to port.o(.emb_text) for SVC_Handler
    startup_swm320.o(RESET) refers to port.o(.text) for SysTick_Handler
    startup_swm320.o(RESET) refers to fk_drvp_uart.o(.text) for UART0_Handler
    startup_swm320.o(RESET) refers to fk_drvp_rtc.o(.text) for RTC_Handler
    startup_swm320.o(RESET) refers to fk_drvp_gpio.o(.text) for GPIOA_Handler
    startup_swm320.o(RESET) refers to fk_drvp_time.o(.text) for TIMR0_Handler
    startup_swm320.o(.text) refers to entry.o(.ARM.Collect$$$$00000000) for __main
    main.o(.emb_text) refers to main.o(.text) for HardFault_Handler_C
    main.o(.text) refers to printfa.o(i.__0printf) for __2printf
    main.o(.text) refers to start_task.o(.text) for myprintf
    main.o(.text) refers to swm320_port.o(.text) for PORT_Init
    main.o(.text) refers to swm320_uart.o(.text) for UART_Init
    main.o(.text) refers to system_swm320.o(.text) for SystemInit
    main.o(.text) refers to tasks.o(.text) for vTaskStartScheduler
    crtl_task.o(.text) refers to start_task.o(.text) for myprintf
    crtl_task.o(.text) refers to work.o(.text) for work_cycle_entry
    crtl_task.o(.text) refers to tasks.o(.text) for vTaskDelay
    crtl_task.o(.text) refers to crtl_task.o(.constdata) for __func__
    crtl_task.o(.text) refers to crtl_task.o(.data) for crtl_task_Handler
    listen_task.o(.text) refers to start_task.o(.text) for myprintf
    listen_task.o(.text) refers to memseta.o(.text) for __aeabi_memclr4
    listen_task.o(.text) refers to tasks.o(.text) for xTaskGetTickCount
    listen_task.o(.text) refers to dfltui.o(.text) for __aeabi_ui2d
    listen_task.o(.text) refers to dmul.o(.text) for __aeabi_dmul
    listen_task.o(.text) refers to dfixui.o(.text) for __aeabi_d2uiz
    listen_task.o(.text) refers to heap_4.o(.text) for xPortGetMinimumEverFreeHeapSize
    listen_task.o(.text) refers to fk_drvp_time.o(.data) for drv_time
    listen_task.o(.text) refers to listen_task.o(.constdata) for __func__
[...]
    do_drvp_uart                             0x20000a64   Data          24  fk_drvp_uart.o(.data)
    .data                                    0x20000a80   Section       24  fk_drvp_rtc.o(.data)
    do_drvp_rtc                              0x20000a80   Data          20  fk_drvp_rtc.o(.data)
    .data                                    0x20000a98   Section       20  fk_drvp_wdg.o(.data)
    do_drvp_wdt                              0x20000a98   Data          16  fk_drvp_wdg.o(.data)
    .data                                    0x20000aac   Section       20  fk_drvp_time.o(.data)
    do_drvp_time                             0x20000ab0   Data          12  fk_drvp_time.o(.data)
    .data                                    0x20000ac0   Section       16  utc.o(.data)
    do_utc_opt                               0x20000ac0   Data          12  utc.o(.data)
    .data                                    0x20000ad0   Section        1  fal.o(.data)
    init_ok                                  0x20000ad0   Data           1  fal.o(.data)
    .data                                    0x20000ad1   Section        1  fal_flash.o(.data)
    init_ok                                  0x20000ad1   Data           1  fal_flash.o(.data)
    .data                                    0x20000ad4   Section       12  fal_partition.o(.data)
    partition_table                          0x20000ad4   Data           4  fal_partition.o(.data)
    init_ok                                  0x20000ad8   Data           1  fal_partition.o(.data)
    partition_table_len                      0x20000adc   Data           4  fal_partition.o(.data)
    .data                                    0x20000ae0   Section        8  stropt.o(.data)
    do_stropt                                0x20000ae0   Data           4  stropt.o(.data)
    .data                                    0x20000ae8   Section       16  lib_hc595.o(.data)
    do_hc595_opt                             0x20000ae8   Data          12  lib_hc595.o(.data)
    .data                                    0x20000af8   Section       12  network.o(.data)
    m_wk_net                                 0x20000af8   Data           4  network.o(.data)
    .data                                    0x20000b04   Section       56  air7xx.o(.data)
    do_netdev_opt                            0x20000b04   Data          52  air7xx.o(.data)
    .data                                    0x20000b3c   Section       12  air7xx_work_connect_serv.o(.data)
    air_net_cycle                            0x20000b3c   Data           4  air7xx_work_connect_serv.o(.data)
    air_msg_cycle                            0x20000b40   Data           4  air7xx_work_connect_serv.o(.data)
    tlen                                     0x20000b44   Data           4  air7xx_work_connect_serv.o(.data)
    .data                                    0x20000b48   Section        4  air7xx_work_init_dev.o(.data)
    tlen                                     0x20000b48   Data           4  air7xx_work_init_dev.o(.data)
    .data                                    0x20000b4c   Section        2  air7xx_work_rst_dev.o(.data)
    tlen                                     0x20000b4c   Data           2  air7xx_work_rst_dev.o(.data)
    .data                                    0x20000b50   Section       12  message.o(.data)
    get_time_flag                            0x20000b50   Data           4  message.o(.data)
    otick                                    0x20000b54   Data           4  message.o(.data)
    otick                                    0x20000b58   Data           4  message.o(.data)
    .data                                    0x20000b5c   Section       80  msg_cmd_analysis.o(.data)
    .data                                    0x20000bac   Section       28  msg_ctrl_to_net.o(.data)
    mq_local                                 0x20000bac   Data           4  msg_ctrl_to_net.o(.data)
    init_flag                                0x20000bb0   Data           1  msg_ctrl_to_net.o(.data)
    do_msg_ctn_opt                           0x20000bb4   Data          16  msg_ctrl_to_net.o(.data)
    .data                                    0x20000bc8   Section       24  msg_net_to_ctrl.o(.data)
    mq_local                                 0x20000bc8   Data           4  msg_net_to_ctrl.o(.data)
    init_flag                                0x20000bcc   Data           1  msg_net_to_ctrl.o(.data)
    do_msg_ntc_opt                           0x20000bd0   Data          12  msg_net_to_ctrl.o(.data)
    .data                                    0x20000be0   Section        4  strtok_r.o(.data)
    state                                    0x20000be0   Data           4  strtok_r.o(.data)
    .data                                    0x20000be4   Section        4  stdout.o(.data)
    .data                                    0x20000be8   Section        4  errno.o(.data)
    _errno                                   0x20000be8   Data           4  errno.o(.data)
    .bss                                     0x20000bec   Section      200  tasks.o(.bss)
    pxReadyTasksLists                        0x20000bec   Data         100  tasks.o(.bss)
    xDelayedTaskList1                        0x20000c50   Data          20  tasks.o(.bss)
    xDelayedTaskList2                        0x20000c64   Data          20  tasks.o(.bss)
    xPendingReadyList                        0x20000c78   Data          20  tasks.o(.bss)
    xTasksWaitingTermination                 0x20000c8c   Data          20  tasks.o(.bss)
    xSuspendedTaskList                       0x20000ca0   Data          20  tasks.o(.bss)
    .bss                                     0x20000cb4   Section    81920  heap_4.o(.bss)
    ucHeap                                   0x20000cb4   Data       81920  heap_4.o(.bss)
    .bss                                     0x20014cb4   Section      316  work_data.o(.bss)
    m_storage                                0x20014cb4   Data          96  work_data.o(.bss)
    m_work                                   0x20014d14   Data         220  work_data.o(.bss)
    .bss                                     0x20014df0   Section      128  cmdline.o(.bss)
    .bss                                     0x20014e70   Section       16  fk_drv_uart.o(.bss)
    lb_uart_rx                               0x20014e70   Data          16  fk_drv_uart.o(.bss)
    .bss                                     0x20014e80   Section      576  fk_drvp_gpio.o(.bss)
    gpio                                     0x20014e80   Data          96  fk_drvp_gpio.o(.bss)
    gpio                                     0x20014ee0   Data          96  fk_drvp_gpio.o(.bss)
    gpio                                     0x20014f40   Data          96  fk_drvp_gpio.o(.bss)
    gpio                                     0x20014fa0   Data          96  fk_drvp_gpio.o(.bss)
    gpio                                     0x20015000   Data          96  fk_drvp_gpio.o(.bss)
    gpio                                     0x20015060   Data          96  fk_drvp_gpio.o(.bss)
    .bss                                     0x200150c0   Section       24  fk_drvp_rtc.o(.bss)
    m_rtc_dt                                 0x200150c0   Data          24  fk_drvp_rtc.o(.bss)
    .bss                                     0x200150d8   Section       20  fal_partition.o(.bss)
    part_flash_cache                         0x200150d8   Data          20  fal_partition.o(.bss)
    .bss                                     0x200150ec   Section       36  network.o(.bss)
    m_net_dev                                0x200150ec   Data          36  network.o(.bss)
    .bss                                     0x20015110   Section      256  msg_ctrl_to_net.o(.bss)
    obuf                                     0x20015110   Data         256  msg_ctrl_to_net.o(.bss)
    STACK                                    0x20015210   Section     4096  startup_swm320.o(STACK)

    Global Symbols

    Symbol Name                              Value     Ov Type        Size  Object(Section)

    BuildAttributes$$THM_ISAv4$E$P$D$K$B$S$7EM$PE$A:L22UL41UL21$X:L11$S22US41US21$IEEE1$IW$USESV6$~STKCKD$USESV7$~SHL$OTIME$ROPI$IEEEJ$EBA8$MICROLIB$REQ8$PRES8$EABIv2 0x00000000   Number         0  anon$$obj.o ABSOLUTE
    __ARM_use_no_argv                        0x00000000   Number         0  main.o ABSOLUTE
    _printf_a                                0x00000000   Number         0  stubs.o ABSOLUTE
    _printf_c                                0x00000000   Number         0  stubs.o ABSOLUTE
    _printf_charcount                        0x00000000   Number         0  stubs.o ABSOLUTE
    _printf_d                                0x00000000   Number         0  stubs.o ABSOLUTE
    _printf_e                                0x00000000   Number         0  stubs.o ABSOLUTE
    _printf_f                                0x00000000   Number         0  stubs.o ABSOLUTE
    _printf_flags                            0x00000000   Number         0  stubs.o ABSOLUTE
    _printf_fp_dec                           0x00000000   Number         0  stubs.o ABSOLUTE
    _printf_fp_hex                           0x00000000   Number         0  stubs.o ABSOLUTE
    _printf_g                                0x00000000   Number         0  stubs.o ABSOLUTE
    _printf_i                                0x00000000   Number         0  stubs.o ABSOLUTE
    _printf_int_dec                          0x00000000   Number         0  stubs.o ABSOLUTE
    _printf_l                                0x00000000   Number         0  stubs.o ABSOLUTE
    _printf_lc                               0x00000000   Number         0  stubs.o ABSOLUTE
    _printf_ll                               0x00000000   Number         0  stubs.o ABSOLUTE
    _printf_lld                              0x00000000   Number         0  stubs.o ABSOLUTE
    _printf_lli                              0x00000000   Number         0  stubs.o ABSOLUTE
    _printf_llo                              0x00000000   Number         0  stubs.o ABSOLUTE
    _printf_llu                              0x00000000   Number         0  stubs.o ABSOLUTE
    _printf_llx                              0x00000000   Number         0  stubs.o ABSOLUTE
    _printf_longlong_dec                     0x00000000   Number         0  stubs.o ABSOLUTE
    _printf_longlong_hex                     0x00000000   Number         0  stubs.o ABSOLUTE
    _printf_longlong_oct                     0x00000000   Number         0  stubs.o ABSOLUTE
    _printf_ls                               0x00000000   Number         0  stubs.o ABSOLUTE
    _printf_mbtowc                           0x00000000   Number         0  stubs.o ABSOLUTE
    _printf_n                                0x00000000   Number         0  stubs.o ABSOLUTE
    _printf_o                                0x00000000   Number         0  stubs.o ABSOLUTE
    _printf_p                                0x00000000   Number         0  stubs.o ABSOLUTE
    _printf_percent                          0x00000000   Number         0  stubs.o ABSOLUTE
    _printf_pre_padding                      0x00000000   Number         0  stubs.o ABSOLUTE
    _printf_return_value                     0x00000000   Number         0  stubs.o ABSOLUTE
    _printf_s                                0x00000000   Number         0  stubs.o ABSOLUTE
    _printf_sizespec                         0x00000000   Number         0  stubs.o ABSOLUTE
    _printf_str                              0x00000000   Number         0  stubs.o ABSOLUTE
    _printf_truncate_signed                  0x00000000   Number         0  stubs.o ABSOLUTE
    _printf_truncate_unsigned                0x00000000   Number         0  stubs.o ABSOLUTE
    _printf_u                                0x00000000   Number         0  stubs.o ABSOLUTE
    _printf_wc                               0x00000000   Number         0  stubs.o ABSOLUTE
    _printf_wctomb                           0x00000000   Number         0  stubs.o ABSOLUTE
    _printf_widthprec                        0x00000000   Number         0  stubs.o ABSOLUTE
    _printf_x                                0x00000000   Number         0  stubs.o ABSOLUTE
    __arm_fini_                               - Undefined Weak Reference
    __cpp_initialize__aeabi_                  - Undefined Weak Reference
    __cxa_finalize                            - Undefined Weak Reference
    _clock_init                               - Undefined Weak Reference
    _microlib_exit                            - Undefined Weak Reference
    __Vectors_Size                           0x00000148   Number         0  startup_swm320.o ABSOLUTE
    __Vectors                                0x00011800   Data           4  startup_swm320.o(RESET)
    __Vectors_End                            0x00011948   Data           0  startup_swm320.o(RESET)
    __main                                   0x00011949   Thumb Code     0  entry.o(.ARM.Collect$$$$00000000)
    _main_stk                                0x00011949   Thumb Code     0  entry2.o(.ARM.Collect$$$$00000001)
    _main_scatterload                        0x0001194d   Thumb Code     0  entry5.o(.ARM.Collect$$$$00000004)
    __main_after_scatterload                 0x00011951   Thumb Code     0  entry5.o(.ARM.Collect$$$$00000004)
    _main_clock                              0x00011951   Thumb Code     0  entry7b.o(.ARM.Collect$$$$00000008)
    _main_cpp_init                           0x00011951   Thumb Code     0  entry8b.o(.ARM.Collect$$$$0000000A)
    _main_init                               0x00011951   Thumb Code     0  entry9a.o(.ARM.Collect$$$$0000000B)
    __rt_lib_shutdown_fini                   0x00011959   Thumb Code     0  entry12b.o(.ARM.Collect$$$$0000000E)
    __rt_final_cpp                           0x0001195d   Thumb Code     0  entry10a.o(.ARM.Collect$$$$0000000F)
    __rt_final_exit                          0x0001195d   Thumb Code     0  entry11a.o(.ARM.Collect$$$$00000011)
    SVC_Handler                              0x00011961   Thumb Code    32  port.o(.emb_text)
    __asm___6_port_c_39a90d8d__prvStartFirstTask 0x00011985   Thumb Code    28  port.o(.emb_text)
    PendSV_Handler                           0x000119a5   Thumb Code    72  port.o(.emb_text)
    vPortGetIPSR                             0x000119f1   Thumb Code     6  port.o(.emb_text)
    HardFault_Handler                        0x000119f9   Thumb Code    18  main.o(.emb_text)
    vListInitialise                          0x00011a0b   Thumb Code    26  list.o(.text)
    vListInitialiseItem                      0x00011a25   Thumb Code     6  list.o(.text)
    vListInsertEnd                           0x00011a2b   Thumb Code    24  list.o(.text)
    vListInsert                              0x00011a43   Thumb Code    52  list.o(.text)
    uxListRemove                             0x00011a77   Thumb Code    40  list.o(.text)
    xQueueGenericReset                       0x00011aa1   Thumb Code   122  queue.o(.text)
    xQueueGenericCreate                      0x00011b45   Thumb Code    56  queue.o(.text)
    xQueueGenericSend                        0x00011c95   Thumb Code   276  queue.o(.text)
    xQueueCreateMutex                        0x00011dc5   Thumb Code    34  queue.o(.text)
    xQueueGenericSendFromISR                 0x00011de7   Thumb Code   134  queue.o(.text)
    xQueueGiveFromISR                        0x00011e6d   Thumb Code   124  queue.o(.text)
    xQueueGenericReceive                     0x00011f2d   Thumb Code   342  queue.o(.text)
    xQueueReceiveFromISR                     0x00012083   Thumb Code   130  queue.o(.text)
    xQueuePeekFromISR                        0x00012105   Thumb Code    74  queue.o(.text)
    uxQueueMessagesWaiting                   0x0001214f   Thumb Code    18  queue.o(.text)
    uxQueueSpacesAvailable                   0x00012161   Thumb Code    24  queue.o(.text)
    uxQueueMessagesWaitingFromISR            0x00012179   Thumb Code     6  queue.o(.text)
    vQueueDelete                             0x0001217f   Thumb Code    14  queue.o(.text)
    uxQueueGetQueueNumber                    0x0001218d   Thumb Code     6  queue.o(.text)
    vQueueSetQueueNumber                     0x00012193   Thumb Code     4  queue.o(.text)
    ucQueueGetQueueType                      0x00012197   Thumb Code     8  queue.o(.text)
    xQueueIsQueueEmptyFromISR                0x0001219f   Thumb Code    14  queue.o(.text)
    xQueueIsQueueFullFromISR                 0x000121ad   Thumb Code    18  queue.o(.text)
    xTaskCreate                              0x00012339   Thumb Code    96  tasks.o(.text)
    vTaskDelete                              0x000123d5   Thumb Code   166  tasks.o(.text)
    xTaskIncrementTick                       0x0001247b   Thumb Code   238  tasks.o(.text)
    xTaskResumeAll                           0x00012569   Thumb Code   282  tasks.o(.text)
    vTaskSuspendAll                          0x000126ff   Thumb Code    12  tasks.o(.text)
    vTaskDelayUntil                          0x0001270b   Thumb Code   106  tasks.o(.text)
    vTaskDelay                               0x00012775   Thumb Code    46  tasks.o(.text)
    eTaskGetState                            0x000127a3   Thumb Code    88  tasks.o(.text)
    uxTaskPriorityGet                        0x000127fb   Thumb Code    30  tasks.o(.text)
    uxTaskPriorityGetFromISR                 0x00012819   Thumb Code    52  tasks.o(.text)
    vTaskPrioritySet                         0x0001284d   Thumb Code   226  tasks.o(.text)
    vTaskSwitchContext                       0x0001292f   Thumb Code   184  tasks.o(.text)
    vTaskSuspend                             0x000129e7   Thumb Code   232  tasks.o(.text)
    vTaskResume                              0x00012b07   Thumb Code   104  tasks.o(.text)
    xTaskResumeFromISR                       0x00012b6f   Thumb Code   130  tasks.o(.text)
    vTaskStartScheduler                      0x00012c67   Thumb Code    76  tasks.o(.text)
    vTaskEndScheduler                        0x00012cb3   Thumb Code    32  tasks.o(.text)
    xTaskGetTickCount                        0x00012cd3   Thumb Code     6  tasks.o(.text)
    xTaskGetTickCountFromISR                 0x00012cd9   Thumb Code     8  tasks.o(.text)
    uxTaskGetNumberOfTasks                   0x00012ce1   Thumb Code     6  tasks.o(.text)
    pcTaskGetName                            0x00012ce7   Thumb Code    20  tasks.o(.text)
    vTaskGetInfo                             0x00012d11   Thumb Code   114  tasks.o(.text)
    uxTaskGetSystemState                     0x00012ded   Thumb Code   236  tasks.o(.text)
    vTaskPlaceOnEventList                    0x00012ed9   Thumb Code    28  tasks.o(.text)
    vTaskPlaceOnUnorderedEventList           0x00012ef5   Thumb Code    40  tasks.o(.text)
    xTaskRemoveFromEventList                 0x00012f1d   Thumb Code   104  tasks.o(.text)
    xTaskRemoveFromUnorderedEventList        0x00012f85   Thumb Code    94  tasks.o(.text)
    vTaskSetTimeOutState                     0x00012fe3   Thumb Code    14  tasks.o(.text)
    xTaskCheckForTimeOut                     0x00012ff1   Thumb Code    84  tasks.o(.text)
    vTaskMissedYield                         0x00013045   Thumb Code     8  tasks.o(.text)
    uxTaskGetTaskNumber                      0x0001304d   Thumb Code    14  tasks.o(.text)
    vTaskSetTaskNumber                       0x0001305b   Thumb Code     8  tasks.o(.text)
    uxTaskGetStackHighWaterMark              0x00013063   Thumb Code    34  tasks.o(.text)
    xTaskGetCurrentTaskHandle                0x00013085   Thumb Code     6  tasks.o(.text)
    vTaskPriorityInherit                     0x0001308b   Thumb Code   164  tasks.o(.text)
    xTaskPriorityDisinherit                  0x0001312f   Thumb Code   122  tasks.o(.text)
    vTaskList                                0x000131d3   Thumb Code   270  tasks.o(.text)
    vTaskGetRunTimeStats                     0x000132e1   Thumb Code   182  tasks.o(.text)
    uxTaskResetEventItemValue                0x00013397   Thumb Code    24  tasks.o(.text)
    pvTaskIncrementMutexHeldCount            0x000133af   Thumb Code    26  tasks.o(.text)
    ulTaskNotifyTake                         0x000133c9   Thumb Code   108  tasks.o(.text)
    xTaskNotifyWait                          0x00013435   Thumb Code   150  tasks.o(.text)
    xTaskGenericNotify                       0x000134cb   Thumb Code   178  tasks.o(.text)
    xTaskGenericNotifyFromISR                0x0001357d   Thumb Code   228  tasks.o(.text)
    vTaskNotifyGiveFromISR                   0x00013661   Thumb Code   212  tasks.o(.text)
    xTaskNotifyStateClear                    0x00013735   Thumb Code    48  tasks.o(.text)
    pxPortInitialiseStack                    0x00013787   Thumb Code    30  port.o(.text)
    vPortSetupTimerInterrupt                 0x000137a5   Thumb Code    14  port.o(.text)
    xPortStartScheduler                      0x000137b3   Thumb Code    42  port.o(.text)
    vPortEndScheduler                        0x000137dd   Thumb Code     2  port.o(.text)
    vPortEnterCritical                       0x000137df   Thumb Code    30  port.o(.text)
    vPortExitCritical                        0x000137fd   Thumb Code    28  port.o(.text)
    SysTick_Handler                          0x00013819   Thumb Code    48  port.o(.text)
    pvPortMalloc                             0x0001391b   Thumb Code   188  heap_4.o(.text)
    vPortFree                                0x000139d7   Thumb Code    64  heap_4.o(.text)
    xPortGetFreeHeapSize                     0x00013a17   Thumb Code     6  heap_4.o(.text)
    xPortGetMinimumEverFreeHeapSize          0x00013a1d   Thumb Code     6  heap_4.o(.text)
    vPortInitialiseBlocks                    0x00013a23   Thumb Code     2  heap_4.o(.text)
    EXTI_Close                               0x00013a3d   Thumb Code    12  swm320_exti.o(.text)
    EXTI_Init                                0x00013a49   Thumb Code   136  swm320_exti.o(.text)
    EXTI_Open                                0x00013ad1   Thumb Code    12  swm320_exti.o(.text)
    EXTI_State                               0x00013add   Thumb Code    12  swm320_exti.o(.text)
    EXTI_RawState                            0x00013ae9   Thumb Code    12  swm320_exti.o(.text)
    EXTI_Clear                               0x00013af5   Thumb Code     8  swm320_exti.o(.text)
    GPIO_Init                                0x00013afd   Thumb Code   710  swm320_gpio.o(.text)
    GPIO_SetBit                              0x00013dc3   Thumb Code    18  swm320_gpio.o(.text)
    GPIO_ClrBit                              0x00013dd5   Thumb Code    18  swm320_gpio.o(.text)
    GPIO_InvBit                              0x00013de7   Thumb Code    32  swm320_gpio.o(.text)
    GPIO_GetBit                              0x00013e07   Thumb Code    12  swm320_gpio.o(.text)
    GPIO_SetBits                             0x00013e13   Thumb Code    26  swm320_gpio.o(.text)
    GPIO_ClrBits                             0x00013e2d   Thumb Code    26  swm320_gpio.o(.text)
    GPIO_InvBits                             0x00013e47   Thumb Code    26  swm320_gpio.o(.text)
    GPIO_GetBits                             0x00013e61   Thumb Code    24  swm320_gpio.o(.text)
    GPIO_AtomicSetBits                       0x00013e79   Thumb Code    30  swm320_gpio.o(.text)
    GPIO_AtomicClrBits                       0x00013e97   Thumb Code    30  swm320_gpio.o(.text)
    GPIO_AtomicInvBits                       0x00013eb5   Thumb Code    30  swm320_gpio.o(.text)
    TIMR_Stop                                0x00013ef9   Thumb Code    10  swm320_timr.o(.text)
    TIMR_Init                                0x00013f03   Thumb Code   320  swm320_timr.o(.text)
    TIMR_Start                               0x00014043   Thumb Code    10  swm320_timr.o(.text)
    TIMR_Halt                                0x0001404d   Thumb Code   148  swm320_timr.o(.text)
    TIMR_Resume                              0x000140e1   Thumb Code   148  swm320_timr.o(.text)
    TIMR_SetPeriod                           0x00014175   Thumb Code     4  swm320_timr.o(.text)
    TIMR_GetPeriod                           0x00014179   Thumb Code     6  swm320_timr.o(.text)
    TIMR_GetCurValue                         0x0001417f   Thumb Code     6  swm320_timr.o(.text)
    TIMR_INTEn                               0x00014185   Thumb Code   188  swm320_timr.o(.text)
    TIMR_INTDis                              0x00014241   Thumb Code   148  swm320_timr.o(.text)
    TIMR_INTClr                              0x000142d5   Thumb Code   104  swm320_timr.o(.text)
    TIMR_INTStat                             0x0001433d   Thumb Code   104  swm320_timr.o(.text)
    Pulse_Init                               0x000143a5   Thumb Code    52  swm320_timr.o(.text)
    Pulse_Start                              0x000143d9   Thumb Code    14  swm320_timr.o(.text)
    Pulse_Done                               0x000143e7   Thumb Code    26  swm320_timr.o(.text)
    UART_Close                               0x00014421   Thumb Code    10  swm320_uart.o(.text)
    UART_Init                                0x0001442b   Thumb Code   454  swm320_uart.o(.text)
    UART_Open                                0x000145f1   Thumb Code    10  swm320_uart.o(.text)
    UART_WriteByte                           0x000145fb   Thumb Code     4  swm320_uart.o(.text)
    UART_ReadByte                            0x000145ff   Thumb Code    24  swm320_uart.o(.text)
    UART_IsTXBusy                            0x00014617   Thumb Code    14  swm320_uart.o(.text)
    UART_IsRXFIFOEmpty                       0x00014625   Thumb Code    12  swm320_uart.o(.text)
    UART_IsTXFIFOFull                        0x00014631   Thumb Code    10  swm320_uart.o(.text)
    UART_SetBaudrate                         0x0001463b   Thumb Code    28  swm320_uart.o(.text)
    UART_GetBaudrate                         0x00014657   Thumb Code    22  swm320_uart.o(.text)
    UART_CTSConfig                           0x0001466d   Thumb Code    22  swm320_uart.o(.text)
    UART_CTSLineState                        0x00014683   Thumb Code    10  swm320_uart.o(.text)
    UART_RTSConfig                           0x0001468d   Thumb Code    28  swm320_uart.o(.text)
    UART_RTSLineState                        0x000146a9   Thumb Code    10  swm320_uart.o(.text)
    UART_LINConfig                           0x000146b3   Thumb Code    22  swm320_uart.o(.text)
    UART_LINGenerate                         0x000146c9   Thumb Code    10  swm320_uart.o(.text)
    UART_LINIsDetected                       0x000146d3   Thumb Code    10  swm320_uart.o(.text)
    UART_LINIsGenerated                      0x000146dd   Thumb Code    10  swm320_uart.o(.text)
    UART_ABRStart                            0x000146e7   Thumb Code    90  swm320_uart.o(.text)
    UART_ABRIsDone                           0x00014741   Thumb Code    30  swm320_uart.o(.text)
    UART_INTEn                               0x0001475f   Thumb Code     8  swm320_uart.o(.text)
    UART_INTDis                              0x00014767   Thumb Code     8  swm320_uart.o(.text)
    UART_INTStat                             0x0001476f   Thumb Code    66  swm320_uart.o(.text)
    WDT_Stop                                 0x000147e5   Thumb Code    10  swm320_wdt.o(.text)
    WDT_Init                                 0x000147ef   Thumb Code   100  swm320_wdt.o(.text)
    WDT_Start                                0x00014853   Thumb Code    10  swm320_wdt.o(.text)
    WDT_Feed                                 0x0001485d   Thumb Code     6  swm320_wdt.o(.text)
    WDT_GetValue                             0x00014863   Thumb Code     6  swm320_wdt.o(.text)
    WDT_INTClr                               0x00014869   Thumb Code     6  swm320_wdt.o(.text)
    WDT_INTStat                              0x0001486f   Thumb Code     6  swm320_wdt.o(.text)
    FLASH_Erase                              0x00014879   Thumb Code    24  swm320_flash.o(.text)
    FLASH_Write                              0x00014891   Thumb Code    54  swm320_flash.o(.text)
    Flash_Param_at_xMHz                      0x000148c7   Thumb Code    88  swm320_flash.o(.text)
    PORT_Init                                0x00014941   Thumb Code  1596  swm320_port.o(.text)
    RTC_Stop                                 0x00015027   Thumb Code     6  swm320_rtc.o(.text)
    RTC_Init                                 0x0001502d   Thumb Code   162  swm320_rtc.o(.text)
    RTC_Start                                0x000150cf   Thumb Code     6  swm320_rtc.o(.text)
    RTC_GetDateTime                          0x000150d5   Thumb Code    58  swm320_rtc.o(.text)
    RTC_AlarmSetup                           0x0001510f   Thumb Code    84  swm320_rtc.o(.text)
    RTC_IntSecondEn                          0x00015163   Thumb Code    10  swm320_rtc.o(.text)
    RTC_IntSecondDis                         0x0001516d   Thumb Code    10  swm320_rtc.o(.text)
    RTC_IntSecondClr                         0x00015177   Thumb Code     6  swm320_rtc.o(.text)
    RTC_IntSecondStat                        0x0001517d   Thumb Code    10  swm320_rtc.o(.text)
    RTC_IntMinuteEn                          0x00015187   Thumb Code    10  swm320_rtc.o(.text)
    RTC_IntMinuteDis                         0x00015191   Thumb Code    10  swm320_rtc.o(.text)
    RTC_IntMinuteClr                         0x0001519b   Thumb Code     6  swm320_rtc.o(.text)
    RTC_IntMinuteStat                        0x000151a1   Thumb Code    10  swm320_rtc.o(.text)
    RTC_IntHourEn                            0x000151ab   Thumb Code    10  swm320_rtc.o(.text)
    RTC_IntHourDis                           0x000151b5   Thumb Code    10  swm320_rtc.o(.text)
    RTC_IntHourClr                           0x000151bf   Thumb Code     6  swm320_rtc.o(.text)
    RTC_IntHourStat                          0x000151c5   Thumb Code    10  swm320_rtc.o(.text)
    RTC_IntDateEn                            0x000151cf   Thumb Code    10  swm320_rtc.o(.text)
    RTC_IntDateDis                           0x000151d9   Thumb Code    10  swm320_rtc.o(.text)
    RTC_IntDateClr                           0x000151e3   Thumb Code     6  swm320_rtc.o(.text)
    RTC_IntDateStat                          0x000151e9   Thumb Code    10  swm320_rtc.o(.text)
    RTC_IntAlarmEn                           0x000151f3   Thumb Code    10  swm320_rtc.o(.text)
    RTC_IntAlarmDis                          0x000151fd   Thumb Code    10  swm320_rtc.o(.text)
    RTC_IntAlarmClr                          0x00015207   Thumb Code     6  swm320_rtc.o(.text)
    RTC_IntAlarmStat                         0x0001520d   Thumb Code    10  swm320_rtc.o(.text)
    SystemCoreClockUpdate                    0x0001523d   Thumb Code   164  system_swm320.o(.text)
    PLLInit                                  0x00015319   Thumb Code    74  system_swm320.o(.text)
    switchCLK_PLL                            0x00015363   Thumb Code    42  system_swm320.o(.text)
    switchCLK_XTAL                           0x0001538d   Thumb Code    44  system_swm320.o(.text)
    switchCLK_32KHz                          0x000153b9   Thumb Code    62  system_swm320.o(.text)
    switchCLK_40MHz                          0x000153f7   Thumb Code    40  system_swm320.o(.text)
    switchCLK_20MHz                          0x0001541f   Thumb Code    40  system_swm320.o(.text)
    SystemInit                               0x00015447   Thumb Code   160  system_swm320.o(.text)
    Reset_Handler                            0x00015519   Thumb Code     4  startup_swm320.o(.text)
    NMI_Handler                              0x0001551d   Thumb Code     2  startup_swm320.o(.text)
    DebugMon_Handler                         0x00015529   Thumb Code     2  startup_swm320.o(.text)
    GPIOA0_Handler                           0x0001552f   Thumb Code     2  startup_swm320.o(.text)
    GPIOA1_Handler                           0x00015531   Thumb Code     2  startup_swm320.o(.text)
    GPIOA2_Handler                           0x00015533   Thumb Code     2  startup_swm320.o(.text)
    GPIOA3_Handler                           0x00015535   Thumb Code     2  startup_swm320.o(.text)
    GPIOA4_Handler                           0x00015537   Thumb Code     2  startup_swm320.o(.text)
    GPIOA5_Handler                           0x00015539   Thumb Code     2  startup_swm320.o(.text)
    GPIOA6_Handler                           0x0001553b   Thumb Code     2  startup_swm320.o(.text)
    GPIOA7_Handler                           0x0001553d   Thumb Code     2  startup_swm320.o(.text)
    GPIOB0_Handler                           0x0001553f   Thumb Code     2  startup_swm320.o(.text)
    GPIOB1_Handler                           0x00015541   Thumb Code     2  startup_swm320.o(.text)
    GPIOB2_Handler                           0x00015543   Thumb Code     2  startup_swm320.o(.text)
    GPIOB3_Handler                           0x00015545   Thumb Code     2  startup_swm320.o(.text)
    GPIOB4_Handler                           0x00015547   Thumb Code     2  startup_swm320.o(.text)
    GPIOB5_Handler                           0x00015549   Thumb Code     2  startup_swm320.o(.text)
    GPIOB6_Handler                           0x0001554b   Thumb Code     2  startup_swm320.o(.text)
    GPIOB7_Handler                           0x0001554d   Thumb Code     2  startup_swm320.o(.text)
    GPIOC0_Handler                           0x0001554f   Thumb Code     2  startup_swm320.o(.text)
    GPIOC1_Handler                           0x00015551   Thumb Code     2  startup_swm320.o(.text)
    GPIOC2_Handler                           0x00015553   Thumb Code     2  startup_swm320.o(.text)
    GPIOC3_Handler                           0x00015555   Thumb Code     2  startup_swm320.o(.text)
    GPIOC4_Handler                           0x00015557   Thumb Code     2  startup_swm320.o(.text)
    GPIOC5_Handler                           0x00015559   Thumb Code     2  startup_swm320.o(.text)
    GPIOC6_Handler                           0x0001555b   Thumb Code     2  startup_swm320.o(.text)
    GPIOC7_Handler                           0x0001555d   Thumb Code     2  startup_swm320.o(.text)
    GPIOM0_Handler                           0x0001555f   Thumb Code     2  startup_swm320.o(.text)
    GPIOM1_Handler                           0x00015561   Thumb Code     2  startup_swm320.o(.text)
    GPIOM2_Handler                           0x00015563   Thumb Code     2  startup_swm320.o(.text)
    GPIOM3_Handler                           0x00015565   Thumb Code     2  startup_swm320.o(.text)
    GPIOM4_Handler                           0x00015567   Thumb Code     2  startup_swm320.o(.text)
    GPIOM5_Handler                           0x00015569   Thumb Code     2  startup_swm320.o(.text)
    GPIOM6_Handler                           0x0001556b   Thumb Code     2  startup_swm320.o(.text)
    GPIOM7_Handler                           0x0001556d   Thumb Code     2  startup_swm320.o(.text)
    DMA_Handler                              0x0001556f   Thumb Code     2  startup_swm320.o(.text)
    LCD_Handler                              0x00015571   Thumb Code     2  startup_swm320.o(.text)
    NORFLC_Handler                           0x00015573   Thumb Code     2  startup_swm320.o(.text)
    CAN_Handler                              0x00015575   Thumb Code     2  startup_swm320.o(.text)
    PULSE_Handler                            0x00015577   Thumb Code     2  startup_swm320.o(.text)
    WDT_Handler                              0x00015579   Thumb Code     2  startup_swm320.o(.text)
    PWM_Handler                              0x0001557b   Thumb Code     2  startup_swm320.o(.text)
    I2C0_Handler                             0x00015585   Thumb Code     2  startup_swm320.o(.text)
    I2C1_Handler                             0x00015587   Thumb Code     2  startup_swm320.o(.text)
    SPI0_Handler                             0x00015589   Thumb Code     2  startup_swm320.o(.text)
    ADC0_Handler                             0x0001558b   Thumb Code     2  startup_swm320.o(.text)
    BOD_Handler                              0x0001558f   Thumb Code     2  startup_swm320.o(.text)
    SDIO_Handler                             0x00015591   Thumb Code     2  startup_swm320.o(.text)
    ADC1_Handler                             0x0001559f   Thumb Code     2  startup_swm320.o(.text)
    FPU_Handler                              0x000155a1   Thumb Code     2  startup_swm320.o(.text)
    SPI1_Handler                             0x000155a3   Thumb Code     2  startup_swm320.o(.text)
    TIMR1_Handler                            0x000155a7   Thumb Code     2  startup_swm320.o(.text)
    TIMR2_Handler                            0x000155a9   Thumb Code     2  startup_swm320.o(.text)
    TIMR3_Handler                            0x000155ab   Thumb Code     2  startup_swm320.o(.text)
    TIMR4_Handler                            0x000155ad   Thumb Code     2  startup_swm320.o(.text)
    TIMR5_Handler                            0x000155af   Thumb Code     2  startup_swm320.o(.text)
    HardFault_Handler_C                      0x000155b5   Thumb Code   176  main.o(.text)
    MemManage_Handler                        0x00015665   Thumb Code    10  main.o(.text)
    BusFault_Handler                         0x0001566f   Thumb Code    10  main.o(.text)
    UsageFault_Handler                       0x00015679   Thumb Code    10  main.o(.text)
    vApplicationStackOverflowHook            0x00015683   Thumb Code    14  main.o(.text)
    SerialInit                               0x00015691   Thumb Code    62  main.o(.text)
    main                                     0x000156cf   Thumb Code    34  main.o(.text)
    fputc                                    0x000156f1   Thumb Code    30  main.o(.text)
    crtl_task                                0x00015851   Thumb Code    22  crtl_task.o(.text)
    crtl_task_create                         0x00015867   Thumb Code    36  crtl_task.o(.text)
    listen_task                              0x000158ad   Thumb Code   154  listen_task.o(.text)
    listen_task_create                       0x00015947   Thumb Code    36  listen_task.o(.text)
    cslock_init                              0x000159c1   Thumb Code    50  start_task.o(.text)
    start_task                               0x000159f3   Thumb Code   254  start_task.o(.text)
    start_taks_create                        0x00015af1   Thumb Code    34  start_task.o(.text)
    cslock_get                               0x00015b13   Thumb Code    30  start_task.o(.text)
    cslock_free                              0x00015b31   Thumb Code    28  start_task.o(.text)
    myprintf                                 0x00015b4d   Thumb Code    60  start_task.o(.text)
    host_task                                0x00015be1   Thumb Code    32  host_task.o(.text)
    host_task_create                         0x00015c01   Thumb Code    34  host_task.o(.text)
    work_cycle_entry                         0x00015c49   Thumb Code    16  work.o(.text)
    work_data_init                           0x00015db3   Thumb Code    52  work_data.o(.text)
    work_data_write                          0x00015de7   Thumb Code    50  work_data.o(.text)
    init                                     0x00015eab   Thumb Code    16  work_fuse.o(.text)
    work                                     0x00015ebb   Thumb Code   210  work_fuse.o(.text)
    work_deal_order                          0x00015fad   Thumb Code   278  work _deal_order.o(.text)
    work_cycle_reboot                        0x00016129   Thumb Code   244  work_cycle_reboot.o(.text)
    work_sock_ctrl                           0x0001676f   Thumb Code    22  work_sock_ctrl.o(.text)
    cmd_cat_data                             0x00016785   Thumb Code   232  work_debug.o(.text)
    cmd_config                               0x0001686d   Thumb Code   500  work_debug.o(.text)
    cmd_ota                                  0x00016a61   Thumb Code    52  work_debug.o(.text)
    cmd_ctrl                                 0x00016a95   Thumb Code   704  work_debug.o(.text)
    cmd_test                                 0x00016d79   Thumb Code    40  cmdline.o(.text)
    cmd_clear                                0x00016da1   Thumb Code    18  cmdline.o(.text)
    cmd_help                                 0x00016dbb   Thumb Code    60  cmdline.o(.text)
    cmd_reboot                               0x00016df7   Thumb Code    60  cmdline.o(.text)
    cmd_line_work                            0x00016e33   Thumb Code   344  cmdline.o(.text)
    GPIOA_Handler                            0x000177ed   Thumb Code   100  fk_drvp_gpio.o(.text)
    GPIOB_Handler                            0x00017851   Thumb Code   100  fk_drvp_gpio.o(.text)
    GPIOC_Handler                            0x000178b5   Thumb Code   100  fk_drvp_gpio.o(.text)
    GPIOM_Handler                            0x00017919   Thumb Code   100  fk_drvp_gpio.o(.text)
    GPION_Handler                            0x0001797d   Thumb Code   168  fk_drvp_gpio.o(.text)
    GPIOP_Handler                            0x00017a25   Thumb Code   100  fk_drvp_gpio.o(.text)
    UART0_Handler                            0x00017c8b   Thumb Code    56  fk_drvp_uart.o(.text)
    UART1_Handler                            0x00017cc3   Thumb Code    60  fk_drvp_uart.o(.text)
    UART2_Handler                            0x00017cff   Thumb Code    60  fk_drvp_uart.o(.text)
    UART3_Handler                            0x00017d3b   Thumb Code    60  fk_drvp_uart.o(.text)
    rtc_time_to_utc                          0x00017df9   Thumb Code    26  fk_drvp_rtc.o(.text)
    RTC_Handler                              0x00017e13   Thumb Code    48  fk_drvp_rtc.o(.text)
    TIMR0_Handler                            0x00017f05   Thumb Code    20  fk_drvp_time.o(.text)
    tim_CPU_Init                             0x00017f19   Thumb Code    50  fk_drvp_time.o(.text)
    tim_CPU_Start                            0x00017f4b   Thumb Code    10  fk_drvp_time.o(.text)
    tim_CPU_Stop                             0x00017f55   Thumb Code    10  fk_drvp_time.o(.text)
    my_malloc                                0x00017f69   Thumb Code    12  loopbuf.o(.text)
    my_free                                  0x00017f75   Thumb Code    12  loopbuf.o(.text)
    my_memcpy                                0x00017f81   Thumb Code    20  loopbuf.o(.text)
    loopbuf_init                             0x00017f95   Thumb Code    52  loopbuf.o(.text)
    loopbuf_free                             0x00017fc9   Thumb Code    24  loopbuf.o(.text)
    loopbuf_write                            0x00017fe1   Thumb Code   140  loopbuf.o(.text)
    loopbuf_read                             0x0001806d   Thumb Code   136  loopbuf.o(.text)
    loopbuf_reset                            0x000180f5   Thumb Code     8  loopbuf.o(.text)
    fal_init                                 0x00018359   Thumb Code    98  fal.o(.text)
    fal_init_check                           0x000183bb   Thumb Code     6  fal.o(.text)
    fal_flash_init                           0x00018471   Thumb Code   186  fal_flash.o(.text)
    fal_flash_device_find                    0x0001852b   Thumb Code    78  fal_flash.o(.text)
    fal_show_part_table                      0x00018629   Thumb Code   254  fal_partition.o(.text)
    fal_partition_init                       0x000187b3   Thumb Code    60  fal_partition.o(.text)
    fal_partition_find                       0x000187ef   Thumb Code    70  fal_partition.o(.text)
    fal_get_partition_table                  0x0001887f   Thumb Code    52  fal_partition.o(.text)
    fal_set_partition_table_temp             0x000188b3   Thumb Code    60  fal_partition.o(.text)
    fal_partition_read                       0x000188ef   Thumb Code   872  fal_partition.o(.text)
    fal_partition_write                      0x00018c57   Thumb Code   214  fal_partition.o(.text)
    fal_partition_erase                      0x00018d2d   Thumb Code   186  fal_partition.o(.text)
    fal_partition_erase_all                  0x00018de7   Thumb Code    16  fal_partition.o(.text)
    network_entry                            0x000191dd   Thumb Code   408  network.o(.text)
    air_create_dev                           0x00019399   Thumb Code    76  air7xx_base_opt.o(.text)
    air_clr_sta                              0x000193e5   Thumb Code    12  air7xx_base_opt.o(.text)
    air_clr_rxbuf                            0x000193f1   Thumb Code    20  air7xx_base_opt.o(.text)
    air_clr_txbuf                            0x00019405   Thumb Code    20  air7xx_base_opt.o(.text)
    air_ptf_txbuf                            0x000194cf   Thumb Code    22  air7xx_base_opt.o(.text)
    air_ptf_rxbuf                            0x000194e5   Thumb Code    22  air7xx_base_opt.o(.text)
    air_send_str                             0x000194fb   Thumb Code    44  air7xx_base_opt.o(.text)
    air_deal_cmd_timeout                     0x00019527   Thumb Code   132  air7xx_base_opt.o(.text)
    air_install_net_cycle                    0x00019615   Thumb Code    10  air7xx_work_connect_serv.o(.text)
    air_install_msg_cycle                    0x0001961f   Thumb Code    10  air7xx_work_connect_serv.o(.text)
    air_work_connect_serv                    0x00019629   Thumb Code  1716  air7xx_work_connect_serv.o(.text)
    air_work_init_dev                        0x00019d1d   Thumb Code  5312  air7xx_work_init_dev.o(.text)
    wait_ready                               0x0001b209   Thumb Code    78  air7xx_work_rst_dev.o(.text)
    air_work_rst_dev                         0x0001b257   Thumb Code   662  air7xx_work_rst_dev.o(.text)
    clr_get_time_flag                        0x0001b52d   Thumb Code     8  message.o(.text)
    set_get_time_flag                        0x0001b535   Thumb Code     8  message.o(.text)
    cat_get_time_flag                        0x0001b53d   Thumb Code     6  message.o(.text)
    get_net_time                             0x0001b543   Thumb Code    94  message.o(.text)
    net_cycle                                0x0001b605   Thumb Code    66  message.o(.text)
    msg_cycle                                0x0001b647   Thumb Code    84  message.o(.text)
    dump_rtc_by_str                          0x0001b755   Thumb Code   246  msg_cmd_analysis.o(.text)
    get_srv_cmd_list_len                     0x0001baa7   Thumb Code     4  msg_cmd_analysis.o(.text)
    get_srv_cmd_list                         0x0001baab   Thumb Code     4  msg_cmd_analysis.o(.text)
    __aeabi_uldivmod                         0x0001be9d   Thumb Code    98  uldiv.o(.text)
    __aeabi_memcpy                           0x0001beff   Thumb Code    36  memcpya.o(.text)
    __aeabi_memcpy4                          0x0001beff   Thumb Code     0  memcpya.o(.text)
    __aeabi_memcpy8                          0x0001beff   Thumb Code     0  memcpya.o(.text)
    __aeabi_memset                           0x0001bf23   Thumb Code    14  memseta.o(.text)
    __aeabi_memset4                          0x0001bf23   Thumb Code     0  memseta.o(.text)
    __aeabi_memset8                          0x0001bf23   Thumb Code     0  memseta.o(.text)
    __aeabi_memclr                           0x0001bf31   Thumb Code     4  memseta.o(.text)
    __aeabi_memclr4                          0x0001bf31   Thumb Code     0  memseta.o(.text)
    __aeabi_memclr8                          0x0001bf31   Thumb Code     0  memseta.o(.text)
    _memset$wrapper                          0x0001bf35   Thumb Code    18  memseta.o(.text)
    strstr                                   0x0001bf47   Thumb Code    36  strstr.o(.text)
    strlen                                   0x0001bf6b   Thumb Code    14  strlen.o(.text)
    strcmp                                   0x0001bf79   Thumb Code    28  strcmp.o(.text)
    strcpy                                   0x0001bf95   Thumb Code    18  strcpy.o(.text)
    strncmp                                  0x0001bfa7   Thumb Code    30  strncmp.o(.text)
    strtok_r                                 0x0001bfc5   Thumb Code    60  strtok_r.o(.text)
    _strtok$wrapper                          0x0001c001   Thumb Code     4  strtok_r.o(.text)
    atoi                                     0x0001c009   Thumb Code    26  atoi.o(.text)
    atol                                     0x0001c023   Thumb Code    26  atol.o(.text)
    __aeabi_fmul                             0x0001c03d   Thumb Code   100  fmul.o(.text)
    __aeabi_fdiv                             0x0001c0a1   Thumb Code   124  fdiv.o(.text)
    __aeabi_dmul                             0x0001c11d   Thumb Code   228  dmul.o(.text)
    __aeabi_ddiv                             0x0001c201   Thumb Code   222  ddiv.o(.text)
    __aeabi_ui2f                             0x0001c2df   Thumb Code    10  ffltui.o(.text)
    __aeabi_ui2d                             0x0001c2e9   Thumb Code    26  dfltui.o(.text)
    __aeabi_f2uiz                            0x0001c303   Thumb Code    40  ffixui.o(.text)
    __aeabi_d2uiz                            0x0001c32b   Thumb Code    50  dfixui.o(.text)
    __aeabi_f2d                              0x0001c35d   Thumb Code    38  f2d.o(.text)
    __aeabi_d2f                              0x0001c383   Thumb Code    56  d2f.o(.text)
    __aeabi_cfrcmple                         0x0001c3bd   Thumb Code    20  cfrcmple.o(.text)
    __aeabi_uidiv                            0x0001c3d1   Thumb Code     0  uidiv.o(.text)
    __aeabi_uidivmod                         0x0001c3d1   Thumb Code    44  uidiv.o(.text)
    __aeabi_llsl                             0x0001c3fd   Thumb Code    30  llshl.o(.text)
    _ll_shift_l                              0x0001c3fd   Thumb Code     0  llshl.o(.text)
    __aeabi_llsr                             0x0001c41b   Thumb Code    32  llushr.o(.text)
    _ll_ushift_r                             0x0001c41b   Thumb Code     0  llushr.o(.text)
    __strtod_int                             0x0001c473   Thumb Code    90  strtod.o(.text)
    strtol                                   0x0001c4d9   Thumb Code   112  strtol.o(.text)
    __I$use$fp                               0x0001c549   Thumb Code     0  iusefp.o(.text)
    _float_round                             0x0001c549   Thumb Code    18  fepilogue.o(.text)
    _float_epilogue                          0x0001c55b   Thumb Code    92  fepilogue.o(.text)
    _double_round                            0x0001c5b7   Thumb Code    30  depilogue.o(.text)
    _double_epilogue                         0x0001c5d5   Thumb Code   156  depilogue.o(.text)
    __aeabi_dadd                             0x0001c671   Thumb Code   322  dadd.o(.text)
    __aeabi_dsub                             0x0001c7b3   Thumb Code     6  dadd.o(.text)
    __aeabi_drsub                            0x0001c7b9   Thumb Code     6  dadd.o(.text)
    __aeabi_d2ulz                            0x0001c7bf   Thumb Code    48  dfixul.o(.text)
    __aeabi_cdrcmple                         0x0001c7f1   Thumb Code    48  cdrcmple.o(.text)
    __scatterload                            0x0001c821   Thumb Code    28  init.o(.text)
    __scatterload_rt2                        0x0001c821   Thumb Code     0  init.o(.text)
    __aeabi_lasr                             0x0001c845   Thumb Code    36  llsshr.o(.text)
    _ll_sshift_r                             0x0001c845   Thumb Code     0  llsshr.o(.text)
    __rt_ctype_table                         0x0001c869   Thumb Code     4  ctype_o.o(.text)
    isspace                                  0x0001c871   Thumb Code    18  isspace_o.o(.text)
    _scanf_real                              0x0001c9ad   Thumb Code     0  scanf_fp.o(.text)
    _scanf_really_real                       0x0001c9ad   Thumb Code   556  scanf_fp.o(.text)
    _sgetc                                   0x0001cbe5   Thumb Code    30  _sgetc.o(.text)
    _sbackspace                              0x0001cc03   Thumb Code    34  _sgetc.o(.text)
    _strtoul                                 0x0001cc25   Thumb Code   158  _strtoul.o(.text)
    _chval                                   0x0001ccc3   Thumb Code    28  _chval.o(.text)
    __aeabi_ul2d                             0x0001ccdf   Thumb Code    24  dfltul.o(.text)
    __decompress                             0x0001ccf7   Thumb Code     0  __dczerorl2.o(.text)
    __decompress1                            0x0001ccf7   Thumb Code    86  __dczerorl2.o(.text)
    __0printf                                0x0001cd4d   Thumb Code    22  printfa.o(i.__0printf)
    __1printf                                0x0001cd4d   Thumb Code     0  printfa.o(i.__0printf)
    __2printf                                0x0001cd4d   Thumb Code     0  printfa.o(i.__0printf)
    __c89printf                              0x0001cd4d   Thumb Code     0  printfa.o(i.__0printf)
    printf                                   0x0001cd4d   Thumb Code     0  printfa.o(i.__0printf)
    __0snprintf                              0x0001cd6d   Thumb Code    48  printfa.o(i.__0snprintf)
    __1snprintf                              0x0001cd6d   Thumb Code     0  printfa.o(i.__0snprintf)
    __2snprintf                              0x0001cd6d   Thumb Code     0  printfa.o(i.__0snprintf)
    __c89snprintf                            0x0001cd6d   Thumb Code     0  printfa.o(i.__0snprintf)
    snprintf                                 0x0001cd6d   Thumb Code     0  printfa.o(i.__0snprintf)
    __0sprintf                               0x0001cda1   Thumb Code    34  printfa.o(i.__0sprintf)
    __1sprintf                               0x0001cda1   Thumb Code     0  printfa.o(i.__0sprintf)
    __2sprintf                               0x0001cda1   Thumb Code     0  printfa.o(i.__0sprintf)
    __c89sprintf                             0x0001cda1   Thumb Code     0  printfa.o(i.__0sprintf)
    sprintf                                  0x0001cda1   Thumb Code     0  printfa.o(i.__0sprintf)
    __0vsnprintf                             0x0001cdc9   Thumb Code    46  printfa.o(i.__0vsnprintf)
    __1vsnprintf                             0x0001cdc9   Thumb Code     0  printfa.o(i.__0vsnprintf)
    __2vsnprintf                             0x0001cdc9   Thumb Code     0  printfa.o(i.__0vsnprintf)
    __c89vsnprintf                           0x0001cdc9   Thumb Code     0  printfa.o(i.__0vsnprintf)
    vsnprintf                                0x0001cdc9   Thumb Code     0  printfa.o(i.__0vsnprintf)
    __aeabi_errno_addr                       0x0001cdfd   Thumb Code     4  errno.o(i.__aeabi_errno_addr)
    __rt_errno_addr                          0x0001cdfd   Thumb Code     0  errno.o(i.__aeabi_errno_addr)
    __read_errno                             0x0001ce05   Thumb Code     6  errno.o(i.__read_errno)
    __scatterload_copy                       0x0001ce11   Thumb Code    14  handlers.o(i.__scatterload_copy)
    __scatterload_null                       0x0001ce1f   Thumb Code     2  handlers.o(i.__scatterload_null)
    __scatterload_zeroinit                   0x0001ce21   Thumb Code    14  handlers.o(i.__scatterload_zeroinit)
    __set_errno                              0x0001ce31   Thumb Code     6  errno.o(i.__set_errno)
    _is_digit                                0x0001cfc1   Thumb Code    14  scanf_fp.o(i._is_digit)
    atof                                     0x0001d6f7   Thumb Code    42  atof.o(i.atof)
    onchip_flash                             0x0001dad4   Data          56  fal_flash_swm320.o(.constdata)
    __ctype_table                            0x0001dbf5   Data         129  ctype_o.o(.constdata)
    Region$$Table$$Base                      0x0001dfe0   Number         0  anon$$obj.o(Region$$Table)
    Region$$Table$$Limit                     0x0001e000   Number         0  anon$$obj.o(Region$$Table)
    pxCurrentTCB                             0x20000000   Data           4  tasks.o(.data)
    IAP_Cache_Reset                          0x20000060   Data           4  swm320_flash.o(.data)
    IAP_Flash_Param                          0x20000064   Data           4  swm320_flash.o(.data)
    IAP_Flash_Erase                          0x20000068   Data           4  swm320_flash.o(.data)
    IAP_Flash_Write                          0x2000006c   Data           4  swm320_flash.o(.data)
    SystemCoreClock                          0x20000070   Data           4  system_swm320.o(.data)
    CyclesPerUs                              0x20000074   Data           4  system_swm320.o(.data)
    wdat                                     0x200000a0   Data           4  work_data.o(.data)
    fuse                                     0x200000c8   Data           4  work_fuse.o(.data)
    rx_len                                   0x20000118   Data           4  cmdline.o(.data)
    LED_BUF                                  0x20000120   Data           4  led_board.o(.data)
    led_board_opt                            0x2000014c   Data           4  led_board.o(.data)
    hlw_opt                                  0x20000184   Data           4  hlw80212.o(.data)
    gpio                                     0x200001b0   Data           4  fk_drv_gpio.o(.data)
    uart                                     0x200001d0   Data           4  fk_drv_uart.o(.data)
    rtc                                      0x200001e8   Data           4  fk_drv_rtc.o(.data)
    wdt                                      0x200001fc   Data           4  fk_drv_wdg.o(.data)
    drvp_gpio                                0x20000a38   Data           4  fk_drvp_gpio.o(.data)
    drvp_uart                                0x20000a7c   Data           4  fk_drvp_uart.o(.data)
    drvp_rtc                                 0x20000a94   Data           4  fk_drvp_rtc.o(.data)
    drvp_wdt                                 0x20000aa8   Data           4  fk_drvp_wdg.o(.data)
    CPU_RunTime                              0x20000aac   Data           4  fk_drvp_time.o(.data)
    drv_time                                 0x20000abc   Data           4  fk_drvp_time.o(.data)
    utc_opt                                  0x20000acc   Data           4  utc.o(.data)
    stropt                                   0x20000ae4   Data           4  stropt.o(.data)
    hc595_opt                                0x20000af4   Data           4  lib_hc595.o(.data)
    wk_net                                   0x20000afc   Data           4  network.o(.data)
    air7xx                                   0x20000b00   Data           4  network.o(.data)
    netdev_opt                               0x20000b38   Data           4  air7xx.o(.data)
    __srv_cmd_list                           0x20000b5c   Data          80  msg_cmd_analysis.o(.data)
    msg_ctn_opt                              0x20000bc4   Data           4  msg_ctrl_to_net.o(.data)
    msg_ntc_opt                              0x20000bdc   Data           4  msg_net_to_ctrl.o(.data)
    __stdout                                 0x20000be4   Data           4  stdout.o(.data)
    rxbuf                                    0x20014df0   Data         128  cmdline.o(.bss)
    __initial_sp                             0x20016210   Data           0  startup_swm320.o(STACK)



==============================================================================

Memory Map of the image

  Image Entry point : 0x00011949

  Load Region LR_IROM1 (Base: 0x00011800, Size: 0x0000d3ec, Max: 0x00016800, ABSOLUTE, COMPRESSED[0x0000cc34])

    Execution Region ER_IROM1 (Exec base: 0x00011800, Load base: 0x00011800, Size: 0x0000c800, Max: 0x00016800, ABSOLUTE)

    Exec Addr    Load Addr    Size         Type   Attr      Idx    E Section Name        Object

    0x00011800   0x00011800   0x00000148   Data   RO          743    RESET               startup_swm320.o
    0x00011948   0x00011948   0x00000000   Code   RO         2222  * .ARM.Collect$$$$00000000  mc_w.l(entry.o)
    0x00011948   0x00011948   0x00000004   Code   RO         2533    .ARM.Collect$$$$00000001  mc_w.l(entry2.o)
    0x0001194c   0x0001194c   0x00000004   Code   RO         2536    .ARM.Collect$$$$00000004  mc_w.l(entry5.o)
    0x00011950   0x00011950   0x00000000   Code   RO         2538    .ARM.Collect$$$$00000008  mc_w.l(entry7b.o)
    0x00011950   0x00011950   0x00000000   Code   RO         2540    .ARM.Collect$$$$0000000A  mc_w.l(entry8b.o)
    0x00011950   0x00011950   0x00000008   Code   RO         2541    .ARM.Collect$$$$0000000B  mc_w.l(entry9a.o)
    0x00011958   0x00011958   0x00000004   Code   RO         2548    .ARM.Collect$$$$0000000E  mc_w.l(entry12b.o)
    0x0001195c   0x0001195c   0x00000000   Code   RO         2543    .ARM.Collect$$$$0000000F  mc_w.l(entry10a.o)
    0x0001195c   0x0001195c   0x00000000   Code   RO         2545    .ARM.Collect$$$$00000011  mc_w.l(entry11a.o)
    0x0001195c   0x0001195c   0x00000004   Code   RO         2534    .ARM.Collect$$$$00002712  mc_w.l(entry2.o)
    0x00011960   0x00011960   0x00000096   Code   RO          143    .emb_text           port.o
    0x000119f6   0x000119f6   0x00000002   PAD
    0x000119f8   0x000119f8   0x00000012   Code   RO          751    .emb_text           main.o
    0x00011a0a   0x00011a0a   0x00000094   Code   RO            1    .text               list.o
    0x00011a9e   0x00011a9e   0x00000002   PAD
    0x00011aa0   0x00011aa0   0x00000724   Code   RO           49    .text               queue.o
    0x000121c4   0x000121c4   0x000015ac   Code   RO           80    .text               tasks.o
    0x00013770   0x00013770   0x000000e8   Code   RO          144    .text               port.o
    0x00013858   0x00013858   0x000001e4   Code   RO          175    .text               heap_4.o
    0x00013a3c   0x00013a3c   0x000000c0   Code   RO          306    .text               swm320_exti.o
    0x00013afc   0x00013afc   0x000003fc   Code   RO          334    .text               swm320_gpio.o
    0x00013ef8   0x00013ef8   0x00000528   Code   RO          406    .text               swm320_timr.o
    0x00014420   0x00014420   0x000003c4   Code   RO          434    .text               swm320_uart.o
    0x000147e4   0x000147e4   0x00000094   Code   RO          458    .text               swm320_wdt.o
    0x00014878   0x00014878   0x000000c8   Code   RO          506    .text               swm320_flash.o
    0x00014940   0x00014940   0x00000648   Code   RO          536    .text               swm320_port.o
    0x00014f88   0x00014f88   0x000002b4   Code   RO          659    .text               swm320_rtc.o
    0x0001523c   0x0001523c   0x000002dc   Code   RO          714    .text               system_swm320.o
    0x00015518   0x00015518   0x0000009c   Code   RO          744    .text               startup_swm320.o
    0x000155b4   0x000155b4   0x0000029c   Code   RO          752    .text               main.o
    0x00015850   0x00015850   0x0000005c   Code   RO          859    .text               crtl_task.o
    0x000158ac   0x000158ac   0x00000114   Code   RO          893    .text               listen_task.o
    0x000159c0   0x000159c0   0x00000220   Code   RO          920    .text               start_task.o
    0x00015be0   0x00015be0   0x00000068   Code   RO         1132    .text               host_task.o
    0x00015c48   0x00015c48   0x00000010   Code   RO         1159    .text               work.o
    0x00015c58   0x00015c58   0x00000248   Code   RO         1187    .text               work_data.o
    0x00015ea0   0x00015ea0   0x0000010c   Code   RO         1220    .text               work_fuse.o
    0x00015fac   0x00015fac   0x0000017c   Code   RO         1251    .text               work _deal_order.o
    0x00016128   0x00016128   0x00000180   Code   RO         1275    .text               work_cycle_reboot.o
    0x000162a8   0x000162a8   0x000004dc   Code   RO         1301    .text               work_sock_ctrl.o
    0x00016784   0x00016784   0x000005f4   Code   RO         1326    .text               work_debug.o
    0x00016d78   0x00016d78   0x0000028c   Code   RO         1351    .text               cmdline.o
    0x00017004   0x00017004   0x00000198   Code   RO         1384    .text               led_board.o
    0x0001719c   0x0001719c   0x00000240   Code   RO         1413    .text               hlw80212.o
    0x000173dc   0x000173dc   0x00000084   Code   RO         1443    .text               fk_drv_gpio.o
    0x00017460   0x00017460   0x00000100   Code   RO         1472    .text               fk_drv_uart.o
    0x00017560   0x00017560   0x00000048   Code   RO         1504    .text               fk_drv_rtc.o
    0x000175a8   0x000175a8   0x00000038   Code   RO         1534    .text               fk_drv_wdg.o
    0x000175e0   0x000175e0   0x000004b8   Code   RO         1564    .text               fk_drvp_gpio.o
    0x00017a98   0x00017a98   0x0000030c   Code   RO         1600    .text               fk_drvp_uart.o
    0x00017da4   0x00017da4   0x00000108   Code   RO         1628    .text               fk_drvp_rtc.o
    0x00017eac   0x00017eac   0x00000058   Code   RO         1656    .text               fk_drvp_wdg.o
    0x00017f04   0x00017f04   0x00000064   Code   RO         1682    .text               fk_drvp_time.o
    0x00017f68   0x00017f68   0x00000194   Code   RO         1719    .text               loopbuf.o
    0x000180fc   0x000180fc   0x0000025c   Code   RO         1743    .text               utc.o
    0x00018358   0x00018358   0x00000118   Code   RO         1776    .text               fal.o
    0x00018470   0x00018470   0x000001b8   Code   RO         1804    .text               fal_flash.o
    0x00018628   0x00018628   0x000008f4   Code   RO         1820    .text               fal_partition.o
    0x00018f1c   0x00018f1c   0x00000164   Code   RO         1849    .text               fal_flash_swm320.o
    0x00019080   0x00019080   0x00000042   Code   RO         1878    .text               stropt.o
    0x000190c2   0x000190c2   0x00000002   PAD
    0x000190c4   0x000190c4   0x00000118   Code   RO         1906    .text               lib_hc595.o
    0x000191dc   0x000191dc   0x000001bc   Code   RO         1934    .text               network.o
    0x00019398   0x00019398   0x0000027c   Code   RO         1991    .text               air7xx_base_opt.o
    0x00019614   0x00019614   0x00000708   Code   RO         2018    .text               air7xx_work_connect_serv.o
    0x00019d1c   0x00019d1c   0x000014ec   Code   RO         2045    .text               air7xx_work_init_dev.o
    0x0001b208   0x0001b208   0x00000324   Code   RO         2072    .text               air7xx_work_rst_dev.o
    0x0001b52c   0x0001b52c   0x000001b0   Code   RO         2099    .text               message.o
    0x0001b6dc   0x0001b6dc   0x00000448   Code   RO         2129    .text               msg_cmd_analysis.o
    0x0001bb24   0x0001bb24   0x000002ac   Code   RO         2158    .text               msg_ctrl_to_net.o
    0x0001bdd0   0x0001bdd0   0x000000cc   Code   RO         2190    .text               msg_net_to_ctrl.o
    0x0001be9c   0x0001be9c   0x00000062   Code   RO         2225    .text               mc_w.l(uldiv.o)
    0x0001befe   0x0001befe   0x00000024   Code   RO         2227    .text               mc_w.l(memcpya.o)
    0x0001bf22   0x0001bf22   0x00000024   Code   RO         2229    .text               mc_w.l(memseta.o)
    0x0001bf46   0x0001bf46   0x00000024   Code   RO         2231    .text               mc_w.l(strstr.o)
    0x0001bf6a   0x0001bf6a   0x0000000e   Code   RO         2233    .text               mc_w.l(strlen.o)
    0x0001bf78   0x0001bf78   0x0000001c   Code   RO         2235    .text               mc_w.l(strcmp.o)
    0x0001bf94   0x0001bf94   0x00000012   Code   RO         2237    .text               mc_w.l(strcpy.o)
    0x0001bfa6   0x0001bfa6   0x0000001e   Code   RO         2239    .text               mc_w.l(strncmp.o)
    0x0001bfc4   0x0001bfc4   0x00000044   Code   RO         2241    .text               mc_w.l(strtok_r.o)
    0x0001c008   0x0001c008   0x0000001a   Code   RO         2507    .text               mc_w.l(atoi.o)
    0x0001c022   0x0001c022   0x0000001a   Code   RO         2509    .text               mc_w.l(atol.o)
    0x0001c03c   0x0001c03c   0x00000064   Code   RO         2511    .text               mf_w.l(fmul.o)
    0x0001c0a0   0x0001c0a0   0x0000007c   Code   RO         2513    .text               mf_w.l(fdiv.o)
    0x0001c11c   0x0001c11c   0x000000e4   Code   RO         2515    .text               mf_w.l(dmul.o)
    0x0001c200   0x0001c200   0x000000de   Code   RO         2517    .text               mf_w.l(ddiv.o)
    0x0001c2de   0x0001c2de   0x0000000a   Code   RO         2519    .text               mf_w.l(ffltui.o)
    0x0001c2e8   0x0001c2e8   0x0000001a   Code   RO         2521    .text               mf_w.l(dfltui.o)
    0x0001c302   0x0001c302   0x00000028   Code   RO         2523    .text               mf_w.l(ffixui.o)
    0x0001c32a   0x0001c32a   0x00000032   Code   RO         2525    .text               mf_w.l(dfixui.o)
    0x0001c35c   0x0001c35c   0x00000026   Code   RO         2527    .text               mf_w.l(f2d.o)
    0x0001c382   0x0001c382   0x00000038   Code   RO         2529    .text               mf_w.l(d2f.o)
    0x0001c3ba   0x0001c3ba   0x00000002   PAD
    0x0001c3bc   0x0001c3bc   0x00000014   Code   RO         2531    .text               mf_w.l(cfrcmple.o)
    0x0001c3d0   0x0001c3d0   0x0000002c   Code   RO         2550    .text               mc_w.l(uidiv.o)
    0x0001c3fc   0x0001c3fc   0x0000001e   Code   RO         2552    .text               mc_w.l(llshl.o)
    0x0001c41a   0x0001c41a   0x00000020   Code   RO         2554    .text               mc_w.l(llushr.o)
    0x0001c43a   0x0001c43a   0x00000002   PAD
    0x0001c43c   0x0001c43c   0x0000009c   Code   RO         2563    .text               mc_w.l(strtod.o)
    0x0001c4d8   0x0001c4d8   0x00000070   Code   RO         2565    .text               mc_w.l(strtol.o)
    0x0001c548   0x0001c548   0x00000000   Code   RO         2567    .text               mc_w.l(iusefp.o)
    0x0001c548   0x0001c548   0x0000006e   Code   RO         2568    .text               mf_w.l(fepilogue.o)
    0x0001c5b6   0x0001c5b6   0x000000ba   Code   RO         2570    .text               mf_w.l(depilogue.o)
    0x0001c670   0x0001c670   0x0000014e   Code   RO         2572    .text               mf_w.l(dadd.o)
    0x0001c7be   0x0001c7be   0x00000030   Code   RO         2574    .text               mf_w.l(dfixul.o)
    0x0001c7ee   0x0001c7ee   0x00000002   PAD
    0x0001c7f0   0x0001c7f0   0x00000030   Code   RO         2576    .text               mf_w.l(cdrcmple.o)
    0x0001c820   0x0001c820   0x00000024   Code   RO         2578    .text               mc_w.l(init.o)
    0x0001c844   0x0001c844   0x00000024   Code   RO         2580    .text               mc_w.l(llsshr.o)
    0x0001c868   0x0001c868   0x00000008   Code   RO         2584    .text               mc_w.l(ctype_o.o)
    0x0001c870   0x0001c870   0x00000012   Code   RO         2606    .text               mc_w.l(isspace_o.o)
    0x0001c882   0x0001c882   0x00000002   PAD
    0x0001c884   0x0001c884   0x00000360   Code   RO         2612    .text               mc_w.l(scanf_fp.o)
    0x0001cbe4   0x0001cbe4   0x00000040   Code   RO         2616    .text               mc_w.l(_sgetc.o)
    0x0001cc24   0x0001cc24   0x0000009e   Code   RO         2618    .text               mc_w.l(_strtoul.o)
    0x0001ccc2   0x0001ccc2   0x0000001c   Code   RO         2623    .text               mc_w.l(_chval.o)
    0x0001ccde   0x0001ccde   0x00000018   Code   RO         2625    .text               mf_w.l(dfltul.o)
    0x0001ccf6   0x0001ccf6   0x00000056   Code   RO         2635    .text               mc_w.l(__dczerorl2.o)
    0x0001cd4c   0x0001cd4c   0x00000020   Code   RO         2479    i.__0printf         mc_w.l(printfa.o)
    0x0001cd6c   0x0001cd6c   0x00000034   Code   RO         2480    i.__0snprintf       mc_w.l(printfa.o)
    0x0001cda0   0x0001cda0   0x00000028   Code   RO         2481    i.__0sprintf        mc_w.l(printfa.o)
    0x0001cdc8   0x0001cdc8   0x00000034   Code   RO         2484    i.__0vsnprintf      mc_w.l(printfa.o)
    0x0001cdfc   0x0001cdfc   0x00000008   Code   RO         2556    i.__aeabi_errno_addr  mc_w.l(errno.o)
    0x0001ce04   0x0001ce04   0x0000000c   Code   RO         2557    i.__read_errno      mc_w.l(errno.o)
    0x0001ce10   0x0001ce10   0x0000000e   Code   RO         2629    i.__scatterload_copy  mc_w.l(handlers.o)
    0x0001ce1e   0x0001ce1e   0x00000002   Code   RO         2630    i.__scatterload_null  mc_w.l(handlers.o)
    0x0001ce20   0x0001ce20   0x0000000e   Code   RO         2631    i.__scatterload_zeroinit  mc_w.l(handlers.o)
    0x0001ce2e   0x0001ce2e   0x00000002   PAD
    0x0001ce30   0x0001ce30   0x0000000c   Code   RO         2558    i.__set_errno       mc_w.l(errno.o)
    0x0001ce3c   0x0001ce3c   0x00000184   Code   RO         2486    i._fp_digits        mc_w.l(printfa.o)
    0x0001cfc0   0x0001cfc0   0x0000000e   Code   RO         2614    i._is_digit         mc_w.l(scanf_fp.o)
    0x0001cfce   0x0001cfce   0x00000002   PAD
    0x0001cfd0   0x0001cfd0   0x000006b4   Code   RO         2487    i._printf_core      mc_w.l(printfa.o)
    0x0001d684   0x0001d684   0x00000024   Code   RO         2488    i._printf_post_padding  mc_w.l(printfa.o)
    0x0001d6a8   0x0001d6a8   0x0000002e   Code   RO         2489    i._printf_pre_padding  mc_w.l(printfa.o)
    0x0001d6d6   0x0001d6d6   0x00000016   Code   RO         2490    i._snputc           mc_w.l(printfa.o)
    0x0001d6ec   0x0001d6ec   0x0000000a   Code   RO         2491    i._sputc            mc_w.l(printfa.o)
    0x0001d6f6   0x0001d6f6   0x0000002a   Code   RO         2219    i.atof              m_ws.l(atof.o)
    0x0001d720   0x0001d720   0x00000034   Data   RO          660    .constdata          swm320_rtc.o
    0x0001d754   0x0001d754   0x0000001b   Data   RO          860    .constdata          crtl_task.o
    0x0001d76f   0x0001d76f   0x0000001f   Data   RO          894    .constdata          listen_task.o
    0x0001d78e   0x0001d78e   0x00000002   PAD
    0x0001d790   0x0001d790   0x00000042   Data   RO          921    .constdata          start_task.o
    0x0001d7d2   0x0001d7d2   0x0000001b   Data   RO         1133    .constdata          host_task.o
    0x0001d7ed   0x0001d7ed   0x00000012   Data   RO         1189    .constdata          work_data.o
    0x0001d7ff   0x0001d7ff   0x00000012   Data   RO         1302    .constdata          work_sock_ctrl.o
    0x0001d811   0x0001d811   0x00000029   Data   RO         1327    .constdata          work_debug.o
    0x0001d83a   0x0001d83a   0x00000027   Data   RO         1353    .constdata          cmdline.o
    0x0001d861   0x0001d861   0x00000004   Data   RO         1414    .constdata          hlw80212.o
    0x0001d865   0x0001d865   0x00000005   Data   RO         1474    .constdata          fk_drv_uart.o
    0x0001d86a   0x0001d86a   0x00000005   Data   RO         1601    .constdata          fk_drvp_uart.o
    0x0001d86f   0x0001d86f   0x00000001   PAD
    0x0001d870   0x0001d870   0x00000030   Data   RO         1744    .constdata          utc.o
    0x0001d8a0   0x0001d8a0   0x00000009   Data   RO         1777    .constdata          fal.o
    0x0001d8a9   0x0001d8a9   0x00000003   PAD
    0x0001d8ac   0x0001d8ac   0x00000029   Data   RO         1805    .constdata          fal_flash.o
    0x0001d8d5   0x0001d8d5   0x00000003   PAD
    0x0001d8d8   0x0001d8d8   0x000001f9   Data   RO         1822    .constdata          fal_partition.o
    0x0001dad1   0x0001dad1   0x00000003   PAD
    0x0001dad4   0x0001dad4   0x00000038   Data   RO         1850    .constdata          fal_flash_swm320.o
    0x0001db0c   0x0001db0c   0x00000024   Data   RO         1992    .constdata          air7xx_base_opt.o
    0x0001db30   0x0001db30   0x00000016   Data   RO         2019    .constdata          air7xx_work_connect_serv.o
    0x0001db46   0x0001db46   0x00000012   Data   RO         2046    .constdata          air7xx_work_init_dev.o
    0x0001db58   0x0001db58   0x00000011   Data   RO         2073    .constdata          air7xx_work_rst_dev.o
    0x0001db69   0x0001db69   0x00000062   Data   RO         2130    .constdata          msg_cmd_analysis.o
    0x0001dbcb   0x0001dbcb   0x00000020   Data   RO         2160    .constdata          msg_ctrl_to_net.o
    0x0001dbeb   0x0001dbeb   0x0000000a   Data   RO         2191    .constdata          msg_net_to_ctrl.o
    0x0001dbf5   0x0001dbf5   0x00000081   Data   RO         2585    .constdata          mc_w.l(ctype_o.o)
    0x0001dc76   0x0001dc76   0x00000002   PAD
    0x0001dc78   0x0001dc78   0x00000004   Data   RO         2586    .constdata          mc_w.l(ctype_o.o)
    0x0001dc7c   0x0001dc7c   0x0000005c   Data   RO         1276    .conststring        work_cycle_reboot.o
    0x0001dcd8   0x0001dcd8   0x0000003d   Data   RO         1354    .conststring        cmdline.o
    0x0001dd15   0x0001dd15   0x00000003   PAD
    0x0001dd18   0x0001dd18   0x000000fe   Data   RO         1566    .conststring        fk_drvp_gpio.o
    0x0001de16   0x0001de16   0x00000002   PAD
    0x0001de18   0x0001de18   0x0000005c   Data   RO         1806    .conststring        fal_flash.o
    0x0001de74   0x0001de74   0x00000132   Data   RO         1823    .conststring        fal_partition.o
    0x0001dfa6   0x0001dfa6   0x00000002   PAD
    0x0001dfa8   0x0001dfa8   0x00000037   Data   RO         2131    .conststring        msg_cmd_analysis.o
    0x0001dfdf   0x0001dfdf   0x00000001   PAD
    0x0001dfe0   0x0001dfe0   0x00000020   Data   RO         2627    Region$$Table       anon$$obj.o


    Execution Region RW_IRAM1 (Exec base: 0x20000000, Load base: 0x0001e000, Size: 0x00016210, Max: 0x00020000, ABSOLUTE, COMPRESSED[0x00000434])

    Exec Addr    Load Addr    Size         Type   Attr      Idx    E Section Name        Object

    0x20000000   COMPRESSED   0x00000044   Data   RW           82    .data               tasks.o
    0x20000044   COMPRESSED   0x00000004   Data   RW          145    .data               port.o
    0x20000048   COMPRESSED   0x00000018   Data   RW          177    .data               heap_4.o
    0x20000060   COMPRESSED   0x00000010   Data   RW          507    .data               swm320_flash.o
    0x20000070   COMPRESSED   0x00000008   Data   RW          715    .data               system_swm320.o
    0x20000078   COMPRESSED   0x00000004   Data   RW          861    .data               crtl_task.o
    0x2000007c   COMPRESSED   0x0000000c   Data   RW          895    .data               listen_task.o
    0x20000088   COMPRESSED   0x0000000c   Data   RW          922    .data               start_task.o
    0x20000094   COMPRESSED   0x00000004   Data   RW         1134    .data               host_task.o
    0x20000098   COMPRESSED   0x00000014   Data   RW         1190    .data               work_data.o
    0x200000ac   COMPRESSED   0x00000021   Data   RW         1221    .data               work_fuse.o
    0x200000cd   COMPRESSED   0x00000003   PAD
    0x200000d0   COMPRESSED   0x00000008   Data   RW         1277    .data               work_cycle_reboot.o
    0x200000d8   COMPRESSED   0x00000048   Data   RW         1355    .data               cmdline.o
    0x20000120   COMPRESSED   0x00000038   Data   RW         1385    .data               led_board.o
    0x20000158   COMPRESSED   0x00000040   Data   RW         1415    .data               hlw80212.o
    0x20000198   COMPRESSED   0x0000001c   Data   RW         1444    .data               fk_drv_gpio.o
    0x200001b4   COMPRESSED   0x00000020   Data   RW         1475    .data               fk_drv_uart.o
    0x200001d4   COMPRESSED   0x00000018   Data   RW         1505    .data               fk_drv_rtc.o
    0x200001ec   COMPRESSED   0x00000014   Data   RW         1535    .data               fk_drv_wdg.o
    0x20000200   COMPRESSED   0x00000854   Data   RW         1567    .data               fk_drvp_gpio.o
    0x20000a54   COMPRESSED   0x0000002c   Data   RW         1602    .data               fk_drvp_uart.o
    0x20000a80   COMPRESSED   0x00000018   Data   RW         1630    .data               fk_drvp_rtc.o
    0x20000a98   COMPRESSED   0x00000014   Data   RW         1657    .data               fk_drvp_wdg.o
    0x20000aac   COMPRESSED   0x00000014   Data   RW         1683    .data               fk_drvp_time.o
    0x20000ac0   COMPRESSED   0x00000010   Data   RW         1745    .data               utc.o
    0x20000ad0   COMPRESSED   0x00000001   Data   RW         1778    .data               fal.o
    0x20000ad1   COMPRESSED   0x00000001   Data   RW         1807    .data               fal_flash.o
    0x20000ad2   COMPRESSED   0x00000002   PAD
    0x20000ad4   COMPRESSED   0x0000000c   Data   RW         1824    .data               fal_partition.o
    0x20000ae0   COMPRESSED   0x00000008   Data   RW         1879    .data               stropt.o
    0x20000ae8   COMPRESSED   0x00000010   Data   RW         1907    .data               lib_hc595.o
    0x20000af8   COMPRESSED   0x0000000c   Data   RW         1936    .data               network.o
    0x20000b04   COMPRESSED   0x00000038   Data   RW         1967    .data               air7xx.o
    0x20000b3c   COMPRESSED   0x0000000c   Data   RW         2020    .data               air7xx_work_connect_serv.o
    0x20000b48   COMPRESSED   0x00000004   Data   RW         2047    .data               air7xx_work_init_dev.o
    0x20000b4c   COMPRESSED   0x00000002   Data   RW         2074    .data               air7xx_work_rst_dev.o
    0x20000b4e   COMPRESSED   0x00000002   PAD
    0x20000b50   COMPRESSED   0x0000000c   Data   RW         2100    .data               message.o
    0x20000b5c   COMPRESSED   0x00000050   Data   RW         2132    .data               msg_cmd_analysis.o
    0x20000bac   COMPRESSED   0x0000001c   Data   RW         2161    .data               msg_ctrl_to_net.o
    0x20000bc8   COMPRESSED   0x00000018   Data   RW         2192    .data               msg_net_to_ctrl.o
    0x20000be0   COMPRESSED   0x00000004   Data   RW         2242    .data               mc_w.l(strtok_r.o)
    0x20000be4   COMPRESSED   0x00000004   Data   RW         2549    .data               mc_w.l(stdout.o)
    0x20000be8   COMPRESSED   0x00000004   Data   RW         2559    .data               mc_w.l(errno.o)
    0x20000bec        -       0x000000c8   Zero   RW           81    .bss                tasks.o
    0x20000cb4        -       0x00014000   Zero   RW          176    .bss                heap_4.o
    0x20014cb4        -       0x0000013c   Zero   RW         1188    .bss                work_data.o
    0x20014df0        -       0x00000080   Zero   RW         1352    .bss                cmdline.o
    0x20014e70        -       0x00000010   Zero   RW         1473    .bss                fk_drv_uart.o
    0x20014e80        -       0x00000240   Zero   RW         1565    .bss                fk_drvp_gpio.o
    0x200150c0        -       0x00000018   Zero   RW         1629    .bss                fk_drvp_rtc.o
    0x200150d8        -       0x00000014   Zero   RW         1821    .bss                fal_partition.o
    0x200150ec        -       0x00000024   Zero   RW         1935    .bss                network.o
    0x20015110        -       0x00000100   Zero   RW         2159    .bss                msg_ctrl_to_net.o
    0x20015210        -       0x00001000   Zero   RW          741    STACK               startup_swm320.o


==============================================================================

Image component sizes


      Code (inc. data)   RO Data    RW Data    ZI Data      Debug   Object Name

         0          0          0         56          0       1949   air7xx.o
       636        106         36          0          0       3359   air7xx_base_opt.o
      1800        244         22         12          0       2188   air7xx_work_connect_serv.o
      5356        350         18          4          0       2384   air7xx_work_init_dev.o
       804         70         17          2          0       1502   air7xx_work_rst_dev.o
       652        122        100         72        128       3078   cmdline.o
        92         34         27          4          0        837   crtl_task.o
       280        176          9          1          0       2462   fal.o
       440        176        133          1          0       1695   fal_flash.o
       356        118         56          0          0       2319   fal_flash_swm320.o
      2292        966        811         12         20       5464   fal_partition.o
       132          6          0         28          0       3118   fk_drv_gpio.o
        72          4          0         24          0       2505   fk_drv_rtc.o
       256         38          5         32         16       3586   fk_drv_uart.o
        56          4          0         20          0       2341   fk_drv_wdg.o
      1208         96        254       2132        576       6833   fk_drvp_gpio.o
       264          8          0         24         24       2041   fk_drvp_rtc.o
       100         10          0         20          0       3151   fk_drvp_time.o
       780         46          5         44          0       4226   fk_drvp_uart.o
        88         24          0         20          0       1283   fk_drvp_wdg.o
       484         24          0         24      81920       3224   heap_4.o
       576         64          4         64          0       3074   hlw80212.o
       104         38         27          4          0        837   host_task.o
       408         32          0         56          0       3076   led_board.o
       280          6          0         16          0       2292   lib_hc595.o
       148          0          0          0          0      15086   list.o
       276         86         31         12          0        997   listen_task.o
       404          0          0          0          0       2797   loopbuf.o
       686        322          0          0          0      12446   main.o
       432         66          0         12          0       3659   message.o
      1096        118        153         80          0       6069   msg_cmd_analysis.o
       684        124         32         28        256       4336   msg_ctrl_to_net.o
       204         26         10         24          0       2872   msg_net_to_ctrl.o
       444         36          0         12         36       2708   network.o
       382         28          0          4          0       6972   port.o
      1828         10          0          0          0      21971   queue.o
       544         88         66         12          0      14597   start_task.o
       156          4        328          0       4096       3440   startup_swm320.o
        66          0          0          8          0       1613   stropt.o
         0          0          0          0          0     120903   swm320_adc.o
       192          0          0          0          0       2129   swm320_exti.o
       200         34          0         16          0       2620   swm320_flash.o
      1020         38          0          0          0       4037   swm320_gpio.o
      1608         30          0          0          0       1264   swm320_port.o
       692         16         52          0          0       5629   swm320_rtc.o
      1320         20          0          0          0      26275   swm320_timr.o
       964         12          0          0          0       6009   swm320_uart.o
       148          4          0          0          0       2227   swm320_wdt.o
       732         56          0          8          0       2146   system_swm320.o
      5548        378          0         68        200      32058   tasks.o
         0          0          0          0          0       2816   timers.o
       604         52         48         16          0       2974   utc.o
       380        102          0          0          0       1074   work _deal_order.o
        16          0          0          0          0       1763   work.o
       384        140         92          8          0        700   work_cycle_reboot.o
       584        136         18         20        316       3119   work_data.o
      1524        522         41          0          0       2303   work_debug.o
       268         32          0         33          0       2742   work_fuse.o
      1244        160         18          0          0       2537   work_sock_ctrl.o

    ----------------------------------------------------------------------
     42300       5402       2465       3040      87588     393712   Object Totals
         0          0         32          0          0          0   (incl. Generated)
         6          0         20          7          0          0   (incl. Padding)

    ----------------------------------------------------------------------

      Code (inc. data)   RO Data    RW Data    ZI Data      Debug   Library Member Name

        42          0          0          0          0         84   atof.o
        86          0          0          0          0          0   __dczerorl2.o
        28          0          0          0          0         68   _chval.o
        64          0          0          0          0         84   _sgetc.o
       158          0          0          0          0         92   _strtoul.o
        26          0          0          0          0         80   atoi.o
        26          0          0          0          0         80   atol.o
         8          4        133          0          0         68   ctype_o.o
         0          0          0          0          0          0   entry.o
         0          0          0          0          0          0   entry10a.o
         0          0          0          0          0          0   entry11a.o
         4          0          0          0          0          0   entry12b.o
         8          4          0          0          0          0   entry2.o
         4          0          0          0          0          0   entry5.o
         0          0          0          0          0          0   entry7b.o
         0          0          0          0          0          0   entry8b.o
         8          4          0          0          0          0   entry9a.o
        32         16          0          4          0        204   errno.o
        30          0          0          0          0          0   handlers.o
        36          8          0          0          0         68   init.o
        18          0          0          0          0         76   isspace_o.o
         0          0          0          0          0          0   iusefp.o
        30          0          0          0          0         68   llshl.o
        36          0          0          0          0         68   llsshr.o
        32          0          0          0          0         68   llushr.o
        36          0          0          0          0         68   memcpya.o
        36          0          0          0          0        108   memseta.o
      2394        106          0          0          0        852   printfa.o
       878         12          0          0          0        216   scanf_fp.o
         0          0          0          4          0          0   stdout.o
        28          0          0          0          0         76   strcmp.o
        18          0          0          0          0         68   strcpy.o
        14          0          0          0          0         68   strlen.o
        30          0          0          0          0         80   strncmp.o
        36          0          0          0          0         80   strstr.o
       156         12          0          0          0        120   strtod.o
        68          4          0          4          0         96   strtok_r.o
       112          0          0          0          0         88   strtol.o
        44          0          0          0          0         80   uidiv.o
        98          0          0          0          0         92   uldiv.o
        48          0          0          0          0         68   cdrcmple.o
        20          0          0          0          0         68   cfrcmple.o
        56          0          0          0          0         88   d2f.o
       334          0          0          0          0        148   dadd.o
       222          0          0          0          0        100   ddiv.o
       186          0          0          0          0        176   depilogue.o
        50          0          0          0          0         76   dfixui.o
        48          0          0          0          0         68   dfixul.o
        26          0          0          0          0         76   dfltui.o
        24          0          0          0          0         76   dfltul.o
       228          0          0          0          0         96   dmul.o
        38          0          0          0          0         68   f2d.o
       124          0          0          0          0         88   fdiv.o
       110          0          0          0          0        168   fepilogue.o
        40          0          0          0          0         68   ffixui.o
        10          0          0          0          0         68   ffltui.o
       100          0          0          0          0         76   fmul.o

    ----------------------------------------------------------------------
      6300        170        135         12          0       4776   Library Totals
        12          0          2          0          0          0   (incl. Padding)

    ----------------------------------------------------------------------

      Code (inc. data)   RO Data    RW Data    ZI Data      Debug   Library Name

        42          0          0          0          0         84   m_ws.l
      4582        170        133         12          0       3116   mc_w.l
      1664          0          0          0          0       1576   mf_w.l

    ----------------------------------------------------------------------
      6300        170        135         12          0       4776   Library Totals

    ----------------------------------------------------------------------

==============================================================================


      Code (inc. data)   RO Data    RW Data    ZI Data      Debug   

     48600       5572       2600       3052      87588     391804   Grand Totals
     48600       5572       2600       1076      87588     391804   ELF Image Totals (compressed)
     48600       5572       2600       1076          0          0   ROM Totals

==============================================================================

    Total RO  Size (Code + RO Data)                51200 (  50.00kB)
    Total RW  Size (RW Data + ZI Data)             90640 (  88.52kB)
    Total ROM Size (Code + RO Data + RW Data)      52276 (  51.05kB)

==============================================================================

