<html>
<body>
<pre>
<h1>礦ision Build Log</h1>
<h2>Tool Versions:</h2>
IDE-Version: μVision V5.43.0.0
Copyright (C) 2025 ARM Ltd and ARM Germany GmbH. All rights reserved.
License Information: 邹 邹京洋, 无, LIC=VGXG8-3KEET-015P1-C83NL-NQ068-200F9
 
Tool Versions:
Toolchain:       MDK-ARM Plus  Version: 5.43.0.0
Toolchain Path:  C:\Users\Administrator\AppData\Local\Keil_v5\ARM\ARMCC\Bin
C Compiler:      Armcc.exe V5.06 update 7 (build 960)
Assembler:       Armasm.exe V5.06 update 7 (build 960)
Linker/Locator:  ArmLink.exe V5.06 update 7 (build 960)
Library Manager: ArmAr.exe V5.06 update 7 (build 960)
Hex Converter:   FromElf.exe V5.06 update 7 (build 960)
CPU DLL:         SARMCM3.DLL V5.43.0.0
Dialog DLL:      DCM.DLL V1.17.5.0
Target DLL:      UL2CM3.DLL V1.164.16.0
Dialog DLL:      TCM.DLL V1.56.6.0
 
<h2>Project:</h2>
D:\study\充电桩\freertos\链表\LIST.uvprojx
Project File Date:  12/04/2025

<h2>Output:</h2>
*** Using Compiler 'V5.06 update 7 (build 960)', folder: 'C:\Users\Administrator\AppData\Local\Keil_v5\ARM\ARMCC\Bin'
Build target 'SWM320'
compiling list.c...
compiling heap_4.c...
compiling timers.c...
compiling croutine.c...
compiling queue.c...
compiling tasks.c...
compiling SWM320_gpio.c...
compiling port.c...
compiling main.c...
compiling SWM320_i2c.c...
compiling SWM320_exti.c...
compiling SWM320_adc.c...
compiling SWM320_timr.c...
compiling SWM320_pwm.c...
compiling SWM320_wdt.c...
compiling SWM320_uart.c...
compiling SWM320_dma.c...
compiling SWM320_flash.c...
compiling SWM320_port.c...
compiling SWM320_crc.c...
assembling startup_SWM320.s...
compiling SWM320_can.c...
compiling SWM320_spi.c...
compiling SWM320_lcd.c...
compiling SWM320_rtc.c...
compiling system_SWM320.c...
compiling SWM320_sdio.c...
compiling listen_task.c...
compiling crtl_task.c...
compiling host_task.c...
compiling start_task.c...
linking...
Program Size: Code=13216 RO-data=488 RW-data=140 ZI-data=86220  
FromELF: creating hex file...
After Build - User command #1: fromelf --bin -o "D:\study\充电桩\freertos\链表\out\FreeRTOS.bin" "D:\study\充电桩\freertos\链表\out\FreeRTOS.axf"
".\out\FreeRTOS.axf" - 0 Error(s), 0 Warning(s).

<h2>Software Packages used:</h2>

Package Vendor: Synwit
                http://www.synwit.com/pack/Synwit.SWM32_DFP.1.8.4.pack
                Synwit::SWM32_DFP@1.8.4
                Synwit 32bit MCU Device Support

<h2>Collection of Component include folders:</h2>
  C:/Users/Administrator/AppData/Local/Arm/Packs/Synwit/SWM32_DFP/1.8.4/CSL/SWM320/CMSIS/DeviceSupport

<h2>Collection of Component Files used:</h2>
Build Time Elapsed:  00:00:01
</pre>
</body>
</html>
