Component: ARM Compiler 5.06 update 7 (build 960) Tool: armlink [4d3601]

==============================================================================

Section Cross References

    main.o(.text) refers to swm320_port.o(.text) for PORT_Init
    main.o(.text) refers to swm320_uart.o(.text) for UART_Init
    main.o(.text) refers to system_swm320.o(.text) for SystemInit
    main.o(.text) refers to printfa.o(i.__0printf) for __2printf
    main.o(.text) refers to start_task.o(.text) for staet_taks_create
    main.o(.text) refers to tasks.o(.text) for vTaskStartScheduler
    queue.o(.text) refers to port.o(.text) for vPortEnterCritical
    queue.o(.text) refers to list.o(.text) for vListInitialise
    queue.o(.text) refers to tasks.o(.text) for xTaskRemoveFromEventList
    queue.o(.text) refers to heap_4.o(.text) for pvPortMalloc
    queue.o(.text) refers to memcpya.o(.text) for __aeabi_memcpy
    tasks.o(.text) refers to list.o(.text) for vListInitialise
    tasks.o(.text) refers to port.o(.text) for vPortEnterCritical
    tasks.o(.text) refers to memseta.o(.text) for __aeabi_memset
    tasks.o(.text) refers to heap_4.o(.text) for pvPortMalloc
    tasks.o(.text) refers to tasks.o(.bss) for .bss
    tasks.o(.text) refers to tasks.o(.data) for .data
    port.o(.emb_text) refers to tasks.o(.text) for vTaskSwitchContext
    port.o(.emb_text) refers to tasks.o(.data) for pxCurrentTCB
    port.o(.text) refers to port.o(.emb_text) for __asm___6_port_c_39a90d8d__prvStartFirstTask
    port.o(.text) refers to tasks.o(.text) for xTaskIncrementTick
    port.o(.text) refers to port.o(.data) for .data
    heap_4.o(.text) refers to tasks.o(.text) for vTaskSuspendAll
    heap_4.o(.text) refers to heap_4.o(.data) for .data
    heap_4.o(.text) refers to heap_4.o(.bss) for .bss
    swm320_adc.o(.text) refers to system_swm320.o(.text) for PLLInit
    swm320_gpio.o(.text) refers to swm320_port.o(.text) for PORT_Init
    swm320_i2c.o(.text) refers to system_swm320.o(.data) for SystemCoreClock
    swm320_uart.o(.text) refers to system_swm320.o(.data) for SystemCoreClock
    swm320_flash.o(.text) refers to swm320_flash.o(.data) for .data
    swm320_can.o(.text) refers to system_swm320.o(.data) for SystemCoreClock
    swm320_rtc.o(.text) refers to memcpya.o(.text) for __aeabi_memcpy4
    swm320_rtc.o(.text) refers to swm320_rtc.o(.constdata) for .constdata
    swm320_sdio.o(.text) refers to system_swm320.o(.data) for SystemCoreClock
    swm320_sdio.o(.text) refers to swm320_sdio.o(.bss) for .bss
    system_swm320.o(.text) refers to swm320_flash.o(.text) for Flash_Param_at_xMHz
    system_swm320.o(.text) refers to system_swm320.o(.data) for .data
    startup_swm320.o(RESET) refers to startup_swm320.o(STACK) for __initial_sp
    startup_swm320.o(RESET) refers to startup_swm320.o(.text) for Reset_Handler
    startup_swm320.o(RESET) refers to port.o(.emb_text) for SVC_Handler
    startup_swm320.o(RESET) refers to port.o(.text) for SysTick_Handler
    startup_swm320.o(RESET) refers to fk_drvp_gpio_1.o(.text) for GPIOA_Handler
    startup_swm320.o(.text) refers to entry.o(.ARM.Collect$$$$00000000) for __main
    crtl_task.o(.text) refers to start_task.o(.text) for myprintf
    crtl_task.o(.text) refers to tasks.o(.text) for vTaskDelay
    crtl_task.o(.text) refers to crtl_task.o(.constdata) for .constdata
    crtl_task.o(.text) refers to crtl_task.o(.data) for .data
    listen_task.o(.text) refers to start_task.o(.text) for myprintf
    listen_task.o(.text) refers to tasks.o(.text) for vTaskDelay
    listen_task.o(.text) refers to listen_task.o(.constdata) for .constdata
    listen_task.o(.text) refers to listen_task.o(.data) for .data
    start_task.o(.text) refers to queue.o(.text) for xQueueGenericSend
    start_task.o(.text) refers to printfa.o(i.__0vsnprintf) for vsnprintf
    start_task.o(.text) refers to printfa.o(i.__0printf) for __2printf
    start_task.o(.text) refers to host_task.o(.text) for host_task_create
    start_task.o(.text) refers to listen_task.o(.text) for listen_task_create
    start_task.o(.text) refers to crtl_task.o(.text) for crtl_task_create
    start_task.o(.text) refers to list.o(.text) for vListInitialise
    start_task.o(.text) refers to tasks.o(.text) for vTaskDelay
    start_task.o(.text) refers to start_task.o(.data) for .data
    start_task.o(.text) refers to start_task.o(.constdata) for .constdata
    start_task.o(.text) refers to start_task.o(.bss) for .bss
    host_task.o(.text) refers to start_task.o(.text) for myprintf
    host_task.o(.text) refers to tasks.o(.text) for vTaskDelay
    host_task.o(.text) refers to host_task.o(.constdata) for .constdata
    host_task.o(.text) refers to host_task.o(.data) for .data
    fk_drv_gpio.o(.text) refers to fk_drvp_gpio_1.o(.data) for drvp_gpio
    fk_drv_gpio.o(.data) refers to fk_drv_gpio.o(.text) for set_mode
    fk_drv_gpio.o(.data) refers to fk_drv_gpio.o(.data) for do_drv_gpio
    fk_drvp_gpio_1.o(.text) refers to swm320_gpio.o(.text) for GPIO_Init
[...]
    printf2.o(i.__0snprintf$2) refers to printf2.o(i._snputc) for _snputc
    printf2.o(i.__0sprintf$2) refers to printf2.o(i._printf_core) for _printf_core
    printf2.o(i.__0sprintf$2) refers to printf2.o(i._sputc) for _sputc
    printf2.o(i.__0vfprintf$2) refers to printf2.o(i._printf_core) for _printf_core
    printf2.o(i.__0vfprintf$2) refers to main.o(.text) for fputc
    printf2.o(i.__0vprintf$2) refers to printf2.o(i._printf_core) for _printf_core
    printf2.o(i.__0vprintf$2) refers to main.o(.text) for fputc
    printf2.o(i.__0vprintf$2) refers to stdout.o(.data) for __stdout
    printf2.o(i.__0vsnprintf$2) refers to printf2.o(i._printf_core) for _printf_core
    printf2.o(i.__0vsnprintf$2) refers to printf2.o(i._snputc) for _snputc
    printf2.o(i.__0vsprintf$2) refers to printf2.o(i._printf_core) for _printf_core
    printf2.o(i.__0vsprintf$2) refers to printf2.o(i._sputc) for _sputc
    printf3.o(i.__0fprintf$3) refers to printf3.o(i._printf_core) for _printf_core
    printf3.o(i.__0fprintf$3) refers to main.o(.text) for fputc
    printf3.o(i.__0printf$3) refers to printf3.o(i._printf_core) for _printf_core
    printf3.o(i.__0printf$3) refers to main.o(.text) for fputc
    printf3.o(i.__0printf$3) refers to stdout.o(.data) for __stdout
    printf3.o(i.__0snprintf$3) refers to printf3.o(i._printf_core) for _printf_core
    printf3.o(i.__0snprintf$3) refers to printf3.o(i._snputc) for _snputc
    printf3.o(i.__0sprintf$3) refers to printf3.o(i._printf_core) for _printf_core
    printf3.o(i.__0sprintf$3) refers to printf3.o(i._sputc) for _sputc
    printf3.o(i.__0vfprintf$3) refers to printf3.o(i._printf_core) for _printf_core
    printf3.o(i.__0vfprintf$3) refers to main.o(.text) for fputc
    printf3.o(i.__0vprintf$3) refers to printf3.o(i._printf_core) for _printf_core
    printf3.o(i.__0vprintf$3) refers to main.o(.text) for fputc
    printf3.o(i.__0vprintf$3) refers to stdout.o(.data) for __stdout
    printf3.o(i.__0vsnprintf$3) refers to printf3.o(i._printf_core) for _printf_core
    printf3.o(i.__0vsnprintf$3) refers to printf3.o(i._snputc) for _snputc
    printf3.o(i.__0vsprintf$3) refers to printf3.o(i._printf_core) for _printf_core
    printf3.o(i.__0vsprintf$3) refers to printf3.o(i._sputc) for _sputc
    printf3.o(i._printf_core) refers to uidiv.o(.text) for __aeabi_uidivmod
    printf4.o(i.__0fprintf$4) refers to printf4.o(i._printf_core) for _printf_core
    printf4.o(i.__0fprintf$4) refers to main.o(.text) for fputc
    printf4.o(i.__0printf$4) refers to printf4.o(i._printf_core) for _printf_core
    printf4.o(i.__0printf$4) refers to main.o(.text) for fputc
    printf4.o(i.__0printf$4) refers to stdout.o(.data) for __stdout
    printf4.o(i.__0snprintf$4) refers to printf4.o(i._printf_core) for _printf_core
    printf4.o(i.__0snprintf$4) refers to printf4.o(i._snputc) for _snputc
    printf4.o(i.__0sprintf$4) refers to printf4.o(i._printf_core) for _printf_core
    printf4.o(i.__0sprintf$4) refers to printf4.o(i._sputc) for _sputc
    printf4.o(i.__0vfprintf$4) refers to printf4.o(i._printf_core) for _printf_core
    printf4.o(i.__0vfprintf$4) refers to main.o(.text) for fputc
    printf4.o(i.__0vprintf$4) refers to printf4.o(i._printf_core) for _printf_core
    printf4.o(i.__0vprintf$4) refers to main.o(.text) for fputc
    printf4.o(i.__0vprintf$4) refers to stdout.o(.data) for __stdout
    printf4.o(i.__0vsnprintf$4) refers to printf4.o(i._printf_core) for _printf_core
    printf4.o(i.__0vsnprintf$4) refers to printf4.o(i._snputc) for _snputc
    printf4.o(i.__0vsprintf$4) refers to printf4.o(i._printf_core) for _printf_core
    printf4.o(i.__0vsprintf$4) refers to printf4.o(i._sputc) for _sputc
    printf4.o(i._printf_core) refers to uldiv.o(.text) for __aeabi_uldivmod
    printf5.o(i.__0fprintf$5) refers to printf5.o(i._printf_core) for _printf_core
    printf5.o(i.__0fprintf$5) refers to main.o(.text) for fputc
    printf5.o(i.__0printf$5) refers to printf5.o(i._printf_core) for _printf_core
    printf5.o(i.__0printf$5) refers to main.o(.text) for fputc
    printf5.o(i.__0printf$5) refers to stdout.o(.data) for __stdout
    printf5.o(i.__0snprintf$5) refers to printf5.o(i._printf_core) for _printf_core
    printf5.o(i.__0snprintf$5) refers to printf5.o(i._snputc) for _snputc
    printf5.o(i.__0sprintf$5) refers to printf5.o(i._printf_core) for _printf_core
    printf5.o(i.__0sprintf$5) refers to printf5.o(i._sputc) for _sputc
    printf5.o(i.__0vfprintf$5) refers to printf5.o(i._printf_core) for _printf_core
    printf5.o(i.__0vfprintf$5) refers to main.o(.text) for fputc
    printf5.o(i.__0vprintf$5) refers to printf5.o(i._printf_core) for _printf_core
    printf5.o(i.__0vprintf$5) refers to main.o(.text) for fputc
    printf5.o(i.__0vprintf$5) refers to stdout.o(.data) for __stdout
    printf5.o(i.__0vsnprintf$5) refers to printf5.o(i._printf_core) for _printf_core
    printf5.o(i.__0vsnprintf$5) refers to printf5.o(i._snputc) for _snputc
    printf5.o(i.__0vsprintf$5) refers to printf5.o(i._printf_core) for _printf_core
    printf5.o(i.__0vsprintf$5) refers to printf5.o(i._sputc) for _sputc
    printf5.o(i._printf_core) refers to uldiv.o(.text) for __aeabi_uldivmod
    printf6.o(i.__0fprintf$6) refers to printf6.o(i._printf_core) for _printf_core
    printf6.o(i.__0fprintf$6) refers to main.o(.text) for fputc
    printf6.o(i.__0printf$6) refers to printf6.o(i._printf_core) for _printf_core
    printf6.o(i.__0printf$6) refers to main.o(.text) for fputc
    printf6.o(i.__0printf$6) refers to stdout.o(.data) for __stdout
    printf6.o(i.__0snprintf$6) refers to printf6.o(i._printf_core) for _printf_core
    printf6.o(i.__0snprintf$6) refers to printf6.o(i._snputc) for _snputc
    printf6.o(i.__0sprintf$6) refers to printf6.o(i._printf_core) for _printf_core
    printf6.o(i.__0sprintf$6) refers to printf6.o(i._sputc) for _sputc
    printf6.o(i.__0vfprintf$6) refers to printf6.o(i._printf_core) for _printf_core
    printf6.o(i.__0vfprintf$6) refers to main.o(.text) for fputc
    printf6.o(i.__0vprintf$6) refers to printf6.o(i._printf_core) for _printf_core
    printf6.o(i.__0vprintf$6) refers to main.o(.text) for fputc
    printf6.o(i.__0vprintf$6) refers to stdout.o(.data) for __stdout
    printf6.o(i.__0vsnprintf$6) refers to printf6.o(i._printf_core) for _printf_core
    printf6.o(i.__0vsnprintf$6) refers to printf6.o(i._snputc) for _snputc
    printf6.o(i.__0vsprintf$6) refers to printf6.o(i._printf_core) for _printf_core
    printf6.o(i.__0vsprintf$6) refers to printf6.o(i._sputc) for _sputc
    printf6.o(i._printf_core) refers to printf6.o(i._printf_pre_padding) for _printf_pre_padding
    printf6.o(i._printf_core) refers to uidiv.o(.text) for __aeabi_uidivmod
    printf6.o(i._printf_core) refers to printf6.o(i._printf_post_padding) for _printf_post_padding
    printf7.o(i.__0fprintf$7) refers to printf7.o(i._printf_core) for _printf_core
    printf7.o(i.__0fprintf$7) refers to main.o(.text) for fputc
    printf7.o(i.__0printf$7) refers to printf7.o(i._printf_core) for _printf_core
    printf7.o(i.__0printf$7) refers to main.o(.text) for fputc
    printf7.o(i.__0printf$7) refers to stdout.o(.data) for __stdout
    printf7.o(i.__0snprintf$7) refers to printf7.o(i._printf_core) for _printf_core
    printf7.o(i.__0snprintf$7) refers to printf7.o(i._snputc) for _snputc
    printf7.o(i.__0sprintf$7) refers to printf7.o(i._printf_core) for _printf_core
    printf7.o(i.__0sprintf$7) refers to printf7.o(i._sputc) for _sputc
    printf7.o(i.__0vfprintf$7) refers to printf7.o(i._printf_core) for _printf_core
    printf7.o(i.__0vfprintf$7) refers to main.o(.text) for fputc
    printf7.o(i.__0vprintf$7) refers to printf7.o(i._printf_core) for _printf_core
    printf7.o(i.__0vprintf$7) refers to main.o(.text) for fputc
    printf7.o(i.__0vprintf$7) refers to stdout.o(.data) for __stdout
    printf7.o(i.__0vsnprintf$7) refers to printf7.o(i._printf_core) for _printf_core
    printf7.o(i.__0vsnprintf$7) refers to printf7.o(i._snputc) for _snputc
    printf7.o(i.__0vsprintf$7) refers to printf7.o(i._printf_core) for _printf_core
    printf7.o(i.__0vsprintf$7) refers to printf7.o(i._sputc) for _sputc
    printf7.o(i._printf_core) refers to printf7.o(i._printf_pre_padding) for _printf_pre_padding
    printf7.o(i._printf_core) refers to uldiv.o(.text) for __aeabi_uldivmod
    printf7.o(i._printf_core) refers to printf7.o(i._printf_post_padding) for _printf_post_padding
    printf8.o(i.__0fprintf$8) refers to printf8.o(i._printf_core) for _printf_core
    printf8.o(i.__0fprintf$8) refers to main.o(.text) for fputc
    printf8.o(i.__0printf$8) refers to printf8.o(i._printf_core) for _printf_core
    printf8.o(i.__0printf$8) refers to main.o(.text) for fputc
    printf8.o(i.__0printf$8) refers to stdout.o(.data) for __stdout
    printf8.o(i.__0snprintf$8) refers to printf8.o(i._printf_core) for _printf_core
    printf8.o(i.__0snprintf$8) refers to printf8.o(i._snputc) for _snputc
    printf8.o(i.__0sprintf$8) refers to printf8.o(i._printf_core) for _printf_core
    printf8.o(i.__0sprintf$8) refers to printf8.o(i._sputc) for _sputc
    printf8.o(i.__0vfprintf$8) refers to printf8.o(i._printf_core) for _printf_core
    printf8.o(i.__0vfprintf$8) refers to main.o(.text) for fputc
    printf8.o(i.__0vprintf$8) refers to printf8.o(i._printf_core) for _printf_core
    printf8.o(i.__0vprintf$8) refers to main.o(.text) for fputc
    printf8.o(i.__0vprintf$8) refers to stdout.o(.data) for __stdout
    printf8.o(i.__0vsnprintf$8) refers to printf8.o(i._printf_core) for _printf_core
    printf8.o(i.__0vsnprintf$8) refers to printf8.o(i._snputc) for _snputc
    printf8.o(i.__0vsprintf$8) refers to printf8.o(i._printf_core) for _printf_core
    printf8.o(i.__0vsprintf$8) refers to printf8.o(i._sputc) for _sputc
    printf8.o(i._printf_core) refers to printf8.o(i._printf_pre_padding) for _printf_pre_padding
    printf8.o(i._printf_core) refers to uldiv.o(.text) for __aeabi_uldivmod
    printf8.o(i._printf_core) refers to printf8.o(i._printf_post_padding) for _printf_post_padding
    printfa.o(i.__0fprintf) refers (Special) to iusefp.o(.text) for __I$use$fp
    printfa.o(i.__0fprintf) refers to printfa.o(i._printf_core) for _printf_core
    printfa.o(i.__0fprintf) refers to main.o(.text) for fputc
    printfa.o(i.__0printf) refers (Special) to iusefp.o(.text) for __I$use$fp
    printfa.o(i.__0printf) refers to printfa.o(i._printf_core) for _printf_core
    printfa.o(i.__0printf) refers to main.o(.text) for fputc
    printfa.o(i.__0printf) refers to stdout.o(.data) for __stdout
    printfa.o(i.__0snprintf) refers (Special) to iusefp.o(.text) for __I$use$fp
    printfa.o(i.__0snprintf) refers to printfa.o(i._printf_core) for _printf_core
    printfa.o(i.__0snprintf) refers to printfa.o(i._snputc) for _snputc
    printfa.o(i.__0sprintf) refers (Special) to iusefp.o(.text) for __I$use$fp
    printfa.o(i.__0sprintf) refers to printfa.o(i._printf_core) for _printf_core
    printfa.o(i.__0sprintf) refers to printfa.o(i._sputc) for _sputc
    printfa.o(i.__0vfprintf) refers (Special) to iusefp.o(.text) for __I$use$fp
    printfa.o(i.__0vfprintf) refers to printfa.o(i._printf_core) for _printf_core
    printfa.o(i.__0vfprintf) refers to main.o(.text) for fputc
    printfa.o(i.__0vprintf) refers (Special) to iusefp.o(.text) for __I$use$fp
    printfa.o(i.__0vprintf) refers to printfa.o(i._printf_core) for _printf_core
    printfa.o(i.__0vprintf) refers to main.o(.text) for fputc
    printfa.o(i.__0vprintf) refers to stdout.o(.data) for __stdout
    printfa.o(i.__0vsnprintf) refers (Special) to iusefp.o(.text) for __I$use$fp
    printfa.o(i.__0vsnprintf) refers to printfa.o(i._printf_core) for _printf_core
    printfa.o(i.__0vsnprintf) refers to printfa.o(i._snputc) for _snputc
    printfa.o(i.__0vsprintf) refers (Special) to iusefp.o(.text) for __I$use$fp
    printfa.o(i.__0vsprintf) refers to printfa.o(i._printf_core) for _printf_core
    printfa.o(i.__0vsprintf) refers to printfa.o(i._sputc) for _sputc
    printfa.o(i._fp_digits) refers (Special) to iusefp.o(.text) for __I$use$fp
    printfa.o(i._fp_digits) refers to dmul.o(.text) for __aeabi_dmul
    printfa.o(i._fp_digits) refers to ddiv.o(.text) for __aeabi_ddiv
    printfa.o(i._fp_digits) refers to cdrcmple.o(.text) for __aeabi_cdrcmple
    printfa.o(i._fp_digits) refers to dadd.o(.text) for __aeabi_dadd
    printfa.o(i._fp_digits) refers to dfixul.o(.text) for __aeabi_d2ulz
    printfa.o(i._fp_digits) refers to uldiv.o(.text) for __aeabi_uldivmod
    printfa.o(i._printf_core) refers (Special) to iusefp.o(.text) for __I$use$fp
    printfa.o(i._printf_core) refers to printfa.o(i._printf_pre_padding) for _printf_pre_padding
    printfa.o(i._printf_core) refers to uldiv.o(.text) for __aeabi_uldivmod
    printfa.o(i._printf_core) refers to printfa.o(i._printf_post_padding) for _printf_post_padding
    printfa.o(i._printf_core) refers to printfa.o(i._fp_digits) for _fp_digits
    printfa.o(i._printf_core) refers to uidiv.o(.text) for __aeabi_uidivmod
    printfa.o(i._printf_post_padding) refers (Special) to iusefp.o(.text) for __I$use$fp
    printfa.o(i._printf_pre_padding) refers (Special) to iusefp.o(.text) for __I$use$fp
    printfa.o(i._snputc) refers (Special) to iusefp.o(.text) for __I$use$fp
    printfa.o(i._sputc) refers (Special) to iusefp.o(.text) for __I$use$fp
    entry2.o(.ARM.Collect$$$$00000001) refers to entry2.o(.ARM.Collect$$$$00002712) for __lit__00000000
    entry2.o(.ARM.Collect$$$$00002712) refers to startup_swm320.o(STACK) for __initial_sp
    entry2.o(__vectab_stack_and_reset_area) refers to startup_swm320.o(STACK) for __initial_sp
    entry2.o(__vectab_stack_and_reset_area) refers to entry.o(.ARM.Collect$$$$00000000) for __main
    entry5.o(.ARM.Collect$$$$00000004) refers to init.o(.text) for __scatterload
    entry9a.o(.ARM.Collect$$$$0000000B) refers to main.o(.text) for main
    entry9b.o(.ARM.Collect$$$$0000000C) refers to main.o(.text) for main
    uldiv.o(.text) refers to llushr.o(.text) for __aeabi_llsr
    uldiv.o(.text) refers to llshl.o(.text) for __aeabi_llsl
    dadd.o(.text) refers to llshl.o(.text) for __aeabi_llsl
    dadd.o(.text) refers to llsshr.o(.text) for __aeabi_lasr
    dadd.o(.text) refers to depilogue.o(.text) for _double_epilogue
    dmul.o(.text) refers to depilogue.o(.text) for _double_epilogue
    ddiv.o(.text) refers to depilogue.o(.text) for _double_round
    dfixul.o(.text) refers to llushr.o(.text) for __aeabi_llsr
    dfixul.o(.text) refers to llshl.o(.text) for __aeabi_llsl
    init.o(.text) refers to entry5.o(.ARM.Collect$$$$00000004) for __main_after_scatterload
    depilogue.o(.text) refers to llshl.o(.text) for __aeabi_llsl
    depilogue.o(.text) refers to llushr.o(.text) for __aeabi_llsr


==============================================================================

Removing Unused input sections from the image.

    Removing main.o(.rev16_text), (4 bytes).
    Removing main.o(.revsh_text), (4 bytes).
    Removing main.o(.rrx_text), (6 bytes).
    Removing swm320_adc.o(.rev16_text), (4 bytes).
    Removing swm320_adc.o(.revsh_text), (4 bytes).
    Removing swm320_adc.o(.rrx_text), (6 bytes).
    Removing swm320_adc.o(.text), (1384 bytes).
    Removing swm320_exti.o(.rev16_text), (4 bytes).
    Removing swm320_exti.o(.revsh_text), (4 bytes).
    Removing swm320_exti.o(.rrx_text), (6 bytes).
    Removing swm320_gpio.o(.rev16_text), (4 bytes).
    Removing swm320_gpio.o(.revsh_text), (4 bytes).
    Removing swm320_gpio.o(.rrx_text), (6 bytes).
    Removing swm320_i2c.o(.rev16_text), (4 bytes).
    Removing swm320_i2c.o(.revsh_text), (4 bytes).
    Removing swm320_i2c.o(.rrx_text), (6 bytes).
    Removing swm320_i2c.o(.text), (580 bytes).
    Removing swm320_pwm.o(.rev16_text), (4 bytes).
    Removing swm320_pwm.o(.revsh_text), (4 bytes).
    Removing swm320_pwm.o(.rrx_text), (6 bytes).
    Removing swm320_pwm.o(.text), (2278 bytes).
    Removing swm320_timr.o(.rev16_text), (4 bytes).
    Removing swm320_timr.o(.revsh_text), (4 bytes).
    Removing swm320_timr.o(.rrx_text), (6 bytes).
    Removing swm320_timr.o(.text), (996 bytes).
    Removing swm320_uart.o(.rev16_text), (4 bytes).
    Removing swm320_uart.o(.revsh_text), (4 bytes).
    Removing swm320_uart.o(.rrx_text), (6 bytes).
    Removing swm320_wdt.o(.rev16_text), (4 bytes).
    Removing swm320_wdt.o(.revsh_text), (4 bytes).
    Removing swm320_wdt.o(.rrx_text), (6 bytes).
    Removing swm320_wdt.o(.text), (108 bytes).
    Removing swm320_dma.o(.rev16_text), (4 bytes).
    Removing swm320_dma.o(.revsh_text), (4 bytes).
    Removing swm320_dma.o(.rrx_text), (6 bytes).
    Removing swm320_dma.o(.text), (196 bytes).
    Removing swm320_flash.o(.rev16_text), (4 bytes).
    Removing swm320_flash.o(.revsh_text), (4 bytes).
    Removing swm320_flash.o(.rrx_text), (6 bytes).
    Removing swm320_port.o(.rev16_text), (4 bytes).
    Removing swm320_port.o(.revsh_text), (4 bytes).
    Removing swm320_port.o(.rrx_text), (6 bytes).
    Removing swm320_spi.o(.rev16_text), (4 bytes).
    Removing swm320_spi.o(.revsh_text), (4 bytes).
    Removing swm320_spi.o(.rrx_text), (6 bytes).
    Removing swm320_spi.o(.text), (376 bytes).
    Removing swm320_can.o(.rev16_text), (4 bytes).
    Removing swm320_can.o(.revsh_text), (4 bytes).
    Removing swm320_can.o(.rrx_text), (6 bytes).
    Removing swm320_can.o(.text), (740 bytes).
    Removing swm320_crc.o(.rev16_text), (4 bytes).
    Removing swm320_crc.o(.revsh_text), (4 bytes).
    Removing swm320_crc.o(.rrx_text), (6 bytes).
    Removing swm320_crc.o(.text), (44 bytes).
    Removing swm320_lcd.o(.rev16_text), (4 bytes).
    Removing swm320_lcd.o(.revsh_text), (4 bytes).
    Removing swm320_lcd.o(.rrx_text), (6 bytes).
    Removing swm320_lcd.o(.text), (188 bytes).
    Removing swm320_rtc.o(.rev16_text), (4 bytes).
    Removing swm320_rtc.o(.revsh_text), (4 bytes).
    Removing swm320_rtc.o(.rrx_text), (6 bytes).
    Removing swm320_rtc.o(.text), (496 bytes).
    Removing swm320_rtc.o(.constdata), (52 bytes).
    Removing swm320_sdio.o(.rev16_text), (4 bytes).
    Removing swm320_sdio.o(.revsh_text), (4 bytes).
    Removing swm320_sdio.o(.rrx_text), (6 bytes).
    Removing swm320_sdio.o(.text), (2044 bytes).
    Removing swm320_sdio.o(.bss), (80 bytes).
    Removing system_swm320.o(.rev16_text), (4 bytes).
    Removing system_swm320.o(.revsh_text), (4 bytes).
    Removing system_swm320.o(.rrx_text), (6 bytes).
    Removing startup_swm320.o(HEAP), (0 bytes).
    Removing crtl_task.o(.rev16_text), (4 bytes).
    Removing crtl_task.o(.revsh_text), (4 bytes).
    Removing crtl_task.o(.rrx_text), (6 bytes).
    Removing listen_task.o(.rev16_text), (4 bytes).
    Removing listen_task.o(.revsh_text), (4 bytes).
    Removing listen_task.o(.rrx_text), (6 bytes).
    Removing start_task.o(.rev16_text), (4 bytes).
    Removing start_task.o(.revsh_text), (4 bytes).
    Removing start_task.o(.rrx_text), (6 bytes).
    Removing host_task.o(.rev16_text), (4 bytes).
    Removing host_task.o(.revsh_text), (4 bytes).
    Removing host_task.o(.rrx_text), (6 bytes).
    Removing fk_drv_gpio.o(.rev16_text), (4 bytes).
    Removing fk_drv_gpio.o(.revsh_text), (4 bytes).
    Removing fk_drv_gpio.o(.rrx_text), (6 bytes).
    Removing fk_drv_gpio.o(.text), (60 bytes).
    Removing fk_drv_gpio.o(.data), (24 bytes).
    Removing fk_drv_gpio.o(.data), (4 bytes).
    Removing fk_drvp_gpio_1.o(.rev16_text), (4 bytes).
    Removing fk_drvp_gpio_1.o(.revsh_text), (4 bytes).
    Removing fk_drvp_gpio_1.o(.rrx_text), (6 bytes).
    Removing fk_drvp_gpio_1.o(.data), (24 bytes).
    Removing fk_drvp_gpio_1.o(.data), (4 bytes).

95 unused section(s) (total 10028 bytes) removed from the image.

==============================================================================

Image Symbol Table

    Local Symbols

    Symbol Name                              Value     Ov Type        Size  Object(Section)

    RESET                                    0x00000000   Section      328  startup_swm320.o(RESET)
    ../clib/../cmprslib/zerorunl2.c          0x00000000   Number         0  __dczerorl2.o ABSOLUTE
    ../clib/microlib/division.c              0x00000000   Number         0  uidiv.o ABSOLUTE
    ../clib/microlib/division.c              0x00000000   Number         0  uldiv.o ABSOLUTE
    ../clib/microlib/init/entry.s            0x00000000   Number         0  entry9b.o ABSOLUTE
    ../clib/microlib/init/entry.s            0x00000000   Number         0  entry.o ABSOLUTE
    ../clib/microlib/init/entry.s            0x00000000   Number         0  entry9a.o ABSOLUTE
    ../clib/microlib/init/entry.s            0x00000000   Number         0  entry8b.o ABSOLUTE
    ../clib/microlib/init/entry.s            0x00000000   Number         0  entry8a.o ABSOLUTE
    ../clib/microlib/init/entry.s            0x00000000   Number         0  entry7b.o ABSOLUTE
    ../clib/microlib/init/entry.s            0x00000000   Number         0  entry2.o ABSOLUTE
    ../clib/microlib/init/entry.s            0x00000000   Number         0  entry7a.o ABSOLUTE
    ../clib/microlib/init/entry.s            0x00000000   Number         0  entry10a.o ABSOLUTE
    ../clib/microlib/init/entry.s            0x00000000   Number         0  entry5.o ABSOLUTE
    ../clib/microlib/init/entry.s            0x00000000   Number         0  entry10b.o ABSOLUTE
    ../clib/microlib/init/entry.s            0x00000000   Number         0  entry11a.o ABSOLUTE
    ../clib/microlib/init/entry.s            0x00000000   Number         0  entry11b.o ABSOLUTE
    ../clib/microlib/init/entry.s            0x00000000   Number         0  entry12a.o ABSOLUTE
    ../clib/microlib/init/entry.s            0x00000000   Number         0  entry12b.o ABSOLUTE
    ../clib/microlib/longlong.c              0x00000000   Number         0  llshl.o ABSOLUTE
    ../clib/microlib/longlong.c              0x00000000   Number         0  llushr.o ABSOLUTE
    ../clib/microlib/longlong.c              0x00000000   Number         0  llsshr.o ABSOLUTE
    ../clib/microlib/printf/printf.c         0x00000000   Number         0  printfa.o ABSOLUTE
    ../clib/microlib/printf/printf.c         0x00000000   Number         0  printf8.o ABSOLUTE
    ../clib/microlib/printf/printf.c         0x00000000   Number         0  printf1.o ABSOLUTE
    ../clib/microlib/printf/printf.c         0x00000000   Number         0  printf7.o ABSOLUTE
    ../clib/microlib/printf/printf.c         0x00000000   Number         0  printf6.o ABSOLUTE
    ../clib/microlib/printf/printf.c         0x00000000   Number         0  printf4.o ABSOLUTE
    ../clib/microlib/printf/printf.c         0x00000000   Number         0  printf3.o ABSOLUTE
    ../clib/microlib/printf/printf.c         0x00000000   Number         0  printf2.o ABSOLUTE
    ../clib/microlib/printf/printf.c         0x00000000   Number         0  printf0.o ABSOLUTE
    ../clib/microlib/printf/printf.c         0x00000000   Number         0  printfb.o ABSOLUTE
    ../clib/microlib/printf/printf.c         0x00000000   Number         0  printf5.o ABSOLUTE
    ../clib/microlib/printf/stubs.s          0x00000000   Number         0  stubs.o ABSOLUTE
    ../clib/microlib/stdio/streams.c         0x00000000   Number         0  stdout.o ABSOLUTE
    ../clib/microlib/string/memcpy.c         0x00000000   Number         0  memcpya.o ABSOLUTE
    ../clib/microlib/string/memcpy.c         0x00000000   Number         0  memcpyb.o ABSOLUTE
    ../clib/microlib/string/memset.c         0x00000000   Number         0  memseta.o ABSOLUTE
    ../clib/microlib/stubs.s                 0x00000000   Number         0  iusefp.o ABSOLUTE
    ../fplib/microlib/fpadd.c                0x00000000   Number         0  dadd.o ABSOLUTE
    ../fplib/microlib/fpdiv.c                0x00000000   Number         0  ddiv.o ABSOLUTE
    ../fplib/microlib/fpepilogue.c           0x00000000   Number         0  depilogue.o ABSOLUTE
    ../fplib/microlib/fpfix.c                0x00000000   Number         0  dfixul.o ABSOLUTE
    ../fplib/microlib/fpmul.c                0x00000000   Number         0  dmul.o ABSOLUTE
    ..\..\SWM320_StdPeriph_Driver\CSL\CMSIS\DeviceSupport\startup\arm\startup_SWM320.s 0x00000000   Number         0  startup_swm320.o ABSOLUTE
    ..\..\SWM320_StdPeriph_Driver\CSL\CMSIS\DeviceSupport\system_SWM320.c 0x00000000   Number         0  system_swm320.o ABSOLUTE
    ..\..\SWM320_StdPeriph_Driver\CSL\SWM320_StdPeriph_Driver\SWM320_adc.c 0x00000000   Number         0  swm320_adc.o ABSOLUTE
    ..\..\SWM320_StdPeriph_Driver\CSL\SWM320_StdPeriph_Driver\SWM320_can.c 0x00000000   Number         0  swm320_can.o ABSOLUTE
    ..\..\SWM320_StdPeriph_Driver\CSL\SWM320_StdPeriph_Driver\SWM320_crc.c 0x00000000   Number         0  swm320_crc.o ABSOLUTE
    ..\..\SWM320_StdPeriph_Driver\CSL\SWM320_StdPeriph_Driver\SWM320_dma.c 0x00000000   Number         0  swm320_dma.o ABSOLUTE
    ..\..\SWM320_StdPeriph_Driver\CSL\SWM320_StdPeriph_Driver\SWM320_exti.c 0x00000000   Number         0  swm320_exti.o ABSOLUTE
    ..\..\SWM320_StdPeriph_Driver\CSL\SWM320_StdPeriph_Driver\SWM320_flash.c 0x00000000   Number         0  swm320_flash.o ABSOLUTE
    ..\..\SWM320_StdPeriph_Driver\CSL\SWM320_StdPeriph_Driver\SWM320_gpio.c 0x00000000   Number         0  swm320_gpio.o ABSOLUTE
    ..\..\SWM320_StdPeriph_Driver\CSL\SWM320_StdPeriph_Driver\SWM320_i2c.c 0x00000000   Number         0  swm320_i2c.o ABSOLUTE
    ..\..\SWM320_StdPeriph_Driver\CSL\SWM320_StdPeriph_Driver\SWM320_lcd.c 0x00000000   Number         0  swm320_lcd.o ABSOLUTE
    ..\..\SWM320_StdPeriph_Driver\CSL\SWM320_StdPeriph_Driver\SWM320_port.c 0x00000000   Number         0  swm320_port.o ABSOLUTE
    ..\..\SWM320_StdPeriph_Driver\CSL\SWM320_StdPeriph_Driver\SWM320_pwm.c 0x00000000   Number         0  swm320_pwm.o ABSOLUTE
    ..\..\SWM320_StdPeriph_Driver\CSL\SWM320_StdPeriph_Driver\SWM320_rtc.c 0x00000000   Number         0  swm320_rtc.o ABSOLUTE
    ..\..\SWM320_StdPeriph_Driver\CSL\SWM320_StdPeriph_Driver\SWM320_sdio.c 0x00000000   Number         0  swm320_sdio.o ABSOLUTE
    ..\..\SWM320_StdPeriph_Driver\CSL\SWM320_StdPeriph_Driver\SWM320_spi.c 0x00000000   Number         0  swm320_spi.o ABSOLUTE
    ..\..\SWM320_StdPeriph_Driver\CSL\SWM320_StdPeriph_Driver\SWM320_timr.c 0x00000000   Number         0  swm320_timr.o ABSOLUTE
    ..\..\SWM320_StdPeriph_Driver\CSL\SWM320_StdPeriph_Driver\SWM320_uart.c 0x00000000   Number         0  swm320_uart.o ABSOLUTE
    ..\..\SWM320_StdPeriph_Driver\CSL\SWM320_StdPeriph_Driver\SWM320_wdt.c 0x00000000   Number         0  swm320_wdt.o ABSOLUTE
    ..\\..\\SWM320_StdPeriph_Driver\\CSL\\CMSIS\\DeviceSupport\\system_SWM320.c 0x00000000   Number         0  system_swm320.o ABSOLUTE
    ..\\..\\SWM320_StdPeriph_Driver\\CSL\\SWM320_StdPeriph_Driver\\SWM320_adc.c 0x00000000   Number         0  swm320_adc.o ABSOLUTE
    ..\\..\\SWM320_StdPeriph_Driver\\CSL\\SWM320_StdPeriph_Driver\\SWM320_can.c 0x00000000   Number         0  swm320_can.o ABSOLUTE
    ..\\..\\SWM320_StdPeriph_Driver\\CSL\\SWM320_StdPeriph_Driver\\SWM320_crc.c 0x00000000   Number         0  swm320_crc.o ABSOLUTE
    ..\\..\\SWM320_StdPeriph_Driver\\CSL\\SWM320_StdPeriph_Driver\\SWM320_dma.c 0x00000000   Number         0  swm320_dma.o ABSOLUTE
    ..\\..\\SWM320_StdPeriph_Driver\\CSL\\SWM320_StdPeriph_Driver\\SWM320_exti.c 0x00000000   Number         0  swm320_exti.o ABSOLUTE
    ..\\..\\SWM320_StdPeriph_Driver\\CSL\\SWM320_StdPeriph_Driver\\SWM320_flash.c 0x00000000   Number         0  swm320_flash.o ABSOLUTE
    ..\\..\\SWM320_StdPeriph_Driver\\CSL\\SWM320_StdPeriph_Driver\\SWM320_gpio.c 0x00000000   Number         0  swm320_gpio.o ABSOLUTE
    ..\\..\\SWM320_StdPeriph_Driver\\CSL\\SWM320_StdPeriph_Driver\\SWM320_i2c.c 0x00000000   Number         0  swm320_i2c.o ABSOLUTE
    ..\\..\\SWM320_StdPeriph_Driver\\CSL\\SWM320_StdPeriph_Driver\\SWM320_lcd.c 0x00000000   Number         0  swm320_lcd.o ABSOLUTE
    ..\\..\\SWM320_StdPeriph_Driver\\CSL\\SWM320_StdPeriph_Driver\\SWM320_port.c 0x00000000   Number         0  swm320_port.o ABSOLUTE
    ..\\..\\SWM320_StdPeriph_Driver\\CSL\\SWM320_StdPeriph_Driver\\SWM320_pwm.c 0x00000000   Number         0  swm320_pwm.o ABSOLUTE
    ..\\..\\SWM320_StdPeriph_Driver\\CSL\\SWM320_StdPeriph_Driver\\SWM320_rtc.c 0x00000000   Number         0  swm320_rtc.o ABSOLUTE
    ..\\..\\SWM320_StdPeriph_Driver\\CSL\\SWM320_StdPeriph_Driver\\SWM320_sdio.c 0x00000000   Number         0  swm320_sdio.o ABSOLUTE
    ..\\..\\SWM320_StdPeriph_Driver\\CSL\\SWM320_StdPeriph_Driver\\SWM320_spi.c 0x00000000   Number         0  swm320_spi.o ABSOLUTE
    ..\\..\\SWM320_StdPeriph_Driver\\CSL\\SWM320_StdPeriph_Driver\\SWM320_timr.c 0x00000000   Number         0  swm320_timr.o ABSOLUTE
    ..\\..\\SWM320_StdPeriph_Driver\\CSL\\SWM320_StdPeriph_Driver\\SWM320_uart.c 0x00000000   Number         0  swm320_uart.o ABSOLUTE
    ..\\..\\SWM320_StdPeriph_Driver\\CSL\\SWM320_StdPeriph_Driver\\SWM320_wdt.c 0x00000000   Number         0  swm320_wdt.o ABSOLUTE
    APP\FreeRTOS\croutine.c                  0x00000000   Number         0  croutine.o ABSOLUTE
    APP\FreeRTOS\list.c                      0x00000000   Number         0  list.o ABSOLUTE
    APP\FreeRTOS\portable\MemMang\heap_4.c   0x00000000   Number         0  heap_4.o ABSOLUTE
    APP\FreeRTOS\portable\RVDS\ARM_CM3\port.c 0x00000000   Number         0  port.o ABSOLUTE
    APP\FreeRTOS\queue.c                     0x00000000   Number         0  queue.o ABSOLUTE
    APP\FreeRTOS\tasks.c                     0x00000000   Number         0  tasks.o ABSOLUTE
    APP\FreeRTOS\timers.c                    0x00000000   Number         0  timers.o ABSOLUTE
    APP\\FreeRTOS\\portable\\RVDS\\ARM_CM3\\port.c 0x00000000   Number         0  port.o ABSOLUTE
    APP\\task\\crtl_task.c                   0x00000000   Number         0  crtl_task.o ABSOLUTE
    APP\\task\\host_task.c                   0x00000000   Number         0  host_task.o ABSOLUTE
    APP\\task\\listen_task.c                 0x00000000   Number         0  listen_task.o ABSOLUTE
    APP\\task\\start_task.c                  0x00000000   Number         0  start_task.o ABSOLUTE
    APP\task\crtl_task.c                     0x00000000   Number         0  crtl_task.o ABSOLUTE
    APP\task\host_task.c                     0x00000000   Number         0  host_task.o ABSOLUTE
    APP\task\listen_task.c                   0x00000000   Number         0  listen_task.o ABSOLUTE
    APP\task\start_task.c                    0x00000000   Number         0  start_task.o ABSOLUTE
    app\\main.c                              0x00000000   Number         0  main.o ABSOLUTE
    app\main.c                               0x00000000   Number         0  main.o ABSOLUTE
    cdrcmple.s                               0x00000000   Number         0  cdrcmple.o ABSOLUTE
    dc.s                                     0x00000000   Number         0  dc.o ABSOLUTE
    framework\\driver\\fk_drv_gpio.c         0x00000000   Number         0  fk_drv_gpio.o ABSOLUTE
    framework\\driver_port\\fk_drvp_gpio.c   0x00000000   Number         0  fk_drvp_gpio_1.o ABSOLUTE
    framework\driver\fk_drv_gpio.c           0x00000000   Number         0  fk_drv_gpio.o ABSOLUTE
    framework\driver_port\fk_drvp_gpio.c     0x00000000   Number         0  fk_drvp_gpio_1.o ABSOLUTE
    handlers.s                               0x00000000   Number         0  handlers.o ABSOLUTE
    init.s                                   0x00000000   Number         0  init.o ABSOLUTE
    .ARM.Collect$$$$00000000                 0x00000148   Section        0  entry.o(.ARM.Collect$$$$00000000)
    .ARM.Collect$$$$00000001                 0x00000148   Section        4  entry2.o(.ARM.Collect$$$$00000001)
    .ARM.Collect$$$$00000004                 0x0000014c   Section        4  entry5.o(.ARM.Collect$$$$00000004)
    .ARM.Collect$$$$00000008                 0x00000150   Section        0  entry7b.o(.ARM.Collect$$$$00000008)
    .ARM.Collect$$$$0000000A                 0x00000150   Section        0  entry8b.o(.ARM.Collect$$$$0000000A)
    .ARM.Collect$$$$0000000B                 0x00000150   Section        8  entry9a.o(.ARM.Collect$$$$0000000B)
    .ARM.Collect$$$$0000000E                 0x00000158   Section        4  entry12b.o(.ARM.Collect$$$$0000000E)
    .ARM.Collect$$$$0000000F                 0x0000015c   Section        0  entry10a.o(.ARM.Collect$$$$0000000F)
    .ARM.Collect$$$$00000011                 0x0000015c   Section        0  entry11a.o(.ARM.Collect$$$$00000011)
    .ARM.Collect$$$$00002712                 0x0000015c   Section        4  entry2.o(.ARM.Collect$$$$00002712)
    __lit__00000000                          0x0000015c   Data           4  entry2.o(.ARM.Collect$$$$00002712)
    .emb_text                                0x00000160   Section      150  port.o(.emb_text)
    .text                                    0x000001f8   Section        0  main.o(.text)
    .text                                    0x00000284   Section        0  list.o(.text)
    .text                                    0x0000030c   Section        0  queue.o(.text)
    prvInitialiseNewQueue                    0x0000037f   Thumb Code    22  queue.o(.text)
    prvUnlockQueue                           0x000003c7   Thumb Code   106  queue.o(.text)
    prvIsQueueFull                           0x00000431   Thumb Code    30  queue.o(.text)
    prvCopyDataToQueue                       0x0000044f   Thumb Code   110  queue.o(.text)
    prvInitialiseMutex                       0x000005b1   Thumb Code    22  queue.o(.text)
    prvIsQueueEmpty                          0x00000699   Thumb Code    26  queue.o(.text)
    prvCopyDataFromQueue                     0x000006b3   Thumb Code    40  queue.o(.text)
    .text                                    0x000008fc   Section        0  tasks.o(.text)
    prvInitialiseTaskLists                   0x000008fd   Thumb Code    78  tasks.o(.text)
    prvAddNewTaskToReadyList                 0x0000094b   Thumb Code   124  tasks.o(.text)
    prvInitialiseNewTask                     0x000009c7   Thumb Code   134  tasks.o(.text)
    prvResetNextTaskUnblockTime              0x00000aad   Thumb Code    30  tasks.o(.text)
    prvDeleteTCB                             0x00000acb   Thumb Code    20  tasks.o(.text)
    prvAddCurrentTaskToDelayedList           0x00000cbf   Thumb Code   118  tasks.o(.text)
    prvTaskIsTaskSuspended                   0x00000f75   Thumb Code    30  tasks.o(.text)
    prvCheckTasksWaitingTermination          0x00001061   Thumb Code    76  tasks.o(.text)
    prvIdleTask                              0x000010ad   Thumb Code    30  tasks.o(.text)
    prvTaskCheckFreeStackSpace               0x00001297   Thumb Code    20  tasks.o(.text)
    .text                                    0x000016dc   Section        0  port.o(.text)
    prvTaskExitError                         0x000016dd   Thumb Code    16  port.o(.text)
    .text                                    0x0000179c   Section        0  heap_4.o(.text)
    prvInsertBlockIntoFreeList               0x0000179d   Thumb Code    78  heap_4.o(.text)
    prvHeapInit                              0x000017eb   Thumb Code    68  heap_4.o(.text)
    .text                                    0x00001918   Section        0  swm320_exti.o(.text)
    .text                                    0x000019b0   Section        0  swm320_gpio.o(.text)
    .text                                    0x00001c88   Section        0  swm320_uart.o(.text)
    NVIC_EnableIRQ                           0x00001fc3   Thumb Code    22  swm320_uart.o(.text)
    NVIC_DisableIRQ                          0x00001fd9   Thumb Code    22  swm320_uart.o(.text)
    .text                                    0x00001ff8   Section        0  swm320_flash.o(.text)
    .text                                    0x00002070   Section        0  swm320_port.o(.text)
    .text                                    0x0000249c   Section        0  system_swm320.o(.text)
    delay_3ms                                0x0000250d   Thumb Code    44  system_swm320.o(.text)
    .text                                    0x000026c0   Section      156  startup_swm320.o(.text)
    .text                                    0x0000275c   Section        0  crtl_task.o(.text)
    .text                                    0x000027b0   Section        0  listen_task.o(.text)
    .text                                    0x00002804   Section        0  start_task.o(.text)
    .text                                    0x00002964   Section        0  host_task.o(.text)
    .text                                    0x000029b8   Section        0  fk_drvp_gpio_1.o(.text)
    get_pin                                  0x000029b9   Thumb Code    16  fk_drvp_gpio_1.o(.text)
    set_mode                                 0x000029c9   Thumb Code    64  fk_drvp_gpio_1.o(.text)
    write                                    0x00002a09   Thumb Code    40  fk_drvp_gpio_1.o(.text)
    read                                     0x00002a31   Thumb Code    24  fk_drvp_gpio_1.o(.text)
    attach_irq                               0x00002a49   Thumb Code    30  fk_drvp_gpio_1.o(.text)
    detach_irq                               0x00002a67   Thumb Code    26  fk_drvp_gpio_1.o(.text)
    irq_enable                               0x00002a81   Thumb Code   252  fk_drvp_gpio_1.o(.text)
    .text                                    0x00002dea   Section        0  memcpya.o(.text)
    .text                                    0x00002e0e   Section        0  memseta.o(.text)
    .text                                    0x00002e32   Section        0  uidiv.o(.text)
    .text                                    0x00002e5e   Section        0  uldiv.o(.text)
    .text                                    0x00002ec0   Section        0  dadd.o(.text)
    .text                                    0x00002ec0   Section        0  iusefp.o(.text)
    .text                                    0x0000300e   Section        0  dmul.o(.text)
    .text                                    0x000030f2   Section        0  ddiv.o(.text)
    .text                                    0x000031d0   Section        0  dfixul.o(.text)
    .text                                    0x00003200   Section       48  cdrcmple.o(.text)
    .text                                    0x00003230   Section       36  init.o(.text)
    .text                                    0x00003254   Section        0  llshl.o(.text)
    .text                                    0x00003272   Section        0  llushr.o(.text)
    .text                                    0x00003292   Section        0  llsshr.o(.text)
    .text                                    0x000032b6   Section        0  depilogue.o(.text)
    .text                                    0x00003370   Section        0  __dczerorl2.o(.text)
    i.__0printf                              0x000033c8   Section        0  printfa.o(i.__0printf)
    i.__0vsnprintf                           0x000033e8   Section        0  printfa.o(i.__0vsnprintf)
    i.__scatterload_copy                     0x0000341c   Section       14  handlers.o(i.__scatterload_copy)
    i.__scatterload_null                     0x0000342a   Section        2  handlers.o(i.__scatterload_null)
    i.__scatterload_zeroinit                 0x0000342c   Section       14  handlers.o(i.__scatterload_zeroinit)
    i._fp_digits                             0x0000343c   Section        0  printfa.o(i._fp_digits)
    _fp_digits                               0x0000343d   Thumb Code   366  printfa.o(i._fp_digits)
    i._printf_core                           0x000035c0   Section        0  printfa.o(i._printf_core)
    _printf_core                             0x000035c1   Thumb Code  1704  printfa.o(i._printf_core)
    i._printf_post_padding                   0x00003c74   Section        0  printfa.o(i._printf_post_padding)
    _printf_post_padding                     0x00003c75   Thumb Code    36  printfa.o(i._printf_post_padding)
    i._printf_pre_padding                    0x00003c98   Section        0  printfa.o(i._printf_pre_padding)
    _printf_pre_padding                      0x00003c99   Thumb Code    46  printfa.o(i._printf_pre_padding)
    i._snputc                                0x00003cc6   Section        0  printfa.o(i._snputc)
    _snputc                                  0x00003cc7   Thumb Code    22  printfa.o(i._snputc)
    .constdata                               0x00003cdc   Section       27  crtl_task.o(.constdata)
    __func__                                 0x00003cdc   Data          10  crtl_task.o(.constdata)
    __func__                                 0x00003ce6   Data          17  crtl_task.o(.constdata)
    .constdata                               0x00003cf7   Section       31  listen_task.o(.constdata)
    __func__                                 0x00003cf7   Data          12  listen_task.o(.constdata)
    __func__                                 0x00003d03   Data          19  listen_task.o(.constdata)
    .constdata                               0x00003d16   Section       41  start_task.o(.constdata)
    __func__                                 0x00003d16   Data          11  start_task.o(.constdata)
    __func__                                 0x00003d21   Data          18  start_task.o(.constdata)
    __func__                                 0x00003d33   Data          12  start_task.o(.constdata)
    .constdata                               0x00003d3f   Section       27  host_task.o(.constdata)
    __func__                                 0x00003d3f   Data          10  host_task.o(.constdata)
    __func__                                 0x00003d49   Data          17  host_task.o(.constdata)
    .conststring                             0x00003d5c   Section      254  fk_drvp_gpio_1.o(.conststring)
    .data                                    0x20000000   Section       60  tasks.o(.data)
    uxDeletedTasksWaitingCleanUp             0x20000004   Data           4  tasks.o(.data)
    uxCurrentNumberOfTasks                   0x20000008   Data           4  tasks.o(.data)
    xTickCount                               0x2000000c   Data           4  tasks.o(.data)
    uxTopReadyPriority                       0x20000010   Data           4  tasks.o(.data)
    xSchedulerRunning                        0x20000014   Data           4  tasks.o(.data)
    uxPendedTicks                            0x20000018   Data           4  tasks.o(.data)
    xYieldPending                            0x2000001c   Data           4  tasks.o(.data)
    xNumOfOverflows                          0x20000020   Data           4  tasks.o(.data)
    uxTaskNumber                             0x20000024   Data           4  tasks.o(.data)
    xNextTaskUnblockTime                     0x20000028   Data           4  tasks.o(.data)
    xIdleTaskHandle                          0x2000002c   Data           4  tasks.o(.data)
    uxSchedulerSuspended                     0x20000030   Data           4  tasks.o(.data)
    pxDelayedTaskList                        0x20000034   Data           4  tasks.o(.data)
    pxOverflowDelayedTaskList                0x20000038   Data           4  tasks.o(.data)
    .data                                    0x2000003c   Section        4  port.o(.data)
    uxCriticalNesting                        0x2000003c   Data           4  port.o(.data)
    .data                                    0x20000040   Section       24  heap_4.o(.data)
    pxEnd                                    0x20000040   Data           4  heap_4.o(.data)
    xFreeBytesRemaining                      0x20000044   Data           4  heap_4.o(.data)
    xMinimumEverFreeBytesRemaining           0x20000048   Data           4  heap_4.o(.data)
    xBlockAllocatedBit                       0x2000004c   Data           4  heap_4.o(.data)
    xStart                                   0x20000050   Data           8  heap_4.o(.data)
    .data                                    0x20000058   Section       16  swm320_flash.o(.data)
    .data                                    0x20000068   Section        8  system_swm320.o(.data)
    .data                                    0x20000070   Section        4  crtl_task.o(.data)
    crtl_task_Handler                        0x20000070   Data           4  crtl_task.o(.data)
    .data                                    0x20000074   Section        4  listen_task.o(.data)
    listen_task_Handler                      0x20000074   Data           4  listen_task.o(.data)
    .data                                    0x20000078   Section       12  start_task.o(.data)
    flag_init                                0x20000078   Data           4  start_task.o(.data)
    start_task_Handler                       0x2000007c   Data           4  start_task.o(.data)
    cslock                                   0x20000080   Data           4  start_task.o(.data)
    .data                                    0x20000084   Section        4  host_task.o(.data)
    host_task_Handler                        0x20000084   Data           4  host_task.o(.data)
    .data                                    0x20000088   Section     2104  fk_drvp_gpio_1.o(.data)
    init                                     0x20000088   Data           4  fk_drvp_gpio_1.o(.data)
    init                                     0x2000008c   Data           4  fk_drvp_gpio_1.o(.data)
    init                                     0x20000090   Data           4  fk_drvp_gpio_1.o(.data)
    init                                     0x20000094   Data           4  fk_drvp_gpio_1.o(.data)
    init                                     0x20000098   Data           4  fk_drvp_gpio_1.o(.data)
    init                                     0x2000009c   Data           4  fk_drvp_gpio_1.o(.data)
    swm32_pin_map                            0x200000a0   Data        2080  fk_drvp_gpio_1.o(.data)
    .data                                    0x200008c0   Section        4  stdout.o(.data)
    .bss                                     0x200008c4   Section      200  tasks.o(.bss)
    pxReadyTasksLists                        0x200008c4   Data         100  tasks.o(.bss)
    xDelayedTaskList1                        0x20000928   Data          20  tasks.o(.bss)
    xDelayedTaskList2                        0x2000093c   Data          20  tasks.o(.bss)
    xPendingReadyList                        0x20000950   Data          20  tasks.o(.bss)
    xTasksWaitingTermination                 0x20000964   Data          20  tasks.o(.bss)
    xSuspendedTaskList                       0x20000978   Data          20  tasks.o(.bss)
    .bss                                     0x2000098c   Section    81920  heap_4.o(.bss)
    ucHeap                                   0x2000098c   Data       81920  heap_4.o(.bss)
    .bss                                     0x2001498c   Section       20  start_task.o(.bss)
    .bss                                     0x200149a0   Section      576  fk_drvp_gpio_1.o(.bss)
    gpio                                     0x200149a0   Data          96  fk_drvp_gpio_1.o(.bss)
    gpio                                     0x20014a00   Data          96  fk_drvp_gpio_1.o(.bss)
    gpio                                     0x20014a60   Data          96  fk_drvp_gpio_1.o(.bss)
    gpio                                     0x20014ac0   Data          96  fk_drvp_gpio_1.o(.bss)
    gpio                                     0x20014b20   Data          96  fk_drvp_gpio_1.o(.bss)
    gpio                                     0x20014b80   Data          96  fk_drvp_gpio_1.o(.bss)
    STACK                                    0x20014be0   Section     4096  startup_swm320.o(STACK)

    Global Symbols

    Symbol Name                              Value     Ov Type        Size  Object(Section)

    BuildAttributes$$THM_ISAv4$E$P$D$K$B$S$7EM$PE$A:L22UL41UL21$X:L11$S22US41US21$IEEE1$IW$USESV6$~STKCKD$USESV7$~SHL$OSPACE$ROPI$EBA8$MICROLIB$REQ8$PRES8$EABIv2 0x00000000   Number         0  anon$$obj.o ABSOLUTE
    __ARM_use_no_argv                        0x00000000   Number         0  main.o ABSOLUTE
    __Vectors                                0x00000000   Data           4  startup_swm320.o(RESET)
    _printf_a                                0x00000000   Number         0  stubs.o ABSOLUTE
    _printf_c                                0x00000000   Number         0  stubs.o ABSOLUTE
    _printf_charcount                        0x00000000   Number         0  stubs.o ABSOLUTE
    _printf_d                                0x00000000   Number         0  stubs.o ABSOLUTE
    _printf_e                                0x00000000   Number         0  stubs.o ABSOLUTE
    _printf_f                                0x00000000   Number         0  stubs.o ABSOLUTE
    _printf_flags                            0x00000000   Number         0  stubs.o ABSOLUTE
    _printf_fp_dec                           0x00000000   Number         0  stubs.o ABSOLUTE
    _printf_fp_hex                           0x00000000   Number         0  stubs.o ABSOLUTE
    _printf_g                                0x00000000   Number         0  stubs.o ABSOLUTE
    _printf_i                                0x00000000   Number         0  stubs.o ABSOLUTE
    _printf_int_dec                          0x00000000   Number         0  stubs.o ABSOLUTE
    _printf_l                                0x00000000   Number         0  stubs.o ABSOLUTE
    _printf_lc                               0x00000000   Number         0  stubs.o ABSOLUTE
    _printf_ll                               0x00000000   Number         0  stubs.o ABSOLUTE
    _printf_lld                              0x00000000   Number         0  stubs.o ABSOLUTE
    _printf_lli                              0x00000000   Number         0  stubs.o ABSOLUTE
    _printf_llo                              0x00000000   Number         0  stubs.o ABSOLUTE
    _printf_llu                              0x00000000   Number         0  stubs.o ABSOLUTE
    _printf_llx                              0x00000000   Number         0  stubs.o ABSOLUTE
    _printf_longlong_dec                     0x00000000   Number         0  stubs.o ABSOLUTE
    _printf_longlong_hex                     0x00000000   Number         0  stubs.o ABSOLUTE
    _printf_longlong_oct                     0x00000000   Number         0  stubs.o ABSOLUTE
    _printf_ls                               0x00000000   Number         0  stubs.o ABSOLUTE
    _printf_mbtowc                           0x00000000   Number         0  stubs.o ABSOLUTE
    _printf_n                                0x00000000   Number         0  stubs.o ABSOLUTE
    _printf_o                                0x00000000   Number         0  stubs.o ABSOLUTE
    _printf_p                                0x00000000   Number         0  stubs.o ABSOLUTE
    _printf_percent                          0x00000000   Number         0  stubs.o ABSOLUTE
    _printf_pre_padding                      0x00000000   Number         0  stubs.o ABSOLUTE
    _printf_return_value                     0x00000000   Number         0  stubs.o ABSOLUTE
    _printf_s                                0x00000000   Number         0  stubs.o ABSOLUTE
    _printf_sizespec                         0x00000000   Number         0  stubs.o ABSOLUTE
    _printf_str                              0x00000000   Number         0  stubs.o ABSOLUTE
    _printf_truncate_signed                  0x00000000   Number         0  stubs.o ABSOLUTE
    _printf_truncate_unsigned                0x00000000   Number         0  stubs.o ABSOLUTE
    _printf_u                                0x00000000   Number         0  stubs.o ABSOLUTE
    _printf_wc                               0x00000000   Number         0  stubs.o ABSOLUTE
    _printf_wctomb                           0x00000000   Number         0  stubs.o ABSOLUTE
    _printf_widthprec                        0x00000000   Number         0  stubs.o ABSOLUTE
    _printf_x                                0x00000000   Number         0  stubs.o ABSOLUTE
    __arm_fini_                               - Undefined Weak Reference
    __cpp_initialize__aeabi_                  - Undefined Weak Reference
    __cxa_finalize                            - Undefined Weak Reference
    _clock_init                               - Undefined Weak Reference
    _microlib_exit                            - Undefined Weak Reference
    __Vectors_End                            0x00000148   Data           0  startup_swm320.o(RESET)
    __Vectors_Size                           0x00000148   Number         0  startup_swm320.o ABSOLUTE
    __main                                   0x00000149   Thumb Code     0  entry.o(.ARM.Collect$$$$00000000)
    _main_stk                                0x00000149   Thumb Code     0  entry2.o(.ARM.Collect$$$$00000001)
    _main_scatterload                        0x0000014d   Thumb Code     0  entry5.o(.ARM.Collect$$$$00000004)
    __main_after_scatterload                 0x00000151   Thumb Code     0  entry5.o(.ARM.Collect$$$$00000004)
    _main_clock                              0x00000151   Thumb Code     0  entry7b.o(.ARM.Collect$$$$00000008)
    _main_cpp_init                           0x00000151   Thumb Code     0  entry8b.o(.ARM.Collect$$$$0000000A)
    _main_init                               0x00000151   Thumb Code     0  entry9a.o(.ARM.Collect$$$$0000000B)
    __rt_lib_shutdown_fini                   0x00000159   Thumb Code     0  entry12b.o(.ARM.Collect$$$$0000000E)
    __rt_final_cpp                           0x0000015d   Thumb Code     0  entry10a.o(.ARM.Collect$$$$0000000F)
    __rt_final_exit                          0x0000015d   Thumb Code     0  entry11a.o(.ARM.Collect$$$$00000011)
    SVC_Handler                              0x00000161   Thumb Code    32  port.o(.emb_text)
    __asm___6_port_c_39a90d8d__prvStartFirstTask 0x00000185   Thumb Code    28  port.o(.emb_text)
    PendSV_Handler                           0x000001a5   Thumb Code    72  port.o(.emb_text)
    vPortGetIPSR                             0x000001f1   Thumb Code     6  port.o(.emb_text)
    SerialInit                               0x000001f9   Thumb Code    64  main.o(.text)
    main                                     0x00000239   Thumb Code    28  main.o(.text)
    fputc                                    0x00000255   Thumb Code    28  main.o(.text)
    vListInitialise                          0x00000285   Thumb Code    22  list.o(.text)
    vListInitialiseItem                      0x0000029b   Thumb Code     6  list.o(.text)
    vListInsertEnd                           0x000002a1   Thumb Code    24  list.o(.text)
    vListInsert                              0x000002b9   Thumb Code    48  list.o(.text)
    uxListRemove                             0x000002e9   Thumb Code    36  list.o(.text)
    xQueueGenericReset                       0x0000030d   Thumb Code   114  queue.o(.text)
    xQueueGenericCreate                      0x00000395   Thumb Code    50  queue.o(.text)
    xQueueGenericSend                        0x000004bd   Thumb Code   244  queue.o(.text)
    xQueueCreateMutex                        0x000005c7   Thumb Code    24  queue.o(.text)
    xQueueGenericSendFromISR                 0x000005df   Thumb Code   100  queue.o(.text)
    xQueueGiveFromISR                        0x00000643   Thumb Code    86  queue.o(.text)
    xQueueGenericReceive                     0x000006db   Thumb Code   316  queue.o(.text)
    xQueueReceiveFromISR                     0x00000817   Thumb Code   100  queue.o(.text)
    xQueuePeekFromISR                        0x0000087b   Thumb Code    50  queue.o(.text)
    uxQueueMessagesWaiting                   0x000008ad   Thumb Code    18  queue.o(.text)
    uxQueueSpacesAvailable                   0x000008bf   Thumb Code    22  queue.o(.text)
    uxQueueMessagesWaitingFromISR            0x000008d5   Thumb Code     4  queue.o(.text)
    vQueueDelete                             0x000008d9   Thumb Code     4  queue.o(.text)
    xQueueIsQueueEmptyFromISR                0x000008dd   Thumb Code    14  queue.o(.text)
    xQueueIsQueueFullFromISR                 0x000008eb   Thumb Code    16  queue.o(.text)
    xTaskCreate                              0x00000a4d   Thumb Code    96  tasks.o(.text)
    vTaskDelete                              0x00000adf   Thumb Code   138  tasks.o(.text)
    xTaskIncrementTick                       0x00000b69   Thumb Code   174  tasks.o(.text)
    xTaskResumeAll                           0x00000c17   Thumb Code   168  tasks.o(.text)
    vTaskSuspendAll                          0x00000d35   Thumb Code    10  tasks.o(.text)
    vTaskDelayUntil                          0x00000d3f   Thumb Code    84  tasks.o(.text)
    vTaskDelay                               0x00000d93   Thumb Code    48  tasks.o(.text)
    uxTaskPriorityGet                        0x00000dc3   Thumb Code    24  tasks.o(.text)
    uxTaskPriorityGetFromISR                 0x00000ddb   Thumb Code    34  tasks.o(.text)
    vTaskPrioritySet                         0x00000dfd   Thumb Code   172  tasks.o(.text)
    vTaskSwitchContext                       0x00000ea9   Thumb Code    64  tasks.o(.text)
    vTaskSuspend                             0x00000ee9   Thumb Code   140  tasks.o(.text)
    vTaskResume                              0x00000f93   Thumb Code    98  tasks.o(.text)
    xTaskResumeFromISR                       0x00000ff5   Thumb Code   108  tasks.o(.text)
    vTaskStartScheduler                      0x000010cb   Thumb Code    66  tasks.o(.text)
    vTaskEndScheduler                        0x0000110d   Thumb Code    48  tasks.o(.text)
    xTaskGetTickCount                        0x0000113d   Thumb Code     6  tasks.o(.text)
    xTaskGetTickCountFromISR                 0x00001143   Thumb Code     6  tasks.o(.text)
    uxTaskGetNumberOfTasks                   0x00001149   Thumb Code     6  tasks.o(.text)
    pcTaskGetName                            0x0000114f   Thumb Code    12  tasks.o(.text)
    vTaskPlaceOnEventList                    0x0000115b   Thumb Code    24  tasks.o(.text)
    vTaskPlaceOnUnorderedEventList           0x00001173   Thumb Code    32  tasks.o(.text)
    xTaskRemoveFromEventList                 0x00001193   Thumb Code    92  tasks.o(.text)
    xTaskRemoveFromUnorderedEventList        0x000011ef   Thumb Code    74  tasks.o(.text)
    vTaskSetTimeOutState                     0x00001239   Thumb Code    12  tasks.o(.text)
    xTaskCheckForTimeOut                     0x00001245   Thumb Code    74  tasks.o(.text)
    vTaskMissedYield                         0x0000128f   Thumb Code     8  tasks.o(.text)
    uxTaskGetStackHighWaterMark              0x000012ab   Thumb Code    12  tasks.o(.text)
    xTaskGetCurrentTaskHandle                0x000012b7   Thumb Code     6  tasks.o(.text)
    vTaskPriorityInherit                     0x000012bd   Thumb Code   128  tasks.o(.text)
    xTaskPriorityDisinherit                  0x0000133d   Thumb Code   104  tasks.o(.text)
    uxTaskResetEventItemValue                0x000013a5   Thumb Code    20  tasks.o(.text)
    pvTaskIncrementMutexHeldCount            0x000013b9   Thumb Code    20  tasks.o(.text)
    ulTaskNotifyTake                         0x000013cd   Thumb Code    96  tasks.o(.text)
    xTaskNotifyWait                          0x0000142d   Thumb Code   134  tasks.o(.text)
    xTaskGenericNotify                       0x000014b3   Thumb Code   170  tasks.o(.text)
    xTaskGenericNotifyFromISR                0x0000155d   Thumb Code   192  tasks.o(.text)
    vTaskNotifyGiveFromISR                   0x0000161d   Thumb Code   132  tasks.o(.text)
    xTaskNotifyStateClear                    0x000016a1   Thumb Code    46  tasks.o(.text)
    pxPortInitialiseStack                    0x000016ed   Thumb Code    24  port.o(.text)
    vPortSetupTimerInterrupt                 0x00001705   Thumb Code    14  port.o(.text)
    xPortStartScheduler                      0x00001713   Thumb Code    38  port.o(.text)
    vPortEndScheduler                        0x00001739   Thumb Code     2  port.o(.text)
    vPortEnterCritical                       0x0000173b   Thumb Code    24  port.o(.text)
    vPortExitCritical                        0x00001753   Thumb Code    18  port.o(.text)
    SysTick_Handler                          0x00001765   Thumb Code    40  port.o(.text)
    pvPortMalloc                             0x0000182f   Thumb Code   148  heap_4.o(.text)
    vPortFree                                0x000018c3   Thumb Code    60  heap_4.o(.text)
    xPortGetFreeHeapSize                     0x000018ff   Thumb Code     8  heap_4.o(.text)
    xPortGetMinimumEverFreeHeapSize          0x00001907   Thumb Code     8  heap_4.o(.text)
    vPortInitialiseBlocks                    0x0000190f   Thumb Code     2  heap_4.o(.text)
    EXTI_Close                               0x00001919   Thumb Code    12  swm320_exti.o(.text)
    EXTI_Init                                0x00001925   Thumb Code   100  swm320_exti.o(.text)
    EXTI_Open                                0x00001989   Thumb Code    12  swm320_exti.o(.text)
    EXTI_State                               0x00001995   Thumb Code    10  swm320_exti.o(.text)
    EXTI_RawState                            0x0000199f   Thumb Code    10  swm320_exti.o(.text)
    EXTI_Clear                               0x000019a9   Thumb Code     8  swm320_exti.o(.text)
    GPIO_Init                                0x000019b1   Thumb Code   486  swm320_gpio.o(.text)
    GPIO_SetBit                              0x00001b97   Thumb Code    16  swm320_gpio.o(.text)
    GPIO_ClrBit                              0x00001ba7   Thumb Code    16  swm320_gpio.o(.text)
    GPIO_InvBit                              0x00001bb7   Thumb Code    20  swm320_gpio.o(.text)
    GPIO_GetBit                              0x00001bcb   Thumb Code    10  swm320_gpio.o(.text)
    GPIO_SetBits                             0x00001bd5   Thumb Code    20  swm320_gpio.o(.text)
    GPIO_ClrBits                             0x00001be9   Thumb Code    20  swm320_gpio.o(.text)
    GPIO_InvBits                             0x00001bfd   Thumb Code    20  swm320_gpio.o(.text)
    GPIO_GetBits                             0x00001c11   Thumb Code    18  swm320_gpio.o(.text)
    GPIO_AtomicSetBits                       0x00001c23   Thumb Code    24  swm320_gpio.o(.text)
    GPIO_AtomicClrBits                       0x00001c3b   Thumb Code    24  swm320_gpio.o(.text)
    GPIO_AtomicInvBits                       0x00001c53   Thumb Code    24  swm320_gpio.o(.text)
    UART_Close                               0x00001c89   Thumb Code    10  swm320_uart.o(.text)
    UART_Init                                0x00001c93   Thumb Code   428  swm320_uart.o(.text)
    UART_Open                                0x00001e3f   Thumb Code    10  swm320_uart.o(.text)
    UART_WriteByte                           0x00001e49   Thumb Code     4  swm320_uart.o(.text)
    UART_ReadByte                            0x00001e4d   Thumb Code    20  swm320_uart.o(.text)
    UART_IsTXBusy                            0x00001e61   Thumb Code    10  swm320_uart.o(.text)
    UART_IsRXFIFOEmpty                       0x00001e6b   Thumb Code    10  swm320_uart.o(.text)
    UART_IsTXFIFOFull                        0x00001e75   Thumb Code     8  swm320_uart.o(.text)
    UART_SetBaudrate                         0x00001e7d   Thumb Code    28  swm320_uart.o(.text)
    UART_GetBaudrate                         0x00001e99   Thumb Code    20  swm320_uart.o(.text)
    UART_CTSConfig                           0x00001ead   Thumb Code    20  swm320_uart.o(.text)
    UART_CTSLineState                        0x00001ec1   Thumb Code     8  swm320_uart.o(.text)
    UART_RTSConfig                           0x00001ec9   Thumb Code    28  swm320_uart.o(.text)
    UART_RTSLineState                        0x00001ee5   Thumb Code     8  swm320_uart.o(.text)
    UART_LINConfig                           0x00001eed   Thumb Code    20  swm320_uart.o(.text)
    UART_LINGenerate                         0x00001f01   Thumb Code    10  swm320_uart.o(.text)
    UART_LINIsDetected                       0x00001f0b   Thumb Code     8  swm320_uart.o(.text)
    UART_LINIsGenerated                      0x00001f13   Thumb Code     8  swm320_uart.o(.text)
    UART_ABRStart                            0x00001f1b   Thumb Code    80  swm320_uart.o(.text)
    UART_ABRIsDone                           0x00001f6b   Thumb Code    24  swm320_uart.o(.text)
    UART_INTEn                               0x00001f83   Thumb Code     8  swm320_uart.o(.text)
    UART_INTDis                              0x00001f8b   Thumb Code     8  swm320_uart.o(.text)
    UART_INTStat                             0x00001f93   Thumb Code    48  swm320_uart.o(.text)
    FLASH_Erase                              0x00001ff9   Thumb Code    20  swm320_flash.o(.text)
    FLASH_Write                              0x0000200d   Thumb Code    20  swm320_flash.o(.text)
    Flash_Param_at_xMHz                      0x00002021   Thumb Code    58  swm320_flash.o(.text)
    PORT_Init                                0x00002071   Thumb Code  1058  swm320_port.o(.text)
    SystemCoreClockUpdate                    0x0000249d   Thumb Code   112  system_swm320.o(.text)
    PLLInit                                  0x00002539   Thumb Code    56  system_swm320.o(.text)
    switchCLK_PLL                            0x00002571   Thumb Code    36  system_swm320.o(.text)
    switchCLK_XTAL                           0x00002595   Thumb Code    38  system_swm320.o(.text)
    switchCLK_32KHz                          0x000025bb   Thumb Code    46  system_swm320.o(.text)
    switchCLK_40MHz                          0x000025e9   Thumb Code    34  system_swm320.o(.text)
    switchCLK_20MHz                          0x0000260b   Thumb Code    34  system_swm320.o(.text)
    SystemInit                               0x0000262d   Thumb Code   102  system_swm320.o(.text)
    Reset_Handler                            0x000026c1   Thumb Code     4  startup_swm320.o(.text)
    NMI_Handler                              0x000026c5   Thumb Code     2  startup_swm320.o(.text)
    HardFault_Handler                        0x000026c7   Thumb Code     2  startup_swm320.o(.text)
    MemManage_Handler                        0x000026c9   Thumb Code     2  startup_swm320.o(.text)
    BusFault_Handler                         0x000026cb   Thumb Code     2  startup_swm320.o(.text)
    UsageFault_Handler                       0x000026cd   Thumb Code     2  startup_swm320.o(.text)
    DebugMon_Handler                         0x000026d1   Thumb Code     2  startup_swm320.o(.text)
    GPIOA0_Handler                           0x000026d7   Thumb Code     2  startup_swm320.o(.text)
    GPIOA1_Handler                           0x000026d9   Thumb Code     2  startup_swm320.o(.text)
    GPIOA2_Handler                           0x000026db   Thumb Code     2  startup_swm320.o(.text)
    GPIOA3_Handler                           0x000026dd   Thumb Code     2  startup_swm320.o(.text)
    GPIOA4_Handler                           0x000026df   Thumb Code     2  startup_swm320.o(.text)
    GPIOA5_Handler                           0x000026e1   Thumb Code     2  startup_swm320.o(.text)
    GPIOA6_Handler                           0x000026e3   Thumb Code     2  startup_swm320.o(.text)
    GPIOA7_Handler                           0x000026e5   Thumb Code     2  startup_swm320.o(.text)
    GPIOB0_Handler                           0x000026e7   Thumb Code     2  startup_swm320.o(.text)
    GPIOB1_Handler                           0x000026e9   Thumb Code     2  startup_swm320.o(.text)
    GPIOB2_Handler                           0x000026eb   Thumb Code     2  startup_swm320.o(.text)
    GPIOB3_Handler                           0x000026ed   Thumb Code     2  startup_swm320.o(.text)
    GPIOB4_Handler                           0x000026ef   Thumb Code     2  startup_swm320.o(.text)
    GPIOB5_Handler                           0x000026f1   Thumb Code     2  startup_swm320.o(.text)
    GPIOB6_Handler                           0x000026f3   Thumb Code     2  startup_swm320.o(.text)
    GPIOB7_Handler                           0x000026f5   Thumb Code     2  startup_swm320.o(.text)
    GPIOC0_Handler                           0x000026f7   Thumb Code     2  startup_swm320.o(.text)
    GPIOC1_Handler                           0x000026f9   Thumb Code     2  startup_swm320.o(.text)
    GPIOC2_Handler                           0x000026fb   Thumb Code     2  startup_swm320.o(.text)
    GPIOC3_Handler                           0x000026fd   Thumb Code     2  startup_swm320.o(.text)
    GPIOC4_Handler                           0x000026ff   Thumb Code     2  startup_swm320.o(.text)
    GPIOC5_Handler                           0x00002701   Thumb Code     2  startup_swm320.o(.text)
    GPIOC6_Handler                           0x00002703   Thumb Code     2  startup_swm320.o(.text)
    GPIOC7_Handler                           0x00002705   Thumb Code     2  startup_swm320.o(.text)
    GPIOM0_Handler                           0x00002707   Thumb Code     2  startup_swm320.o(.text)
    GPIOM1_Handler                           0x00002709   Thumb Code     2  startup_swm320.o(.text)
    GPIOM2_Handler                           0x0000270b   Thumb Code     2  startup_swm320.o(.text)
    GPIOM3_Handler                           0x0000270d   Thumb Code     2  startup_swm320.o(.text)
    GPIOM4_Handler                           0x0000270f   Thumb Code     2  startup_swm320.o(.text)
    GPIOM5_Handler                           0x00002711   Thumb Code     2  startup_swm320.o(.text)
    GPIOM6_Handler                           0x00002713   Thumb Code     2  startup_swm320.o(.text)
    GPIOM7_Handler                           0x00002715   Thumb Code     2  startup_swm320.o(.text)
    DMA_Handler                              0x00002717   Thumb Code     2  startup_swm320.o(.text)
    LCD_Handler                              0x00002719   Thumb Code     2  startup_swm320.o(.text)
    NORFLC_Handler                           0x0000271b   Thumb Code     2  startup_swm320.o(.text)
    CAN_Handler                              0x0000271d   Thumb Code     2  startup_swm320.o(.text)
    PULSE_Handler                            0x0000271f   Thumb Code     2  startup_swm320.o(.text)
    WDT_Handler                              0x00002721   Thumb Code     2  startup_swm320.o(.text)
    PWM_Handler                              0x00002723   Thumb Code     2  startup_swm320.o(.text)
    UART0_Handler                            0x00002725   Thumb Code     2  startup_swm320.o(.text)
    UART1_Handler                            0x00002727   Thumb Code     2  startup_swm320.o(.text)
    UART2_Handler                            0x00002729   Thumb Code     2  startup_swm320.o(.text)
    UART3_Handler                            0x0000272b   Thumb Code     2  startup_swm320.o(.text)
    I2C0_Handler                             0x0000272d   Thumb Code     2  startup_swm320.o(.text)
    I2C1_Handler                             0x0000272f   Thumb Code     2  startup_swm320.o(.text)
    SPI0_Handler                             0x00002731   Thumb Code     2  startup_swm320.o(.text)
    ADC0_Handler                             0x00002733   Thumb Code     2  startup_swm320.o(.text)
    RTC_Handler                              0x00002735   Thumb Code     2  startup_swm320.o(.text)
    BOD_Handler                              0x00002737   Thumb Code     2  startup_swm320.o(.text)
    SDIO_Handler                             0x00002739   Thumb Code     2  startup_swm320.o(.text)
    ADC1_Handler                             0x00002747   Thumb Code     2  startup_swm320.o(.text)
    FPU_Handler                              0x00002749   Thumb Code     2  startup_swm320.o(.text)
    SPI1_Handler                             0x0000274b   Thumb Code     2  startup_swm320.o(.text)
    TIMR0_Handler                            0x0000274d   Thumb Code     2  startup_swm320.o(.text)
    TIMR1_Handler                            0x0000274f   Thumb Code     2  startup_swm320.o(.text)
    TIMR2_Handler                            0x00002751   Thumb Code     2  startup_swm320.o(.text)
    TIMR3_Handler                            0x00002753   Thumb Code     2  startup_swm320.o(.text)
    TIMR4_Handler                            0x00002755   Thumb Code     2  startup_swm320.o(.text)
    TIMR5_Handler                            0x00002757   Thumb Code     2  startup_swm320.o(.text)
    crtl_task                                0x0000275d   Thumb Code    20  crtl_task.o(.text)
    crtl_task_create                         0x00002771   Thumb Code    36  crtl_task.o(.text)
    listen_task                              0x000027b1   Thumb Code    20  listen_task.o(.text)
    listen_task_create                       0x000027c5   Thumb Code    36  listen_task.o(.text)
    cslock_free                              0x00002805   Thumb Code    22  start_task.o(.text)
    cslock_get                               0x0000281b   Thumb Code    22  start_task.o(.text)
    myprintf                                 0x00002831   Thumb Code    50  start_task.o(.text)
    cslock_init                              0x00002863   Thumb Code    36  start_task.o(.text)
    start_task                               0x00002887   Thumb Code   126  start_task.o(.text)
    staet_taks_create                        0x00002905   Thumb Code    38  start_task.o(.text)
    host_task                                0x00002965   Thumb Code    20  host_task.o(.text)
    host_task_create                         0x00002979   Thumb Code    36  host_task.o(.text)
    GPIOA_Handler                            0x00002b7d   Thumb Code    96  fk_drvp_gpio_1.o(.text)
    GPIOB_Handler                            0x00002bdd   Thumb Code    98  fk_drvp_gpio_1.o(.text)
    GPIOC_Handler                            0x00002c3f   Thumb Code    98  fk_drvp_gpio_1.o(.text)
    GPIOM_Handler                            0x00002ca1   Thumb Code    96  fk_drvp_gpio_1.o(.text)
    GPION_Handler                            0x00002d01   Thumb Code    98  fk_drvp_gpio_1.o(.text)
    GPIOP_Handler                            0x00002d63   Thumb Code   136  fk_drvp_gpio_1.o(.text)
    __aeabi_memcpy                           0x00002deb   Thumb Code    36  memcpya.o(.text)
    __aeabi_memcpy4                          0x00002deb   Thumb Code     0  memcpya.o(.text)
    __aeabi_memcpy8                          0x00002deb   Thumb Code     0  memcpya.o(.text)
    __aeabi_memset                           0x00002e0f   Thumb Code    14  memseta.o(.text)
    __aeabi_memset4                          0x00002e0f   Thumb Code     0  memseta.o(.text)
    __aeabi_memset8                          0x00002e0f   Thumb Code     0  memseta.o(.text)
    __aeabi_memclr                           0x00002e1d   Thumb Code     4  memseta.o(.text)
    __aeabi_memclr4                          0x00002e1d   Thumb Code     0  memseta.o(.text)
    __aeabi_memclr8                          0x00002e1d   Thumb Code     0  memseta.o(.text)
    _memset$wrapper                          0x00002e21   Thumb Code    18  memseta.o(.text)
    __aeabi_uidiv                            0x00002e33   Thumb Code     0  uidiv.o(.text)
    __aeabi_uidivmod                         0x00002e33   Thumb Code    44  uidiv.o(.text)
    __aeabi_uldivmod                         0x00002e5f   Thumb Code    98  uldiv.o(.text)
    __I$use$fp                               0x00002ec1   Thumb Code     0  iusefp.o(.text)
    __aeabi_dadd                             0x00002ec1   Thumb Code   322  dadd.o(.text)
    __aeabi_dsub                             0x00003003   Thumb Code     6  dadd.o(.text)
    __aeabi_drsub                            0x00003009   Thumb Code     6  dadd.o(.text)
    __aeabi_dmul                             0x0000300f   Thumb Code   228  dmul.o(.text)
    __aeabi_ddiv                             0x000030f3   Thumb Code   222  ddiv.o(.text)
    __aeabi_d2ulz                            0x000031d1   Thumb Code    48  dfixul.o(.text)
    __aeabi_cdrcmple                         0x00003201   Thumb Code    48  cdrcmple.o(.text)
    __scatterload                            0x00003231   Thumb Code    28  init.o(.text)
    __scatterload_rt2                        0x00003231   Thumb Code     0  init.o(.text)
    __aeabi_llsl                             0x00003255   Thumb Code    30  llshl.o(.text)
    _ll_shift_l                              0x00003255   Thumb Code     0  llshl.o(.text)
    __aeabi_llsr                             0x00003273   Thumb Code    32  llushr.o(.text)
    _ll_ushift_r                             0x00003273   Thumb Code     0  llushr.o(.text)
    __aeabi_lasr                             0x00003293   Thumb Code    36  llsshr.o(.text)
    _ll_sshift_r                             0x00003293   Thumb Code     0  llsshr.o(.text)
    _double_round                            0x000032b7   Thumb Code    30  depilogue.o(.text)
    _double_epilogue                         0x000032d5   Thumb Code   156  depilogue.o(.text)
    __decompress                             0x00003371   Thumb Code     0  __dczerorl2.o(.text)
    __decompress1                            0x00003371   Thumb Code    86  __dczerorl2.o(.text)
    __0printf                                0x000033c9   Thumb Code    22  printfa.o(i.__0printf)
    __1printf                                0x000033c9   Thumb Code     0  printfa.o(i.__0printf)
    __2printf                                0x000033c9   Thumb Code     0  printfa.o(i.__0printf)
    __c89printf                              0x000033c9   Thumb Code     0  printfa.o(i.__0printf)
    printf                                   0x000033c9   Thumb Code     0  printfa.o(i.__0printf)
    __0vsnprintf                             0x000033e9   Thumb Code    46  printfa.o(i.__0vsnprintf)
    __1vsnprintf                             0x000033e9   Thumb Code     0  printfa.o(i.__0vsnprintf)
    __2vsnprintf                             0x000033e9   Thumb Code     0  printfa.o(i.__0vsnprintf)
    __c89vsnprintf                           0x000033e9   Thumb Code     0  printfa.o(i.__0vsnprintf)
    vsnprintf                                0x000033e9   Thumb Code     0  printfa.o(i.__0vsnprintf)
    __scatterload_copy                       0x0000341d   Thumb Code    14  handlers.o(i.__scatterload_copy)
    __scatterload_null                       0x0000342b   Thumb Code     2  handlers.o(i.__scatterload_null)
    __scatterload_zeroinit                   0x0000342d   Thumb Code    14  handlers.o(i.__scatterload_zeroinit)
    Region$$Table$$Base                      0x00003e5c   Number         0  anon$$obj.o(Region$$Table)
    Region$$Table$$Limit                     0x00003e7c   Number         0  anon$$obj.o(Region$$Table)
    pxCurrentTCB                             0x20000000   Data           4  tasks.o(.data)
    IAP_Cache_Reset                          0x20000058   Data           4  swm320_flash.o(.data)
    IAP_Flash_Param                          0x2000005c   Data           4  swm320_flash.o(.data)
    IAP_Flash_Erase                          0x20000060   Data           4  swm320_flash.o(.data)
    IAP_Flash_Write                          0x20000064   Data           4  swm320_flash.o(.data)
    SystemCoreClock                          0x20000068   Data           4  system_swm320.o(.data)
    CyclesPerUs                              0x2000006c   Data           4  system_swm320.o(.data)
    __stdout                                 0x200008c0   Data           4  stdout.o(.data)
    mylist                                   0x2001498c   Data          20  start_task.o(.bss)
    __initial_sp                             0x20015be0   Data           0  startup_swm320.o(STACK)



==============================================================================

Memory Map of the image

  Image Entry point : 0x00000149

  Load Region LR_IROM1 (Base: 0x00000000, Size: 0x00004740, Max: 0x00080000, ABSOLUTE, COMPRESSED[0x000040c4])

    Execution Region ER_IROM1 (Exec base: 0x00000000, Load base: 0x00000000, Size: 0x00003e7c, Max: 0x00080000, ABSOLUTE)

    Exec Addr    Load Addr    Size         Type   Attr      Idx    E Section Name        Object

    0x00000000   0x00000000   0x00000148   Data   RO          778    RESET               startup_swm320.o
    0x00000148   0x00000148   0x00000000   Code   RO          985  * .ARM.Collect$$$$00000000  mc_w.l(entry.o)
    0x00000148   0x00000148   0x00000004   Code   RO         1255    .ARM.Collect$$$$00000001  mc_w.l(entry2.o)
    0x0000014c   0x0000014c   0x00000004   Code   RO         1258    .ARM.Collect$$$$00000004  mc_w.l(entry5.o)
    0x00000150   0x00000150   0x00000000   Code   RO         1260    .ARM.Collect$$$$00000008  mc_w.l(entry7b.o)
    0x00000150   0x00000150   0x00000000   Code   RO         1262    .ARM.Collect$$$$0000000A  mc_w.l(entry8b.o)
    0x00000150   0x00000150   0x00000008   Code   RO         1263    .ARM.Collect$$$$0000000B  mc_w.l(entry9a.o)
    0x00000158   0x00000158   0x00000004   Code   RO         1270    .ARM.Collect$$$$0000000E  mc_w.l(entry12b.o)
    0x0000015c   0x0000015c   0x00000000   Code   RO         1265    .ARM.Collect$$$$0000000F  mc_w.l(entry10a.o)
    0x0000015c   0x0000015c   0x00000000   Code   RO         1267    .ARM.Collect$$$$00000011  mc_w.l(entry11a.o)
    0x0000015c   0x0000015c   0x00000004   Code   RO         1256    .ARM.Collect$$$$00002712  mc_w.l(entry2.o)
    0x00000160   0x00000160   0x00000096   Code   RO          268    .emb_text           port.o
    0x000001f6   0x000001f6   0x00000002   PAD
    0x000001f8   0x000001f8   0x0000008c   Code   RO            4    .text               main.o
    0x00000284   0x00000284   0x00000088   Code   RO          165    .text               list.o
    0x0000030c   0x0000030c   0x000005ee   Code   RO          186    .text               queue.o
    0x000008fa   0x000008fa   0x00000002   PAD
    0x000008fc   0x000008fc   0x00000de0   Code   RO          213    .text               tasks.o
    0x000016dc   0x000016dc   0x000000c0   Code   RO          269    .text               port.o
    0x0000179c   0x0000179c   0x0000017c   Code   RO          298    .text               heap_4.o
    0x00001918   0x00001918   0x00000098   Code   RO          348    .text               swm320_exti.o
    0x000019b0   0x000019b0   0x000002d8   Code   RO          372    .text               swm320_gpio.o
    0x00001c88   0x00001c88   0x00000370   Code   RO          472    .text               swm320_uart.o
    0x00001ff8   0x00001ff8   0x00000078   Code   RO          544    .text               swm320_flash.o
    0x00002070   0x00002070   0x0000042c   Code   RO          574    .text               swm320_port.o
    0x0000249c   0x0000249c   0x00000224   Code   RO          749    .text               system_swm320.o
    0x000026c0   0x000026c0   0x0000009c   Code   RO          779    .text               startup_swm320.o
    0x0000275c   0x0000275c   0x00000054   Code   RO          786    .text               crtl_task.o
    0x000027b0   0x000027b0   0x00000054   Code   RO          816    .text               listen_task.o
    0x00002804   0x00002804   0x00000160   Code   RO          843    .text               start_task.o
    0x00002964   0x00002964   0x00000054   Code   RO          895    .text               host_task.o
    0x000029b8   0x000029b8   0x00000432   Code   RO          951    .text               fk_drvp_gpio_1.o
    0x00002dea   0x00002dea   0x00000024   Code   RO          988    .text               mc_w.l(memcpya.o)
    0x00002e0e   0x00002e0e   0x00000024   Code   RO          990    .text               mc_w.l(memseta.o)
    0x00002e32   0x00002e32   0x0000002c   Code   RO         1272    .text               mc_w.l(uidiv.o)
    0x00002e5e   0x00002e5e   0x00000062   Code   RO         1274    .text               mc_w.l(uldiv.o)
    0x00002ec0   0x00002ec0   0x00000000   Code   RO         1276    .text               mc_w.l(iusefp.o)
    0x00002ec0   0x00002ec0   0x0000014e   Code   RO         1277    .text               mf_w.l(dadd.o)
    0x0000300e   0x0000300e   0x000000e4   Code   RO         1279    .text               mf_w.l(dmul.o)
    0x000030f2   0x000030f2   0x000000de   Code   RO         1281    .text               mf_w.l(ddiv.o)
    0x000031d0   0x000031d0   0x00000030   Code   RO         1283    .text               mf_w.l(dfixul.o)
    0x00003200   0x00003200   0x00000030   Code   RO         1285    .text               mf_w.l(cdrcmple.o)
    0x00003230   0x00003230   0x00000024   Code   RO         1287    .text               mc_w.l(init.o)
    0x00003254   0x00003254   0x0000001e   Code   RO         1289    .text               mc_w.l(llshl.o)
    0x00003272   0x00003272   0x00000020   Code   RO         1291    .text               mc_w.l(llushr.o)
    0x00003292   0x00003292   0x00000024   Code   RO         1293    .text               mc_w.l(llsshr.o)
    0x000032b6   0x000032b6   0x000000ba   Code   RO         1295    .text               mf_w.l(depilogue.o)
    0x00003370   0x00003370   0x00000056   Code   RO         1305    .text               mc_w.l(__dczerorl2.o)
    0x000033c6   0x000033c6   0x00000002   PAD
    0x000033c8   0x000033c8   0x00000020   Code   RO         1227    i.__0printf         mc_w.l(printfa.o)
    0x000033e8   0x000033e8   0x00000034   Code   RO         1232    i.__0vsnprintf      mc_w.l(printfa.o)
    0x0000341c   0x0000341c   0x0000000e   Code   RO         1299    i.__scatterload_copy  mc_w.l(handlers.o)
    0x0000342a   0x0000342a   0x00000002   Code   RO         1300    i.__scatterload_null  mc_w.l(handlers.o)
    0x0000342c   0x0000342c   0x0000000e   Code   RO         1301    i.__scatterload_zeroinit  mc_w.l(handlers.o)
    0x0000343a   0x0000343a   0x00000002   PAD
    0x0000343c   0x0000343c   0x00000184   Code   RO         1234    i._fp_digits        mc_w.l(printfa.o)
    0x000035c0   0x000035c0   0x000006b4   Code   RO         1235    i._printf_core      mc_w.l(printfa.o)
    0x00003c74   0x00003c74   0x00000024   Code   RO         1236    i._printf_post_padding  mc_w.l(printfa.o)
    0x00003c98   0x00003c98   0x0000002e   Code   RO         1237    i._printf_pre_padding  mc_w.l(printfa.o)
    0x00003cc6   0x00003cc6   0x00000016   Code   RO         1238    i._snputc           mc_w.l(printfa.o)
    0x00003cdc   0x00003cdc   0x0000001b   Data   RO          787    .constdata          crtl_task.o
    0x00003cf7   0x00003cf7   0x0000001f   Data   RO          817    .constdata          listen_task.o
    0x00003d16   0x00003d16   0x00000029   Data   RO          845    .constdata          start_task.o
    0x00003d3f   0x00003d3f   0x0000001b   Data   RO          896    .constdata          host_task.o
    0x00003d5a   0x00003d5a   0x00000002   PAD
    0x00003d5c   0x00003d5c   0x000000fe   Data   RO          953    .conststring        fk_drvp_gpio_1.o
    0x00003e5a   0x00003e5a   0x00000002   PAD
    0x00003e5c   0x00003e5c   0x00000020   Data   RO         1297    Region$$Table       anon$$obj.o


    Execution Region RW_IRAM1 (Exec base: 0x20000000, Load base: 0x00003e7c, Size: 0x00015be0, Max: 0x00020000, ABSOLUTE, COMPRESSED[0x00000248])

    Exec Addr    Load Addr    Size         Type   Attr      Idx    E Section Name        Object

    0x20000000   COMPRESSED   0x0000003c   Data   RW          215    .data               tasks.o
    0x2000003c   COMPRESSED   0x00000004   Data   RW          270    .data               port.o
    0x20000040   COMPRESSED   0x00000018   Data   RW          300    .data               heap_4.o
    0x20000058   COMPRESSED   0x00000010   Data   RW          545    .data               swm320_flash.o
    0x20000068   COMPRESSED   0x00000008   Data   RW          750    .data               system_swm320.o
    0x20000070   COMPRESSED   0x00000004   Data   RW          788    .data               crtl_task.o
    0x20000074   COMPRESSED   0x00000004   Data   RW          818    .data               listen_task.o
    0x20000078   COMPRESSED   0x0000000c   Data   RW          846    .data               start_task.o
    0x20000084   COMPRESSED   0x00000004   Data   RW          897    .data               host_task.o
    0x20000088   COMPRESSED   0x00000838   Data   RW          954    .data               fk_drvp_gpio_1.o
    0x200008c0   COMPRESSED   0x00000004   Data   RW         1271    .data               mc_w.l(stdout.o)
    0x200008c4        -       0x000000c8   Zero   RW          214    .bss                tasks.o
    0x2000098c        -       0x00014000   Zero   RW          299    .bss                heap_4.o
    0x2001498c        -       0x00000014   Zero   RW          844    .bss                start_task.o
    0x200149a0        -       0x00000240   Zero   RW          952    .bss                fk_drvp_gpio_1.o
    0x20014be0        -       0x00001000   Zero   RW          776    STACK               startup_swm320.o


==============================================================================

Image component sizes


      Code (inc. data)   RO Data    RW Data    ZI Data      Debug   Object Name

        84         28         27          4          0        825   crtl_task.o
      1074         48        254       2104        576       6818   fk_drvp_gpio_1.o
       380          8          0         24      81920       3380   heap_4.o
        84         28         27          4          0        825   host_task.o
       136          0          0          0          0       3374   list.o
        84         28         31          4          0        841   listen_task.o
       140         20          0          0          0     118056   main.o
       342         28          0          4          0       6892   port.o
      1518          4          0          0          0      19452   queue.o
       352         58         41         12         20       2412   start_task.o
       156          4        328          0       4096       3436   startup_swm320.o
         0          0          0          0          0      22255   swm320_adc.o
       152          0          0          0          0       2165   swm320_exti.o
       120         22          0         16          0       2408   swm320_flash.o
       728         30          0          0          0       4313   swm320_gpio.o
      1068         16          0          0          0       1560   swm320_port.o
       880         10          0          0          0       6309   swm320_uart.o
       548         46          0          8          0       2254   system_swm320.o
      3552         74          0         60        200      29116   tasks.o

    ----------------------------------------------------------------------
     11402        452        744       2240      86812     236691   Object Totals
         0          0         32          0          0          0   (incl. Generated)
         4          0          4          0          0          0   (incl. Padding)

    ----------------------------------------------------------------------

      Code (inc. data)   RO Data    RW Data    ZI Data      Debug   Library Member Name

        86          0          0          0          0          0   __dczerorl2.o
         0          0          0          0          0          0   entry.o
         0          0          0          0          0          0   entry10a.o
         0          0          0          0          0          0   entry11a.o
         4          0          0          0          0          0   entry12b.o
         8          4          0          0          0          0   entry2.o
         4          0          0          0          0          0   entry5.o
         0          0          0          0          0          0   entry7b.o
         0          0          0          0          0          0   entry8b.o
         8          4          0          0          0          0   entry9a.o
        30          0          0          0          0          0   handlers.o
        36          8          0          0          0         68   init.o
         0          0          0          0          0          0   iusefp.o
        30          0          0          0          0         68   llshl.o
        36          0          0          0          0         68   llsshr.o
        32          0          0          0          0         68   llushr.o
        36          0          0          0          0         68   memcpya.o
        36          0          0          0          0        108   memseta.o
      2292         96          0          0          0        612   printfa.o
         0          0          0          4          0          0   stdout.o
        44          0          0          0          0         80   uidiv.o
        98          0          0          0          0         92   uldiv.o
        48          0          0          0          0         68   cdrcmple.o
       334          0          0          0          0        148   dadd.o
       222          0          0          0          0        100   ddiv.o
       186          0          0          0          0        176   depilogue.o
        48          0          0          0          0         68   dfixul.o
       228          0          0          0          0         96   dmul.o

    ----------------------------------------------------------------------
      3850        112          0          4          0       1888   Library Totals
         4          0          0          0          0          0   (incl. Padding)

    ----------------------------------------------------------------------

      Code (inc. data)   RO Data    RW Data    ZI Data      Debug   Library Name

      2780        112          0          4          0       1232   mc_w.l
      1066          0          0          0          0        656   mf_w.l

    ----------------------------------------------------------------------
      3850        112          0          4          0       1888   Library Totals

    ----------------------------------------------------------------------

==============================================================================


      Code (inc. data)   RO Data    RW Data    ZI Data      Debug   

     15252        564        744       2244      86812     236159   Grand Totals
     15252        564        744        584      86812     236159   ELF Image Totals (compressed)
     15252        564        744        584          0          0   ROM Totals

==============================================================================

    Total RO  Size (Code + RO Data)                15996 (  15.62kB)
    Total RW  Size (RW Data + ZI Data)             89056 (  86.97kB)
    Total ROM Size (Code + RO Data + RW Data)      16580 (  16.19kB)

==============================================================================

